Microchip MPLAB XC8 Compiler V2.36

Linker command line:

-W-3 --edf=C:\Program Files\Microchip\xc8\v2.36\pic\dat\en_msgs.txt -cn \
  -h+dist/default/production\TMR0_CONT.X.production.sym \
  --cmf=dist/default/production\TMR0_CONT.X.production.cmf -z -Q18F45K50 \
  -oC:\Users\Diego\AppData\Local\Temp\xcAsaao.4 --defsym=__MPLAB_BUILD=1 \
  -Mdist/default/production/TMR0_CONT.X.production.map \
  --md=C:\Users\Diego\AppData\Local\Temp\xcAsaao.dat -E1 -ver=XC8 Compiler \
  --acfsm=1493 -ACODE=00h-07FFFh -ACONST=00h-07FFFh \
  -ASMALLCONST=0800h-08FFhx120 -AMEDIUMCONST=0800h-07FFFh -ACOMRAM=01h-05Fh \
  -AABS1=00h-07FFh -ABIGRAM=01h-07FFh -ARAM=060h-0FFh,0100h-01FFhx7 \
  -ABANK0=060h-0FFh -ABANK1=0100h-01FFh -ABANK2=0200h-02FFh \
  -ABANK3=0300h-03FFh -ABANK4=0400h-04FFh -ABANK5=0500h-05FFh \
  -ABANK6=0600h-06FFh -ABANK7=0700h-07FFh -ASFR=0F53h-0F5Fh,0F60h-0FFFh \
  -ABIGSFR=0F53h-0FFFh -ACONFIG=0300000h-030000Dh -AIDLOC=0200000h-0200007h \
  -AEEDATA=0F00000h-0F000FFh -peeprom_data=EEDATA \
  -preset_vec=00h,intcode=08h,intcodelo,powerup,init -pramtop=0800h \
  -psmallconst=SMALLCONST -pmediumconst=MEDIUMCONST -pconst=CONST \
  -AFARRAM=00h-00h \
  -prdata=COMRAM,nvrram=COMRAM,nvbit=COMRAM,rbss=COMRAM,rbit=COMRAM \
  -pfarbss=FARRAM,fardata=FARRAM,nvFARRAM=FARRAM \
  -pintsave_regs=BIGRAM,bigbss=BIGRAM,bigdata=BIGRAM -pbss=RAM \
  -pidata=CODE,irdata=CODE,ibigdata=CODE,ifardata=CODE -prparam=COMRAM \
  C:\Users\Diego\AppData\Local\Temp\xcAsaao.o \
  dist/default/production\TMR0_CONT.X.production.o 

Object code version is 3.11

Machine type is 18F45K50



                Name                               Link     Load   Length Selector   Space Scale
C:\Users\Diego\AppData\Local\Temp\xcAsaao.o
                idloc                            200000   200000        8        0       5
                config                           300000   300000        E        0       4
                init                                 2A       2A        4        4       0
                reset_vec                             0        0        4        0       0
dist/default/production\TMR0_CONT.X.production.o
                intcode                               8        8       22        4       0
                idloc                            200000   200000        8        0       5
                config                           300000   300000        E        0       4
                temp                                 5E       5E        1        1       1
                smallconst                          800      800        E      400       0
                text26                             1678     1678        E      407       0
                text25                             15F4     15F4       24      407       0
                text24                             1652     1652       18      407       0
                text23                             1686     1686        A      407       0
                text22                             13A4     13A4       5C      407       0
                text21                             1618     1618       20      407       0
                text20                             166A     166A        E      407       0
                text19                             1268     1268       74      407       0
                text18                             12DC     12DC       66      407       0
                text17                             1560     1560       38      407       0
                text16                             14E8     14E8       40      407       0
                text15                             15CE     15CE       26      407       0
                text14                             1528     1528       38      407       0
                text13                             1452     1452       52      407       0
                text12                              D4A      D4A      156      407       0
                text11                              EA0      EA0       F0      407       0
                text10                              F90      F90       D0      407       0
                text9                              1690     1690        2      407       0
                text8                              1060     1060       CA      407       0
                text7                              14A4     14A4       44      407       0
                text6                              1598     1598       36      407       0
                text5                              112A     112A       C6      407       0
                text4                               B48      B48      202      407       0
                text3                               80E      80E      33A      407       0
                text2                              1342     1342       62      407       0
                text1                              1400     1400       52      407       0
                text0                              11F0     11F0       78      407       0
                cstackCOMRAM                          1        1       5D        1       1
                cstackBANK0                          9A       9A        F       60       1
                bssBANK0                             60       60       3A       60       1
                cinit                              1638     1638       1A      407       0

TOTAL           Name                               Link     Load   Length     Space
        CLASS   CODE           
                intcode                               8        8       22         0
                init                                 2A       2A        4         0
                reset_vec                             0        0        4         0
                text26                             1678     1678        E         0
                text25                             15F4     15F4       24         0
                text24                             1652     1652       18         0
                text23                             1686     1686        A         0
                text22                             13A4     13A4       5C         0
                text21                             1618     1618       20         0
                text20                             166A     166A        E         0
                text19                             1268     1268       74         0
                text18                             12DC     12DC       66         0
                text17                             1560     1560       38         0
                text16                             14E8     14E8       40         0
                text15                             15CE     15CE       26         0
                text14                             1528     1528       38         0
                text13                             1452     1452       52         0
                text12                              D4A      D4A      156         0
                text11                              EA0      EA0       F0         0
                text10                              F90      F90       D0         0
                text9                              1690     1690        2         0
                text8                              1060     1060       CA         0
                text7                              14A4     14A4       44         0
                text6                              1598     1598       36         0
                text5                              112A     112A       C6         0
                text4                               B48      B48      202         0
                text3                               80E      80E      33A         0
                text2                              1342     1342       62         0
                text1                              1400     1400       52         0
                text0                              11F0     11F0       78         0
                cinit                              1638     1638       1A         0

        CLASS   CONST          

        CLASS   SMALLCONST     
                smallconst                          800      800        E         0

        CLASS   MEDIUMCONST    

        CLASS   COMRAM         
                temp                                 5E       5E        1         1
                cstackCOMRAM                          1        1       5D         1

        CLASS   ABS1           

        CLASS   BIGRAM         

        CLASS   RAM            

        CLASS   BANK0          
                cstackBANK0                          9A       9A        F         1
                bssBANK0                             60       60       3A         1

        CLASS   BANK1          

        CLASS   BANK2          

        CLASS   BANK3          

        CLASS   BANK4          

        CLASS   BANK5          

        CLASS   BANK6          

        CLASS   BANK7          

        CLASS   SFR            

        CLASS   BIGSFR         

        CLASS   CONFIG         
                config                           300000   300000        E         4

        CLASS   IDLOC          
                idloc                            200000   200000        8         5

        CLASS   EEDATA         

        CLASS   FARRAM         

        CLASS   HEAP           

        CLASS   STACK          



SEGMENTS        Name                           Load    Length   Top    Selector   Space  Class

                reset_vec                      000000  000004  000004         0       0  CODE    
                cstackCOMRAM                   000001  00005E  00005F         1       1  COMRAM  
                intcode                        000008  000026  00002E         4       0  CODE    
                bssBANK0                       000060  000049  0000A9        60       1  BANK0   
                smallconst                     000800  00000E  00080E       400       0  SMALLCON
                text3                          00080E  000E84  001692       407       0  CODE    


UNUSED ADDRESS RANGES

        Name                Unused          Largest block    Delta
        BANK0            0000A9-0000FF               57
        BANK1            000100-0001FF              100
        BANK2            000200-0002FF              100
        BANK3            000300-0003FF              100
        BANK4            000400-0004FF              100
        BANK5            000500-0005FF              100
        BANK6            000600-0006FF              100
        BANK7            000700-0007FF              100
        BIGRAM           00005F-00005F                1
                         0000A9-0007FF              757
        BIGSFR           000F53-000FFF               AD
        CODE             000004-000007                4
                         00002E-0007FF              7D2
                         001692-007FFF             696E
        COMRAM           00005F-00005F                1
        CONST            000004-000007                4
                         00002E-0007FF              7D2
                         001692-007FFF             696E
        EEDATA           F00000-F000FF              100
        MEDIUMCONST      001692-007FFF             696E
        RAM              0000A9-0007FF              100
        SFR              000F53-000FFF                D
        SMALLCONST       001692-007FFF              100

                                  Symbol Table

?___lodiv                                     cstackCOMRAM 000001
?___lomod                                     cstackCOMRAM 000001
?___wmul                                      cstackCOMRAM 000001
?_atoi                                        cstackCOMRAM 000008
?_isdigit                                     cstackCOMRAM 000001
?_isspace                                     cstackCOMRAM 000001
?_pad                                         cstackCOMRAM 000011
?_sprintf                                     cstackCOMRAM 000058
?_strlen                                      cstackCOMRAM 000001
?_utoa                                        cstackCOMRAM 00001C
?_vfpfcnvrt                                   cstackCOMRAM 00003C
?_vfprintf                                    cstackCOMRAM 000050
Lcd_Cmd@a                                     cstackCOMRAM 000003
Lcd_Port@a                                    cstackCOMRAM 000001
Lcd_Set_Cursor@a                              cstackCOMRAM 000005
Lcd_Set_Cursor@b                              cstackCOMRAM 000004
Lcd_Set_Cursor@temp                           cstackCOMRAM 000008
Lcd_Set_Cursor@y                              cstackCOMRAM 000007
Lcd_Set_Cursor@z                              cstackCOMRAM 000006
Lcd_Write_Char@a                              cstackCOMRAM 000004
Lcd_Write_Char@temp                           cstackCOMRAM 000002
Lcd_Write_Char@y                              cstackCOMRAM 000003
Lcd_Write_String@a                            cstackCOMRAM 000005
Lcd_Write_String@i                            cstackCOMRAM 000007
_ANSELB                                       (abs)        000F5C
_ANSELD                                       (abs)        000F5E
_Config_Clock                                 text26       001678
_Config_Port                                  text25       0015F4
_Config_TMR0_Counter_16bits_prescaler         text24       001652
_Config_TMR0_Interrupt                        text23       001686
_INTCONbits                                   (abs)        000FF2
_ISR                                          intcode      000008
_LATB                                         (abs)        000F8A
_LATC                                         (abs)        000F8B
_LATCbits                                     (abs)        000F8B
_LATD                                         (abs)        000F8C
_LATDbits                                     (abs)        000F8C
_Lcd_Clear                                    text20       00166A
_Lcd_Cmd                                      text21       001618
_Lcd_Init                                     text19       001268
_Lcd_Port                                     text22       0013A4
_Lcd_Set_Cursor                               text18       0012DC
_Lcd_Write_Char                               text17       001560
_Lcd_Write_String                             text16       0014E8
_OSCCONbits                                   (abs)        000FD3
_SLRCON                                       (abs)        000F7A
_T0CONbits                                    (abs)        000FD5
_TMR0                                         (abs)        000FD6
_TRISB                                        (abs)        000F93
_TRISCbits                                    (abs)        000F94
_TRISD                                        (abs)        000F95
__HRAM                                        (abs)        000000
__Habs1                                       abs1         000000
__Hbank0                                      bank0        000000
__Hbank1                                      bank1        000000
__Hbank2                                      bank2        000000
__Hbank3                                      bank3        000000
__Hbank4                                      bank4        000000
__Hbank5                                      bank5        000000
__Hbank6                                      bank6        000000
__Hbank7                                      bank7        000000
__Hbigbss                                     bigbss       000000
__Hbigdata                                    bigdata      000000
__Hbigram                                     bigram       000000
__Hbigsfr                                     bigsfr       000000
__Hbss                                        bss          000000
__HbssBANK0                                   bssBANK0     000000
__Hcinit                                      cinit        000000
__Hclrtext                                    clrtext      000000
__Hcomram                                     comram       000000
__Hconfig                                     config       30000E
__Hconst                                      const        000000
__HcstackBANK0                                cstackBANK0  000000
__HcstackCOMRAM                               cstackCOMRAM 000000
__Hdata                                       data         000000
__Heeprom_data                                eeprom_data  000000
__Hfarbss                                     farbss       000000
__Hfardata                                    fardata      000000
__Hheap                                       heap         000000
__Hibigdata                                   ibigdata     000000
__Hidata                                      idata        000000
__Hidloc                                      idloc        200008
__Hifardata                                   ifardata     000000
__Hinit                                       init         00002E
__Hintcode                                    intcode      00002A
__Hintcode_body                               intcode_body 000000
__Hintcodelo                                  intcodelo    00002A
__Hintentry                                   intentry     000000
__Hintret                                     intret       000000
__Hintsave_regs                               intsave_regs 000000
__Hirdata                                     irdata       000000
__Hmediumconst                                mediumconst  000000
__HnvFARRAM                                   nvFARRAM     000000
__Hnvbit                                      nvbit        000000
__Hnvrram                                     nvrram       000000
__Hparam                                      rparam       000000
__Hpowerup                                    powerup      00002A
__Hram                                        ram          000000
__Hramtop                                     ramtop       000800
__Hrbit                                       rbit         000000
__Hrbss                                       rbss         000000
__Hrdata                                      rdata        000000
__Hreset_vec                                  reset_vec    000004
__Hrparam                                     rparam       000000
__Hsfr                                        sfr          000000
__Hsmallconst                                 smallconst   00080E
__Hspace_0                                    (abs)        001692
__Hspace_1                                    (abs)        0000A9
__Hspace_2                                    (abs)        000000
__Hspace_4                                    (abs)        60000E
__Hstack                                      stack        000000
__Hstruct                                     struct       000000
__Htemp                                       temp         00005F
__Htext                                       text         000000
__Htext0                                      text0        000000
__Htext1                                      text1        000000
__Htext10                                     text10       000000
__Htext11                                     text11       000000
__Htext12                                     text12       000000
__Htext13                                     text13       000000
__Htext14                                     text14       000000
__Htext15                                     text15       000000
__Htext16                                     text16       000000
__Htext17                                     text17       000000
__Htext18                                     text18       000000
__Htext19                                     text19       000000
__Htext2                                      text2        000000
__Htext20                                     text20       000000
__Htext21                                     text21       000000
__Htext22                                     text22       000000
__Htext23                                     text23       000000
__Htext24                                     text24       000000
__Htext25                                     text25       000000
__Htext26                                     text26       000000
__Htext3                                      text3        000000
__Htext4                                      text4        000000
__Htext5                                      text5        000000
__Htext6                                      text6        000000
__Htext7                                      text7        000000
__Htext8                                      text8        000000
__Htext9                                      text9        000000
__LRAM                                        (abs)        000001
__Labs1                                       abs1         000000
__Lbank0                                      bank0        000000
__Lbank1                                      bank1        000000
__Lbank2                                      bank2        000000
__Lbank3                                      bank3        000000
__Lbank4                                      bank4        000000
__Lbank5                                      bank5        000000
__Lbank6                                      bank6        000000
__Lbank7                                      bank7        000000
__Lbigbss                                     bigbss       000000
__Lbigdata                                    bigdata      000000
__Lbigram                                     bigram       000000
__Lbigsfr                                     bigsfr       000000
__Lbss                                        bss          000000
__LbssBANK0                                   bssBANK0     000000
__Lcinit                                      cinit        000000
__Lclrtext                                    clrtext      000000
__Lcomram                                     comram       000000
__Lconfig                                     config       000000
__Lconst                                      const        000000
__LcstackBANK0                                cstackBANK0  000000
__LcstackCOMRAM                               cstackCOMRAM 000000
__Ldata                                       data         000000
__Leeprom_data                                eeprom_data  000000
__Lfarbss                                     farbss       000000
__Lfardata                                    fardata      000000
__Lheap                                       heap         000000
__Libigdata                                   ibigdata     000000
__Lidata                                      idata        000000
__Lidloc                                      idloc        000000
__Lifardata                                   ifardata     000000
__Linit                                       init         00002A
__Lintcode                                    intcode      000008
__Lintcode_body                               intcode_body 000000
__Lintcodelo                                  intcodelo    00002A
__Lintentry                                   intentry     000000
__Lintret                                     intret       000000
__Lintsave_regs                               intsave_regs 000000
__Lirdata                                     irdata       000000
__Lmediumconst                                mediumconst  000000
__LnvFARRAM                                   nvFARRAM     000000
__Lnvbit                                      nvbit        000000
__Lnvrram                                     nvrram       000000
__Lparam                                      rparam       000000
__Lpowerup                                    powerup      00002A
__Lram                                        ram          000000
__Lramtop                                     ramtop       000800
__Lrbit                                       rbit         000000
__Lrbss                                       rbss         000000
__Lrdata                                      rdata        000000
__Lreset_vec                                  reset_vec    000000
__Lrparam                                     rparam       000000
__Lsfr                                        sfr          000000
__Lsmallconst                                 smallconst   000800
__Lspace_0                                    (abs)        000000
__Lspace_1                                    (abs)        000000
__Lspace_2                                    (abs)        000000
__Lspace_4                                    (abs)        000000
__Lstack                                      stack        000000
__Lstruct                                     struct       000000
__Ltemp                                       temp         00005E
__Ltext                                       text         000000
__Ltext0                                      text0        000000
__Ltext1                                      text1        000000
__Ltext10                                     text10       000000
__Ltext11                                     text11       000000
__Ltext12                                     text12       000000
__Ltext13                                     text13       000000
__Ltext14                                     text14       000000
__Ltext15                                     text15       000000
__Ltext16                                     text16       000000
__Ltext17                                     text17       000000
__Ltext18                                     text18       000000
__Ltext19                                     text19       000000
__Ltext2                                      text2        000000
__Ltext20                                     text20       000000
__Ltext21                                     text21       000000
__Ltext22                                     text22       000000
__Ltext23                                     text23       000000
__Ltext24                                     text24       000000
__Ltext25                                     text25       000000
__Ltext26                                     text26       000000
__Ltext3                                      text3        000000
__Ltext4                                      text4        000000
__Ltext5                                      text5        000000
__Ltext6                                      text6        000000
__Ltext7                                      text7        000000
__Ltext8                                      text8        000000
__Ltext9                                      text9        000000
__S0                                          (abs)        001692
__S1                                          (abs)        0000A9
__S4                                          (abs)        000000
__S5                                          (abs)        000000
___heap_hi                                    (abs)        000000
___heap_lo                                    (abs)        000000
___inthi_sp                                   stack        000000
___intlo_sp                                   stack        000000
___lodiv                                      text11       000EA0
___lodiv@counter                              cstackCOMRAM 000019
___lodiv@dividend                             cstackCOMRAM 000001
___lodiv@divisor                              cstackCOMRAM 000009
___lodiv@quotient                             cstackCOMRAM 000011
___lomod                                      text10       000F90
___lomod@counter                              cstackCOMRAM 000011
___lomod@dividend                             cstackCOMRAM 000001
___lomod@divisor                              cstackCOMRAM 000009
___param_bank                                 (abs)        000000
___rparam_used                                (abs)        000001
___sp                                         stack        000000
___wmul                                       text15       0015CE
___wmul@multiplicand                          cstackCOMRAM 000003
___wmul@multiplier                            cstackCOMRAM 000001
___wmul@product                               cstackCOMRAM 000005
__accesstop                                   (abs)        000060
__activetblptr                                (abs)        000002
__end_of_Config_Clock                         text26       001686
__end_of_Config_Port                          text25       001618
__end_of_Config_TMR0_Counter_16bits_prescaler text24       00166A
__end_of_Config_TMR0_Interrupt                text23       001690
__end_of_ISR                                  intcode      00002A
__end_of_Lcd_Clear                            text20       001678
__end_of_Lcd_Cmd                              text21       001638
__end_of_Lcd_Init                             text19       0012DC
__end_of_Lcd_Port                             text22       001400
__end_of_Lcd_Set_Cursor                       text18       001342
__end_of_Lcd_Write_Char                       text17       001598
__end_of_Lcd_Write_String                     text16       001528
__end_of___lodiv                              text11       000F90
__end_of___lomod                              text10       001060
__end_of___wmul                               text15       0015F4
__end_of__initialization                      cinit        001644
__end_of_atoi                                 text12       000EA0
__end_of_fputc                                text8        00112A
__end_of_fputs                                text7        0014E8
__end_of_isdigit                              text14       001560
__end_of_isspace                              text13       0014A4
__end_of_main                                 text0        001268
__end_of_pad                                  text5        0011F0
__end_of_putch                                text9        001692
__end_of_sprintf                              text1        001452
__end_of_strlen                               text6        0015CE
__end_of_utoa                                 text4        000D4A
__end_of_vfpfcnvrt                            text3        000B48
__end_of_vfprintf                             text2        0013A4
__initialization                              cinit        001638
__mediumconst                                 mediumconst  000000
__pbssBANK0                                   bssBANK0     000060
__pcinit                                      cinit        001638
__pcstackBANK0                                cstackBANK0  00009A
__pcstackCOMRAM                               cstackCOMRAM 000001
__pintcode                                    intcode      000008
__psmallconst                                 smallconst   000800
__ptext0                                      text0        0011F0
__ptext1                                      text1        001400
__ptext10                                     text10       000F90
__ptext11                                     text11       000EA0
__ptext12                                     text12       000D4A
__ptext13                                     text13       001452
__ptext14                                     text14       001528
__ptext15                                     text15       0015CE
__ptext16                                     text16       0014E8
__ptext17                                     text17       001560
__ptext18                                     text18       0012DC
__ptext19                                     text19       001268
__ptext2                                      text2        001342
__ptext20                                     text20       00166A
__ptext21                                     text21       001618
__ptext22                                     text22       0013A4
__ptext23                                     text23       001686
__ptext24                                     text24       001652
__ptext25                                     text25       0015F4
__ptext26                                     text26       001678
__ptext3                                      text3        00080E
__ptext4                                      text4        000B48
__ptext5                                      text5        00112A
__ptext6                                      text6        001598
__ptext7                                      text7        0014A4
__ptext8                                      text8        001060
__ptext9                                      text9        001690
__ramtop                                      ramtop       000800
__smallconst                                  smallconst   000800
_atoi                                         text12       000D4A
_contador                                     bssBANK0     000068
_dbuf                                         bssBANK0     00006A
_flags                                        bssBANK0     000066
_fputc                                        text8        001060
_fputs                                        text7        0014A4
_isdigit                                      text14       001528
_isspace                                      text13       001452
_isspace$968                                  cstackCOMRAM 000007
_main                                         text0        0011F0
_nout                                         bssBANK0     000060
_pad                                          text5        00112A
_prec                                         bssBANK0     000064
_putch                                        text9        001690
_sprintf                                      text1        001400
_str_contador                                 bssBANK0     00008A
_strlen                                       text6        001598
_utoa                                         text4        000B48
_vfpfcnvrt                                    text3        00080E
_vfprintf                                     text2        001342
_width                                        bssBANK0     000062
atoi@n                                        cstackCOMRAM 000010
atoi@neg                                      cstackCOMRAM 00000E
atoi@s                                        cstackCOMRAM 000008
btemp                                         temp         00005E
end_of_initialization                         cinit        001644
fputc@c                                       cstackCOMRAM 000001
fputc@fp                                      cstackCOMRAM 000003
fputs@c                                       cstackCOMRAM 00000E
fputs@fp                                      cstackCOMRAM 00000C
fputs@i                                       cstackCOMRAM 00000F
fputs@s                                       cstackCOMRAM 00000A
int$flags                                     temp         00005E
intlevel0                                     text         000000
intlevel1                                     text         000000
intlevel2                                     text         000000
intlevel3                                     text         000000
isa$std                                       (abs)        000001
isa$xinst                                     (abs)        000000
isdigit@c                                     cstackCOMRAM 000001
isspace@c                                     cstackCOMRAM 000001
pad@buf                                       cstackCOMRAM 000013
pad@fp                                        cstackCOMRAM 000011
pad@i                                         cstackCOMRAM 000018
pad@p                                         cstackCOMRAM 000015
pad@w                                         cstackCOMRAM 00001A
sprintf@ap                                    cstackBANK0  00009A
sprintf@f                                     cstackBANK0  00009C
sprintf@fmt                                   cstackCOMRAM 00005A
sprintf@s                                     cstackCOMRAM 000058
stackhi                                       (abs)        000000
stacklo                                       (abs)        000000
start                                         init         00002A
start_initialization                          cinit        001638
strlen@a                                      cstackCOMRAM 000003
strlen@s                                      cstackCOMRAM 000001
ttemp5                                        temp         00005F
ttemp6                                        temp         000062
ttemp7                                        temp         000066
utoa@d                                        cstackCOMRAM 00001E
utoa@fp                                       cstackCOMRAM 00001C
utoa@i                                        cstackCOMRAM 00003A
utoa@n                                        cstackCOMRAM 000032
utoa@p                                        cstackCOMRAM 00002E
utoa@w                                        cstackCOMRAM 000030
vfpfcnvrt@ap                                  cstackCOMRAM 000040
vfpfcnvrt@done                                cstackCOMRAM 00004E
vfpfcnvrt@fmt                                 cstackCOMRAM 00003E
vfpfcnvrt@fp                                  cstackCOMRAM 00003C
vfpfcnvrt@llu                                 cstackCOMRAM 000046
vfprintf@ap                                   cstackCOMRAM 000054
vfprintf@cfmt                                 cstackCOMRAM 000056
vfprintf@fmt                                  cstackCOMRAM 000052
vfprintf@fp                                   cstackCOMRAM 000050
wtemp8                                        temp         00005F


MODULE INFORMATION

Module		Function		Class		Link	Load	Size
C:\Program Files\Microchip\xc8\v2.36\pic\sources\c99\common\putch.c
		_putch         		CODE           	1690	0000	2

C:\Program Files\Microchip\xc8\v2.36\pic\sources\c99\common\putch.c estimated size: 2

C:\Program Files\Microchip\xc8\v2.36\pic\sources\c99\common\lomod.c
		___lomod       		CODE           	0F90	0000	208

C:\Program Files\Microchip\xc8\v2.36\pic\sources\c99\common\lomod.c estimated size: 208

C:\Program Files\Microchip\xc8\v2.36\pic\sources\c99\common\nf_fputs.c
		_fputs         		CODE           	14A4	0000	68

C:\Program Files\Microchip\xc8\v2.36\pic\sources\c99\common\nf_fputs.c estimated size: 68

C:\Program Files\Microchip\xc8\v2.36\pic\sources\c99\common\atoi.c
		_atoi          		CODE           	0D4A	0000	342

C:\Program Files\Microchip\xc8\v2.36\pic\sources\c99\common\atoi.c estimated size: 342

C:\Program Files\Microchip\xc8\v2.36\pic\sources\c99\common\nf_sprintf.c
		_sprintf       		CODE           	1400	0000	82

C:\Program Files\Microchip\xc8\v2.36\pic\sources\c99\common\nf_sprintf.c estimated size: 82

C:\Program Files\Microchip\xc8\v2.36\pic\sources\c99\common\isspace.c
		_isspace       		CODE           	1452	0000	82

C:\Program Files\Microchip\xc8\v2.36\pic\sources\c99\common\isspace.c estimated size: 82

C:\Program Files\Microchip\xc8\v2.36\pic\sources\c99\common\strlen.c
		_strlen        		CODE           	1598	0000	54

C:\Program Files\Microchip\xc8\v2.36\pic\sources\c99\common\strlen.c estimated size: 54

C:\Program Files\Microchip\xc8\v2.36\pic\sources\c99\common\lodiv.c
		___lodiv       		CODE           	0EA0	0000	240

C:\Program Files\Microchip\xc8\v2.36\pic\sources\c99\common\lodiv.c estimated size: 240

C:\Program Files\Microchip\xc8\v2.36\pic\sources\c99\common\nf_fputc.c
		_fputc         		CODE           	1060	0000	202

C:\Program Files\Microchip\xc8\v2.36\pic\sources\c99\common\nf_fputc.c estimated size: 202

C:\Program Files\Microchip\xc8\v2.36\pic\sources\c99\common\isdigit.c
		_isdigit       		CODE           	1528	0000	56

C:\Program Files\Microchip\xc8\v2.36\pic\sources\c99\common\isdigit.c estimated size: 56

C:\Program Files\Microchip\xc8\v2.36\pic\sources\c99\common\doprnt.c
		_vfpfcnvrt     		CODE           	080E	0000	826
		_pad           		CODE           	112A	0000	198
		_vfprintf      		CODE           	1342	0000	98
		_utoa          		CODE           	0B48	0000	514

C:\Program Files\Microchip\xc8\v2.36\pic\sources\c99\common\doprnt.c estimated size: 1636

shared
		__initialization		CODE           	1638	0000	12

shared estimated size: 12

lcd.c
		_Lcd_Write_String		CODE           	14E8	0000	64
		_Lcd_Init      		CODE           	1268	0000	116
		_Lcd_Write_Char		CODE           	1560	0000	56
		_Lcd_Cmd       		CODE           	1618	0000	32
		_Lcd_Set_Cursor		CODE           	12DC	0000	102
		_Lcd_Clear     		CODE           	166A	0000	14
		_Lcd_Port      		CODE           	13A4	0000	92

lcd.c estimated size: 476

main.c
		_ISR           		CODE           	0008	0000	34
		_Config_TMR0_Counter_16bits_prescaler		CODE           	1652	0000	24
		_main          		CODE           	11F0	0000	120
		_Config_Port   		CODE           	15F4	0000	36
		_Config_Clock  		CODE           	1678	0000	14
		_Config_TMR0_Interrupt		CODE           	1686	0000	10

main.c estimated size: 238

C:\Program Files\Microchip\xc8\v2.36\pic\sources\c99\common\Umul16.c
		___wmul        		CODE           	15CE	0000	38

C:\Program Files\Microchip\xc8\v2.36\pic\sources\c99\common\Umul16.c estimated size: 38

