Microchip MPLAB XC8 Compiler V2.40

Linker command line:

-W-3 \
  --edf=C:\Program Files\Microchip\xc8\v2.40\pic\dat\20220703182018_en.msgs \
  -cn -h+dist/default/production\SENSORES_TEMP.X.production.sym \
  --cmf=dist/default/production\SENSORES_TEMP.X.production.cmf -z \
  -Q18F45K50 -oC:\Users\dg_su\AppData\Local\Temp\xcAsfj0.4 \
  --defsym=__MPLAB_BUILD=1 --fixupoverflow=error \
  -Mdist/default/production/SENSORES_TEMP.X.production.map \
  --md=C:\Users\dg_su\AppData\Local\Temp\xcAsfj0.dat -E1 -ver=XC8 Compiler \
  --acfsm=1493 -ACODE=00h-07FFFh -ACONST=00h-07FFFh \
  -ASMALLCONST=0800h-08FFhx120 -AMEDIUMCONST=0800h-07FFFh -ACOMRAM=01h-05Fh \
  -AABS1=00h-07FFh -ABIGRAM=01h-07FFh -ARAM=060h-0FFh,0100h-01FFhx7 \
  -ABANK0=060h-0FFh -ABANK1=0100h-01FFh -ABANK2=0200h-02FFh \
  -ABANK3=0300h-03FFh -ABANK4=0400h-04FFh -ABANK5=0500h-05FFh \
  -ABANK6=0600h-06FFh -ABANK7=0700h-07FFh -ASFR=0F53h-0F5Fh,0F60h-0FFFh \
  -ABIGSFR=0F53h-0FFFh -ACONFIG=0300000h-030000Dh -AIDLOC=0200000h-0200007h \
  -AEEDATA=0F00000h-0F000FFh -peeprom_data=EEDATA \
  -preset_vec=00h,intcode,intcodelo,powerup,init -pramtop=0800h \
  -psmallconst=SMALLCONST -pmediumconst=MEDIUMCONST -pconst=CONST \
  -AFARRAM=00h-00h \
  -prdata=COMRAM,nvrram=COMRAM,nvbit=COMRAM,rbss=COMRAM,rbit=COMRAM \
  -pfarbss=FARRAM,fardata=FARRAM,nvFARRAM=FARRAM \
  -pintsave_regs=BIGRAM,bigbss=BIGRAM,bigdata=BIGRAM -pbss=RAM \
  -pidata=CODE,irdata=CODE,ibigdata=CODE,ifardata=CODE -prparam=COMRAM \
  C:\Users\dg_su\AppData\Local\Temp\xcAsfj0.o \
  dist/default/production\SENSORES_TEMP.X.production.o 

Object code version is 3.11

Machine type is 18F45K50



                Name                               Link     Load   Length Selector   Space Scale
C:\Users\dg_su\AppData\Local\Temp\xcAsfj0.o
                idloc                            200000   200000        8        0       5
                config                           300000   300000        E        0       4
                init                                  0        0        4        0       0
dist/default/production\SENSORES_TEMP.X.production.o
                idloc                            200000   200000        8        0       5
                config                           300000   300000        E        0       4
                smallconst                          800      800       24      400       0
                text37                             3346     3346       1E      412       0
                text36                             325A     325A       38      412       0
                text35                             3372     3372        E      412       0
                text34                             3326     3326       20      412       0
                text33                             2F4E     2F4E       5C      412       0
                text32                             3306     3306       20      412       0
                text31                             3364     3364        E      412       0
                text30                             2E0E     2E0E       74      412       0
                text29                             2EE8     2EE8       66      412       0
                text28                             3222     3222       38      412       0
                text27                             31AA     31AA       40      412       0
                text26                             261A     261A      1B4      412       0
                text25                             32BE     32BE       26      412       0
                text24                             3292     3292       2C      412       0
                text23                             30E0     30E0       46      412       0
                text22                             27CE     27CE      14A      412       0
                text21                             1B08     1B08      39A      412       0
                text20                             2CEA     2CEA       AA      412       0
                text19                             2A1E     2A1E      104      412       0
                text18                             16DE     16DE      42A      412       0
                text17                             31EA     31EA       38      412       0
                text16                             121E     121E      4C0      412       0
                text15                             309A     309A       46      412       0
                text14                             2918     2918      106      412       0
                text13                             2B22     2B22       FE      412       0
                text12                             2408     2408      212      412       0
                text11                             2E82     2E82       66      412       0
                text10                             2FFC     2FFC       50      412       0
                text9                              3380     3380        2      412       0
                text8                              2C20     2C20       CA      412       0
                text7                              3126     3126       44      412       0
                text6                              2D94     2D94       7A      412       0
                text5                              316A     316A       40      412       0
                text4                               824      824      9FA      412       0
                text3                              1EA2     1EA2      318      412       0
                text2                              304C     304C       4E      412       0
                text1                              2FAA     2FAA       52      412       0
                text0                              21BA     21BA      24E      412       0
                cstackCOMRAM                          1        1       5F        1       1
                cstackBANK0                          60       60       50       60       1
                bssBANK1                            100      100       50      100       1
                bssBANK0                             B0       B0       2D       60       1
                cinit                              32E4     32E4       22      412       0

TOTAL           Name                               Link     Load   Length     Space
        CLASS   CODE           
                init                                  0        0        4         0
                text37                             3346     3346       1E         0
                text36                             325A     325A       38         0
                text35                             3372     3372        E         0
                text34                             3326     3326       20         0
                text33                             2F4E     2F4E       5C         0
                text32                             3306     3306       20         0
                text31                             3364     3364        E         0
                text30                             2E0E     2E0E       74         0
                text29                             2EE8     2EE8       66         0
                text28                             3222     3222       38         0
                text27                             31AA     31AA       40         0
                text26                             261A     261A      1B4         0
                text25                             32BE     32BE       26         0
                text24                             3292     3292       2C         0
                text23                             30E0     30E0       46         0
                text22                             27CE     27CE      14A         0
                text21                             1B08     1B08      39A         0
                text20                             2CEA     2CEA       AA         0
                text19                             2A1E     2A1E      104         0
                text18                             16DE     16DE      42A         0
                text17                             31EA     31EA       38         0
                text16                             121E     121E      4C0         0
                text15                             309A     309A       46         0
                text14                             2918     2918      106         0
                text13                             2B22     2B22       FE         0
                text12                             2408     2408      212         0
                text11                             2E82     2E82       66         0
                text10                             2FFC     2FFC       50         0
                text9                              3380     3380        2         0
                text8                              2C20     2C20       CA         0
                text7                              3126     3126       44         0
                text6                              2D94     2D94       7A         0
                text5                              316A     316A       40         0
                text4                               824      824      9FA         0
                text3                              1EA2     1EA2      318         0
                text2                              304C     304C       4E         0
                text1                              2FAA     2FAA       52         0
                text0                              21BA     21BA      24E         0
                cinit                              32E4     32E4       22         0

        CLASS   CONST          

        CLASS   SMALLCONST     
                smallconst                          800      800       24         0

        CLASS   MEDIUMCONST    

        CLASS   COMRAM         
                cstackCOMRAM                          1        1       5F         1

        CLASS   ABS1           

        CLASS   BIGRAM         

        CLASS   RAM            

        CLASS   BANK0          
                cstackBANK0                          60       60       50         1
                bssBANK0                             B0       B0       2D         1

        CLASS   BANK1          
                bssBANK1                            100      100       50         1

        CLASS   BANK2          

        CLASS   BANK3          

        CLASS   BANK4          

        CLASS   BANK5          

        CLASS   BANK6          

        CLASS   BANK7          

        CLASS   SFR            

        CLASS   BIGSFR         

        CLASS   CONFIG         
                config                           300000   300000        E         4

        CLASS   IDLOC          
                idloc                            200000   200000        8         5

        CLASS   EEDATA         

        CLASS   FARRAM         

        CLASS   HEAP           

        CLASS   STACK          



SEGMENTS        Name                           Load    Length   Top    Selector   Space  Class

                reset_vec                      000000  000004  000004         0       0  CODE    
                cstackCOMRAM                   000001  00005F  000060         1       1  COMRAM  
                cstackBANK0                    000060  00007D  0000DD        60       1  BANK0   
                bssBANK1                       000100  000050  000150       100       1  BANK1   
                smallconst                     000800  000024  000824       400       0  SMALLCON
                text4                          000824  002B5E  003382       412       0  CODE    


UNUSED ADDRESS RANGES

        Name                Unused          Largest block    Delta
        BANK0            0000DD-0000FF               23
        BANK1            000150-0001FF               B0
        BANK2            000200-0002FF              100
        BANK3            000300-0003FF              100
        BANK4            000400-0004FF              100
        BANK5            000500-0005FF              100
        BANK6            000600-0006FF              100
        BANK7            000700-0007FF              100
        BIGRAM           0000DD-0000FF               23
                         000150-0007FF              6B0
        BIGSFR           000F53-000FFF               AD
        CODE             000004-0007FF              7FC
                         003382-007FFF             4C7E
        CONST            000004-0007FF              7FC
                         003382-007FFF             4C7E
        EEDATA           F00000-F000FF              100
        MEDIUMCONST      003382-007FFF             4C7E
        RAM              0000DD-0000FF               23
                         000150-0007FF              100
        SFR              000F53-000FFF                D
        SMALLCONST       003382-007FFF              100

                                  Symbol Table

?_ADC_Read                cstackCOMRAM 000001
?___fladd                 cstackCOMRAM 00002D
?___fldiv                 cstackCOMRAM 000001
?___flmul                 cstackCOMRAM 000014
?___flneg                 cstackCOMRAM 000001
?___flsub                 cstackCOMRAM 00003D
?___fltol                 cstackCOMRAM 000001
?___fpclassifyf           cstackCOMRAM 000001
?___wmul                  cstackCOMRAM 000001
?___xxtofl                cstackCOMRAM 000006
?_atoi                    cstackCOMRAM 000007
?_floorf                  cstackCOMRAM 00001A
?_isdigit                 cstackCOMRAM 000001
?_isspace                 cstackCOMRAM 000001
?_labs                    cstackCOMRAM 000001
?_sprintf                 cstackBANK0  000097
?_vfprintf                cstackCOMRAM 000057
ADC_Read@channel          cstackCOMRAM 000005
Lcd_Cmd@a                 cstackCOMRAM 000003
Lcd_Port@a                cstackCOMRAM 000001
Lcd_Set_Cursor@a          cstackCOMRAM 000005
Lcd_Set_Cursor@b          cstackCOMRAM 000004
Lcd_Set_Cursor@temp       cstackCOMRAM 000008
Lcd_Set_Cursor@y          cstackCOMRAM 000007
Lcd_Set_Cursor@z          cstackCOMRAM 000006
Lcd_Write_Char@a          cstackCOMRAM 000004
Lcd_Write_Char@temp       cstackCOMRAM 000002
Lcd_Write_Char@y          cstackCOMRAM 000003
Lcd_Write_String@a        cstackCOMRAM 000005
Lcd_Write_String@i        cstackCOMRAM 000007
_ADCON0bits               (abs)        000FC2
_ADCON1bits               (abs)        000FC1
_ADCON2bits               (abs)        000FC0
_ADC_Init                 text37       003346
_ADC_Read                 text36       00325A
_ADRESH                   (abs)        000FC4
_ADRESL                   (abs)        000FC3
_ANSELBbits               (abs)        000F5C
_ANSELD                   (abs)        000F5E
_Config_Clock             text35       003372
_Config_Port              text34       003326
_LATD                     (abs)        000F8C
_LATDbits                 (abs)        000F8C
_LDR                      bssBANK0     0000B8
_LM35                     bssBANK0     0000C0
_Lcd_Clear                text31       003364
_Lcd_Cmd                  text32       003306
_Lcd_Init                 text30       002E0E
_Lcd_Port                 text33       002F4E
_Lcd_Set_Cursor           text29       002EE8
_Lcd_Write_Char           text28       003222
_Lcd_Write_String         text27       0031AA
_MCP9700A                 bssBANK0     0000BC
_OSCCONbits               (abs)        000FD3
_SLRCON                   (abs)        000F7A
_TRISBbits                (abs)        000F93
_TRISD                    (abs)        000F95
__HRAM                    (abs)        000000
__Habs1                   abs1         000000
__Hbank0                  bank0        000000
__Hbank1                  bank1        000000
__Hbank2                  bank2        000000
__Hbank3                  bank3        000000
__Hbank4                  bank4        000000
__Hbank5                  bank5        000000
__Hbank6                  bank6        000000
__Hbank7                  bank7        000000
__Hbigbss                 bigbss       000000
__Hbigdata                bigdata      000000
__Hbigram                 bigram       000000
__Hbigsfr                 bigsfr       000000
__Hbss                    bss          000000
__HbssBANK0               bssBANK0     000000
__HbssBANK1               bssBANK1     000000
__Hcinit                  cinit        000000
__Hclrtext                clrtext      000000
__Hcomram                 comram       000000
__Hconfig                 config       30000E
__Hconst                  const        000000
__HcstackBANK0            cstackBANK0  000000
__HcstackCOMRAM           cstackCOMRAM 000000
__Hdata                   data         000000
__Heeprom_data            eeprom_data  000000
__Hfarbss                 farbss       000000
__Hfardata                fardata      000000
__Hheap                   heap         000000
__Hibigdata               ibigdata     000000
__Hidata                  idata        000000
__Hidloc                  idloc        200008
__Hifardata               ifardata     000000
__Hinit                   init         000004
__Hintcode                intcode      000000
__Hintcode_body           intcode_body 000000
__Hintcodelo              intcodelo    000000
__Hintentry               intentry     000000
__Hintret                 intret       000000
__Hintsave_regs           intsave_regs 000000
__Hirdata                 irdata       000000
__Hmediumconst            mediumconst  000000
__HnvFARRAM               nvFARRAM     000000
__Hnvbit                  nvbit        000000
__Hnvrram                 nvrram       000000
__Hparam                  rparam       000000
__Hpowerup                powerup      000000
__Hram                    ram          000000
__Hramtop                 ramtop       000800
__Hrbit                   rbit         000000
__Hrbss                   rbss         000000
__Hrdata                  rdata        000000
__Hreset_vec              reset_vec    000000
__Hrparam                 rparam       000000
__Hsfr                    sfr          000000
__Hsmallconst             smallconst   000824
__Hspace_0                (abs)        003382
__Hspace_1                (abs)        000150
__Hspace_2                (abs)        000000
__Hspace_4                (abs)        60000E
__Hstack                  stack        000000
__Hstruct                 struct       000000
__Htemp                   temp         000000
__Htext                   text         000000
__Htext0                  text0        000000
__Htext1                  text1        000000
__Htext10                 text10       000000
__Htext11                 text11       000000
__Htext12                 text12       000000
__Htext13                 text13       000000
__Htext14                 text14       000000
__Htext15                 text15       000000
__Htext16                 text16       000000
__Htext17                 text17       000000
__Htext18                 text18       000000
__Htext19                 text19       000000
__Htext2                  text2        000000
__Htext20                 text20       000000
__Htext21                 text21       000000
__Htext22                 text22       000000
__Htext23                 text23       000000
__Htext24                 text24       000000
__Htext25                 text25       000000
__Htext26                 text26       000000
__Htext27                 text27       000000
__Htext28                 text28       000000
__Htext29                 text29       000000
__Htext3                  text3        000000
__Htext30                 text30       000000
__Htext31                 text31       000000
__Htext32                 text32       000000
__Htext33                 text33       000000
__Htext34                 text34       000000
__Htext35                 text35       000000
__Htext36                 text36       000000
__Htext37                 text37       000000
__Htext4                  text4        000000
__Htext5                  text5        000000
__Htext6                  text6        000000
__Htext7                  text7        000000
__Htext8                  text8        000000
__Htext9                  text9        000000
__LRAM                    (abs)        000001
__Labs1                   abs1         000000
__Lbank0                  bank0        000000
__Lbank1                  bank1        000000
__Lbank2                  bank2        000000
__Lbank3                  bank3        000000
__Lbank4                  bank4        000000
__Lbank5                  bank5        000000
__Lbank6                  bank6        000000
__Lbank7                  bank7        000000
__Lbigbss                 bigbss       000000
__Lbigdata                bigdata      000000
__Lbigram                 bigram       000000
__Lbigsfr                 bigsfr       000000
__Lbss                    bss          000000
__LbssBANK0               bssBANK0     000000
__LbssBANK1               bssBANK1     000000
__Lcinit                  cinit        000000
__Lclrtext                clrtext      000000
__Lcomram                 comram       000000
__Lconfig                 config       000000
__Lconst                  const        000000
__LcstackBANK0            cstackBANK0  000000
__LcstackCOMRAM           cstackCOMRAM 000000
__Ldata                   data         000000
__Leeprom_data            eeprom_data  000000
__Lfarbss                 farbss       000000
__Lfardata                fardata      000000
__Lheap                   heap         000000
__Libigdata               ibigdata     000000
__Lidata                  idata        000000
__Lidloc                  idloc        000000
__Lifardata               ifardata     000000
__Linit                   init         000000
__Lintcode                intcode      000000
__Lintcode_body           intcode_body 000000
__Lintcodelo              intcodelo    000000
__Lintentry               intentry     000000
__Lintret                 intret       000000
__Lintsave_regs           intsave_regs 000000
__Lirdata                 irdata       000000
__Lmediumconst            mediumconst  000000
__LnvFARRAM               nvFARRAM     000000
__Lnvbit                  nvbit        000000
__Lnvrram                 nvrram       000000
__Lparam                  rparam       000000
__Lpowerup                powerup      000000
__Lram                    ram          000000
__Lramtop                 ramtop       000800
__Lrbit                   rbit         000000
__Lrbss                   rbss         000000
__Lrdata                  rdata        000000
__Lreset_vec              reset_vec    000000
__Lrparam                 rparam       000000
__Lsfr                    sfr          000000
__Lsmallconst             smallconst   000800
__Lspace_0                (abs)        000000
__Lspace_1                (abs)        000000
__Lspace_2                (abs)        000000
__Lspace_4                (abs)        000000
__Lstack                  stack        000000
__Lstruct                 struct       000000
__Ltemp                   temp         000000
__Ltext                   text         000000
__Ltext0                  text0        000000
__Ltext1                  text1        000000
__Ltext10                 text10       000000
__Ltext11                 text11       000000
__Ltext12                 text12       000000
__Ltext13                 text13       000000
__Ltext14                 text14       000000
__Ltext15                 text15       000000
__Ltext16                 text16       000000
__Ltext17                 text17       000000
__Ltext18                 text18       000000
__Ltext19                 text19       000000
__Ltext2                  text2        000000
__Ltext20                 text20       000000
__Ltext21                 text21       000000
__Ltext22                 text22       000000
__Ltext23                 text23       000000
__Ltext24                 text24       000000
__Ltext25                 text25       000000
__Ltext26                 text26       000000
__Ltext27                 text27       000000
__Ltext28                 text28       000000
__Ltext29                 text29       000000
__Ltext3                  text3        000000
__Ltext30                 text30       000000
__Ltext31                 text31       000000
__Ltext32                 text32       000000
__Ltext33                 text33       000000
__Ltext34                 text34       000000
__Ltext35                 text35       000000
__Ltext36                 text36       000000
__Ltext37                 text37       000000
__Ltext4                  text4        000000
__Ltext5                  text5        000000
__Ltext6                  text6        000000
__Ltext7                  text7        000000
__Ltext8                  text8        000000
__Ltext9                  text9        000000
__S0                      (abs)        003382
__S1                      (abs)        000150
__S4                      (abs)        000000
__S5                      (abs)        000000
___fladd                  text16       00121E
___fladd@a                cstackCOMRAM 000031
___fladd@aexp             cstackCOMRAM 00003A
___fladd@b                cstackCOMRAM 00002D
___fladd@bexp             cstackCOMRAM 00003B
___fladd@grs              cstackCOMRAM 00003C
___fladd@signs            cstackCOMRAM 000039
___fldiv                  text21       001B08
___fldiv@a                cstackCOMRAM 000005
___fldiv@aexp             cstackCOMRAM 000019
___fldiv@b                cstackCOMRAM 000001
___fldiv@bexp             cstackCOMRAM 000018
___fldiv@grs              cstackCOMRAM 000014
___fldiv@new_exp          cstackCOMRAM 000012
___fldiv@rem              cstackCOMRAM 00000D
___fldiv@sign             cstackCOMRAM 000011
___fleq                   text20       002CEA
___fleq@ff1               cstackCOMRAM 000001
___fleq@ff2               cstackCOMRAM 000005
___flge                   text19       002A1E
___flge@ff1               cstackCOMRAM 00002D
___flge@ff2               cstackCOMRAM 000031
___flmul                  text18       0016DE
___flmul@a                cstackCOMRAM 000018
___flmul@aexp             cstackCOMRAM 000025
___flmul@b                cstackCOMRAM 000014
___flmul@bexp             cstackCOMRAM 000026
___flmul@grs              cstackCOMRAM 000021
___flmul@prod             cstackCOMRAM 000027
___flmul@sign             cstackCOMRAM 000020
___flmul@temp             cstackCOMRAM 00002B
___flneg                  text17       0031EA
___flneg@f1               cstackCOMRAM 000001
___flsub                  text15       00309A
___flsub@a                cstackCOMRAM 000041
___flsub@b                cstackCOMRAM 00003D
___fltol                  text14       002918
___fltol@exp1             cstackCOMRAM 00000A
___fltol@f1               cstackCOMRAM 000001
___fltol@sign1            cstackCOMRAM 000009
___fpclassifyf            text13       002B22
___fpclassifyf@F465       bssBANK0     0000B4
___fpclassifyf@e          cstackCOMRAM 000009
___fpclassifyf@u          cstackCOMRAM 00000B
___fpclassifyf@x          cstackCOMRAM 000001
___heap_hi                (abs)        000000
___heap_lo                (abs)        000000
___inthi_sp               stack        000000
___intlo_sp               stack        000000
___param_bank             (abs)        000000
___rparam_used            (abs)        000001
___sp                     stack        000000
___wmul                   text25       0032BE
___wmul@multiplicand      cstackCOMRAM 000003
___wmul@multiplier        cstackCOMRAM 000001
___wmul@product           cstackCOMRAM 000005
___xxtofl                 text26       00261A
___xxtofl@arg             cstackCOMRAM 000010
___xxtofl@exp             cstackCOMRAM 00000F
___xxtofl@sign            cstackCOMRAM 00000E
___xxtofl@val             cstackCOMRAM 000006
__accesstop               (abs)        000060
__activetblptr            (abs)        000002
__end_of_ADC_Init         text37       003364
__end_of_ADC_Read         text36       003292
__end_of_Config_Clock     text35       003380
__end_of_Config_Port      text34       003346
__end_of_Lcd_Clear        text31       003372
__end_of_Lcd_Cmd          text32       003326
__end_of_Lcd_Init         text30       002E82
__end_of_Lcd_Port         text33       002FAA
__end_of_Lcd_Set_Cursor   text29       002F4E
__end_of_Lcd_Write_Char   text28       00325A
__end_of_Lcd_Write_String text27       0031EA
__end_of___fladd          text16       0016DE
__end_of___fldiv          text21       001EA2
__end_of___fleq           text20       002D94
__end_of___flge           text19       002B22
__end_of___flmul          text18       001B08
__end_of___flneg          text17       003222
__end_of___flsub          text15       0030E0
__end_of___fltol          text14       002A1E
__end_of___fpclassifyf    text13       002C20
__end_of___wmul           text25       0032E4
__end_of___xxtofl         text26       0027CE
__end_of__initialization  cinit        0032FC
__end_of_atoi             text22       002918
__end_of_efgtoa           text4        00121E
__end_of_floorf           text12       00261A
__end_of_fputc            text8        002CEA
__end_of_fputs            text7        00316A
__end_of_isdigit          text24       0032BE
__end_of_isspace          text23       003126
__end_of_labs             text11       002EE8
__end_of_main             text0        002408
__end_of_memcpy           text10       00304C
__end_of_pad              text6        002E0E
__end_of_putch            text9        003382
__end_of_sprintf          text1        002FFC
__end_of_strcpy           text5        0031AA
__end_of_vfpfcnvrt        text3        0021BA
__end_of_vfprintf         text2        00309A
__initialization          cinit        0032E4
__mediumconst             mediumconst  000000
__pbssBANK0               bssBANK0     0000B0
__pbssBANK1               bssBANK1     000100
__pcinit                  cinit        0032E4
__pcstackBANK0            cstackBANK0  000060
__pcstackCOMRAM           cstackCOMRAM 000001
__psmallconst             smallconst   000800
__ptext0                  text0        0021BA
__ptext1                  text1        002FAA
__ptext10                 text10       002FFC
__ptext11                 text11       002E82
__ptext12                 text12       002408
__ptext13                 text13       002B22
__ptext14                 text14       002918
__ptext15                 text15       00309A
__ptext16                 text16       00121E
__ptext17                 text17       0031EA
__ptext18                 text18       0016DE
__ptext19                 text19       002A1E
__ptext2                  text2        00304C
__ptext20                 text20       002CEA
__ptext21                 text21       001B08
__ptext22                 text22       0027CE
__ptext23                 text23       0030E0
__ptext24                 text24       003292
__ptext25                 text25       0032BE
__ptext26                 text26       00261A
__ptext27                 text27       0031AA
__ptext28                 text28       003222
__ptext29                 text29       002EE8
__ptext3                  text3        001EA2
__ptext30                 text30       002E0E
__ptext31                 text31       003364
__ptext32                 text32       003306
__ptext33                 text33       002F4E
__ptext34                 text34       003326
__ptext35                 text35       003372
__ptext36                 text36       00325A
__ptext37                 text37       003346
__ptext4                  text4        000824
__ptext5                  text5        00316A
__ptext6                  text6        002D94
__ptext7                  text7        003126
__ptext8                  text8        002C20
__ptext9                  text9        003380
__ramtop                  ramtop       000800
__smallconst              smallconst   000800
_atoi                     text22       0027CE
_dbuf                     bssBANK1     000100
_efgtoa                   text4        000824
_efgtoa$1029              cstackBANK0  000066
_flags                    bssBANK0     0000C8
_floorf                   text12       002408
_fputc                    text8        002C20
_fputs                    text7        003126
_isdigit                  text24       003292
_isspace                  text23       0030E0
_isspace$1107             cstackCOMRAM 000005
_labs                     text11       002E82
_main                     text0        0021BA
_main$1366                cstackBANK0  0000AC
_memcpy                   text10       002FFC
_pad                      text6        002D94
_prec                     bssBANK0     0000C6
_putch                    text9        003380
_sprintf                  text1        002FAA
_str_buffeLcd             bssBANK0     0000C9
_strcpy                   text5        00316A
_vfpfcnvrt                text3        001EA2
_vfprintf                 text2        00304C
_width                    bssBANK0     0000C4
atoi@n                    cstackCOMRAM 00000E
atoi@neg                  cstackCOMRAM 00000C
atoi@s                    cstackCOMRAM 000007
efgtoa@c                  cstackCOMRAM 00004B
efgtoa@d                  cstackBANK0  00006B
efgtoa@e                  cstackBANK0  00006F
efgtoa@f                  cstackCOMRAM 000047
efgtoa@fp                 cstackCOMRAM 000045
efgtoa@g                  cstackBANK0  000084
efgtoa@h                  cstackBANK0  000079
efgtoa@i                  cstackBANK0  000077
efgtoa@l                  cstackBANK0  00007D
efgtoa@m                  cstackBANK0  00006D
efgtoa@mode               cstackBANK0  000069
efgtoa@n                  cstackBANK0  000082
efgtoa@ne                 cstackBANK0  000060
efgtoa@nmode              cstackBANK0  00006A
efgtoa@ou                 cstackBANK0  000073
efgtoa@p                  cstackBANK0  000062
efgtoa@pp                 cstackBANK0  000068
efgtoa@sign               cstackBANK0  000081
efgtoa@t                  cstackBANK0  000064
efgtoa@u                  cstackBANK0  000088
efgtoa@w                  cstackBANK0  000071
end_of_initialization     cinit        0032FC
floorf@F526               bssBANK0     0000B0
floorf@e                  cstackCOMRAM 000028
floorf@m                  cstackCOMRAM 000024
floorf@u                  cstackCOMRAM 00002A
floorf@x                  cstackCOMRAM 00001A
fputc@c                   cstackCOMRAM 000001
fputc@fp                  cstackCOMRAM 000003
fputs@c                   cstackCOMRAM 00000E
fputs@fp                  cstackCOMRAM 00000C
fputs@i                   cstackCOMRAM 00000F
fputs@s                   cstackCOMRAM 00000A
intlevel0                 text         000000
intlevel1                 text         000000
intlevel2                 text         000000
intlevel3                 text         000000
isa$std                   (abs)        000001
isa$xinst                 (abs)        000000
isdigit@c                 cstackCOMRAM 000001
isspace@c                 cstackCOMRAM 000001
labs@a                    cstackCOMRAM 000001
memcpy@d                  cstackCOMRAM 000007
memcpy@d1                 cstackCOMRAM 000001
memcpy@n                  cstackCOMRAM 000005
memcpy@s                  cstackCOMRAM 000009
memcpy@s1                 cstackCOMRAM 000003
memcpy@tmp                cstackCOMRAM 00000B
pad@buf                   cstackCOMRAM 000013
pad@fp                    cstackCOMRAM 000011
pad@i                     cstackCOMRAM 000018
pad@p                     cstackCOMRAM 000015
pad@w                     cstackCOMRAM 00001A
sprintf@ap                cstackBANK0  00009F
sprintf@f                 cstackBANK0  0000A1
sprintf@fmt               cstackBANK0  000099
sprintf@s                 cstackBANK0  000097
stackhi                   (abs)        000000
stacklo                   (abs)        000000
start                     init         000000
start_initialization      cinit        0032E4
strcpy@d                  cstackCOMRAM 000007
strcpy@dest               cstackCOMRAM 000001
strcpy@s                  cstackCOMRAM 000005
strcpy@src                cstackCOMRAM 000003
vfpfcnvrt@ap              cstackCOMRAM 000052
vfpfcnvrt@c               cstackBANK0  000094
vfpfcnvrt@convarg         cstackBANK0  00008C
vfpfcnvrt@cp              cstackBANK0  000095
vfpfcnvrt@fmt             cstackCOMRAM 000050
vfpfcnvrt@fp              cstackCOMRAM 00004E
vfprintf@ap               cstackCOMRAM 00005B
vfprintf@cfmt             cstackCOMRAM 00005D
vfprintf@fmt              cstackCOMRAM 000059
vfprintf@fp               cstackCOMRAM 000057


MODULE INFORMATION

Module		Function		Class		Link	Load	Size
C:\Program Files\Microchip\xc8\v2.40\pic\sources\c99\common\sprcmul.c
		___flmul       		CODE           	16DE	0000	1066

C:\Program Files\Microchip\xc8\v2.40\pic\sources\c99\common\sprcmul.c estimated size: 1066

C:\Program Files\Microchip\xc8\v2.40\pic\sources\c99\common\nf_fputc.c
		_fputc         		CODE           	2C20	0000	202

C:\Program Files\Microchip\xc8\v2.40\pic\sources\c99\common\nf_fputc.c estimated size: 202

C:\Program Files\Microchip\xc8\v2.40\pic\sources\c99\common\sprcdiv.c
		___fldiv       		CODE           	1B08	0000	922

C:\Program Files\Microchip\xc8\v2.40\pic\sources\c99\common\sprcdiv.c estimated size: 922

C:\Program Files\Microchip\xc8\v2.40\pic\sources\c99\common\nf_sprintf.c
		_sprintf       		CODE           	2FAA	0000	82

C:\Program Files\Microchip\xc8\v2.40\pic\sources\c99\common\nf_sprintf.c estimated size: 82

C:\Program Files\Microchip\xc8\v2.40\pic\sources\c99\common\memcpy.c
		_memcpy        		CODE           	2FFC	0000	80

C:\Program Files\Microchip\xc8\v2.40\pic\sources\c99\common\memcpy.c estimated size: 80

C:\Program Files\Microchip\xc8\v2.40\pic\sources\c99\common\fltol.c
		___fltol       		CODE           	2918	0000	262

C:\Program Files\Microchip\xc8\v2.40\pic\sources\c99\common\fltol.c estimated size: 262

C:\Program Files\Microchip\xc8\v2.40\pic\sources\c99\common\isspace.c
		_isspace       		CODE           	30E0	0000	70

C:\Program Files\Microchip\xc8\v2.40\pic\sources\c99\common\isspace.c estimated size: 70

C:\Program Files\Microchip\xc8\v2.40\pic\sources\c99\common\atoi.c
		_atoi          		CODE           	27CE	0000	330

C:\Program Files\Microchip\xc8\v2.40\pic\sources\c99\common\atoi.c estimated size: 330

C:\Program Files\Microchip\xc8\v2.40\pic\sources\c99\common\Umul16.c
		___wmul        		CODE           	32BE	0000	38

C:\Program Files\Microchip\xc8\v2.40\pic\sources\c99\common\Umul16.c estimated size: 38

C:\Program Files\Microchip\xc8\v2.40\pic\sources\c99\common\fleq.c
		___fleq        		CODE           	2CEA	0000	170

C:\Program Files\Microchip\xc8\v2.40\pic\sources\c99\common\fleq.c estimated size: 170

C:\Program Files\Microchip\xc8\v2.40\pic\sources\c99\common\__fpclassifyf.c
		___fpclassifyf 		CODE           	2B22	0000	254

C:\Program Files\Microchip\xc8\v2.40\pic\sources\c99\common\__fpclassifyf.c estimated size: 254

ADC_libreria.c
		_ADC_Read      		CODE           	325A	0000	56
		_ADC_Init      		CODE           	3346	0000	30

ADC_libreria.c estimated size: 86

C:\Program Files\Microchip\xc8\v2.40\pic\sources\c99\common\isdigit.c
		_isdigit       		CODE           	3292	0000	44

C:\Program Files\Microchip\xc8\v2.40\pic\sources\c99\common\isdigit.c estimated size: 44

C:\Program Files\Microchip\xc8\v2.40\pic\sources\c99\common\sprcadd.c
		___flsub       		CODE           	309A	0000	70
		___fladd       		CODE           	121E	0000	1216

C:\Program Files\Microchip\xc8\v2.40\pic\sources\c99\common\sprcadd.c estimated size: 1286

C:\Program Files\Microchip\xc8\v2.40\pic\sources\c99\common\floorf.c
		_floorf        		CODE           	2408	0000	530

C:\Program Files\Microchip\xc8\v2.40\pic\sources\c99\common\floorf.c estimated size: 530

C:\Program Files\Microchip\xc8\v2.40\pic\sources\c99\common\flneg.c
		___flneg       		CODE           	31EA	0000	56

C:\Program Files\Microchip\xc8\v2.40\pic\sources\c99\common\flneg.c estimated size: 56

C:\Program Files\Microchip\xc8\v2.40\pic\sources\c99\common\labs.c
		_labs          		CODE           	2E82	0000	102

C:\Program Files\Microchip\xc8\v2.40\pic\sources\c99\common\labs.c estimated size: 102

C:\Program Files\Microchip\xc8\v2.40\pic\sources\c99\common\xxtofl.c
		___xxtofl      		CODE           	261A	0000	436

C:\Program Files\Microchip\xc8\v2.40\pic\sources\c99\common\xxtofl.c estimated size: 436

C:\Program Files\Microchip\xc8\v2.40\pic\sources\c99\common\nf_fputs.c
		_fputs         		CODE           	3126	0000	68

C:\Program Files\Microchip\xc8\v2.40\pic\sources\c99\common\nf_fputs.c estimated size: 68

shared
		__initialization		CODE           	32E4	0000	24

shared estimated size: 24

C:\Program Files\Microchip\xc8\v2.40\pic\sources\c99\common\strcpy.c
		_strcpy        		CODE           	316A	0000	64

C:\Program Files\Microchip\xc8\v2.40\pic\sources\c99\common\strcpy.c estimated size: 64

C:\Program Files\Microchip\xc8\v2.40\pic\sources\c99\common\flge.c
		___flge        		CODE           	2A1E	0000	260

C:\Program Files\Microchip\xc8\v2.40\pic\sources\c99\common\flge.c estimated size: 260

C:\Program Files\Microchip\xc8\v2.40\pic\sources\c99\common\putch.c
		_putch         		CODE           	3380	0000	2

C:\Program Files\Microchip\xc8\v2.40\pic\sources\c99\common\putch.c estimated size: 2

lcd.c
		_Lcd_Write_String		CODE           	31AA	0000	64
		_Lcd_Init      		CODE           	2E0E	0000	116
		_Lcd_Write_Char		CODE           	3222	0000	56
		_Lcd_Cmd       		CODE           	3306	0000	32
		_Lcd_Set_Cursor		CODE           	2EE8	0000	102
		_Lcd_Clear     		CODE           	3364	0000	14
		_Lcd_Port      		CODE           	2F4E	0000	92

lcd.c estimated size: 476

C:\Program Files\Microchip\xc8\v2.40\pic\sources\c99\common\doprnt.c
		_vfpfcnvrt     		CODE           	1EA2	0000	792
		_efgtoa        		CODE           	0824	0000	2554
		_pad           		CODE           	2D94	0000	122
		_vfprintf      		CODE           	304C	0000	78

C:\Program Files\Microchip\xc8\v2.40\pic\sources\c99\common\doprnt.c estimated size: 3546

main.c
		_main          		CODE           	21BA	0000	590
		_Config_Port   		CODE           	3326	0000	32
		_Config_Clock  		CODE           	3372	0000	14

main.c estimated size: 636

