Microchip MPLAB XC8 Compiler V2.40

Linker command line:

-W-3 \
  --edf=C:\Program Files\Microchip\xc8\v2.40\pic\dat\20220703182018_en.msgs \
  -cn -h+dist/default/production\PROYECTO_FINAL.X.production.sym \
  --cmf=dist/default/production\PROYECTO_FINAL.X.production.cmf -z \
  -Q18F45K50 -oC:\Users\dg_su\AppData\Local\Temp\xcAsbeg.4 \
  --defsym=__MPLAB_BUILD=1 --fixupoverflow=error \
  -Mdist/default/production/PROYECTO_FINAL.X.production.map \
  --md=C:\Users\dg_su\AppData\Local\Temp\xcAsbeg.dat -E1 -ver=XC8 Compiler \
  --acfsm=1493 -ACODE=00h-07FFFh -ACONST=00h-07FFFh \
  -ASMALLCONST=0800h-08FFhx120 -AMEDIUMCONST=0800h-07FFFh -ACOMRAM=01h-05Fh \
  -AABS1=00h-07FFh -ABIGRAM=01h-07FFh -ARAM=060h-0FFh,0100h-01FFhx7 \
  -ABANK0=060h-0FFh -ABANK1=0100h-01FFh -ABANK2=0200h-02FFh \
  -ABANK3=0300h-03FFh -ABANK4=0400h-04FFh -ABANK5=0500h-05FFh \
  -ABANK6=0600h-06FFh -ABANK7=0700h-07FFh -ASFR=0F53h-0F5Fh,0F60h-0FFFh \
  -ABIGSFR=0F53h-0FFFh -ACONFIG=0300000h-030000Dh -AIDLOC=0200000h-0200007h \
  -AEEDATA=0F00000h-0F000FFh -peeprom_data=EEDATA \
  -preset_vec=00h,intcode=08h,intcodelo=018h,powerup,init -pramtop=0800h \
  -psmallconst=SMALLCONST -pmediumconst=MEDIUMCONST -pconst=CONST \
  -AFARRAM=00h-00h \
  -prdata=COMRAM,nvrram=COMRAM,nvbit=COMRAM,rbss=COMRAM,rbit=COMRAM \
  -pfarbss=FARRAM,fardata=FARRAM,nvFARRAM=FARRAM \
  -pintsave_regs=BIGRAM,bigbss=BIGRAM,bigdata=BIGRAM -pbss=RAM \
  -pidata=CODE,irdata=CODE,ibigdata=CODE,ifardata=CODE -prparam=COMRAM \
  C:\Users\dg_su\AppData\Local\Temp\xcAsbeg.o \
  dist/default/production\PROYECTO_FINAL.X.production.o 

Object code version is 3.11

Machine type is 18F45K50



                Name                               Link     Load   Length Selector   Space Scale
C:\Users\dg_su\AppData\Local\Temp\xcAsbeg.o
                idloc                            200000   200000        8        0       5
                config                           300000   300000        E        0       4
                init                                1C4      1C4        4        C       0
                reset_vec                             0        0        4        0       0
dist/default/production\PROYECTO_FINAL.X.production.o
                intcodelo                            18       18      1AC        C       0
                intcode                               8        8        6        4       0
                idloc                            200000   200000        8        0       5
                config                           300000   300000        E        0       4
                temp                                 5E       5E        1        1       1
                mediumconst                        7CBE     7CBE      342     3E5F       0
                text90                             7B8E     7B8E       16        C       0
                text89                             796E     796E       36        C       0
                text88                             7A72     7A72       26        C       0
                text87                             7BD6     7BD6        2        C       0
                text86                             7936     7936       38        C       0
                text85                             5F8A     5F8A      14A        C       0
                text84                             59EA     59EA      188        C       0
                text83                             5CD8     5CD8      164        C       0
                text82                             77D6     77D6       40        C       0
                text81                             7B78     7B78       16        C       0
                text80                             6B4C     6B4C       CA        C       0
                text79                             76CE     76CE       44        C       0
                text78                             6EFC     6EFC       AE        C       0
                text77                             4FC8     4FC8      2B8        C       0
                text76                             3FD4     3FD4      39A        C       0
                text75                             7056     7056       AA        C       0
                text74                             677E     677E      104        C       0
                text73                             380E     380E      42A        C       0
                text72                             78FE     78FE       38        C       0
                text71                             2AF6     2AF6      4C0        C       0
                text70                             7688     7688       46        C       0
                text69                             6678     6678      106        C       0
                text68                             6982     6982       FE        C       0
                text67                             5496     5496      212        C       0
                text66                             72F8     72F8       66        C       0
                text65                             7560     7560       50        C       0
                text64                             7796     7796       40        C       0
                text63                              1C8      1C8      A6E        C       0
                text62                             1BDA     1BDA      538        C       0
                text61                             7510     7510       50        C       0
                text60                             7A4A     7A4A       28        C       0
                intcode_body                       436E     436E      362        C       0
                text58                             7B60     7B60       18        C       0
                text57                             78C6     78C6       38        C       0
                text55                             7ADC     7ADC       1E        C       0
                text54                             7BC8     7BC8        E        C       0
                text53                             7A98     7A98       24        C       0
                text52                             7A22     7A22       28        C       0
                text51                             7AFA     7AFA       1C        C       0
                text50                             620A     620A      132        C       0
                text49                             7BB6     7BB6       12        C       0
                text48                             6CDC     6CDC       BE        C       0
                text47                             7100     7100       A6        C       0
                text46                             7226     7226       6A        C       0
                text45                             7BA4     7BA4       12        C       0
                text44                             735E     735E       62        C       0
                text43                             71A6     71A6       80        C       0
                text42                             60D4     60D4      136        C       0
                text41                             7816     7816       3E        C       0
                text40                             6C16     6C16       C6        C       0
                text39                             6D9A     6D9A       B2        C       0
                text38                             56A8     56A8      1B8        C       0
                text37                             79FA     79FA       28        C       0
                text36                             79A4     79A4       2E        C       0
                text35                             7640     7640       48        C       0
                text34                             5E3C     5E3C      14E        C       0
                text33                             5860     5860      18A        C       0
                text32                             5B72     5B72      166        C       0
                text31                             7754     7754       42        C       0
                text30                             7B48     7B48       18        C       0
                text29                             6A80     6A80       CC        C       0
                text28                             75F8     75F8       48        C       0
                text27                             6E4C     6E4C       B0        C       0
                text26                             4D0E     4D0E      2BA        C       0
                text25                             3C38     3C38      39C        C       0
                text24                             6FAA     6FAA       AC        C       0
                text23                             6572     6572      106        C       0
                text22                             33E2     33E2      42C        C       0
                text21                             7854     7854       3A        C       0
                text20                             2634     2634      4C2        C       0
                text19                             75B0     75B0       48        C       0
                text18                             646A     646A      108        C       0
                text17                             6882     6882      100        C       0
                text16                             5280     5280      216        C       0
                text15                             7290     7290       68        C       0
                text14                             74BE     74BE       52        C       0
                text13                             7712     7712       42        C       0
                text12                              C36      C36      A6C        C       0
                text11                             16A2     16A2      538        C       0
                text10                             746C     746C       52        C       0
                text9                              741A     741A       52        C       0
                text8                              2FB6     2FB6      42C        C       0
                text7                              7ABC     7ABC       20        C       0
                text6                              7B30     7B30       18        C       0
                text5                              788E     788E       38        C       0
                text4                              79D2     79D2       28        C       0
                text3                              49F8     49F8      316        C       0
                text2                              2112     2112      522        C       0
                text1                              46D0     46D0      328        C       0
                text0                              633C     633C      12E        C       0
                cstackCOMRAM                          1        1       59        1       1
                cstackBANK0                          60       60       4E       60       1
                cstackBANK1                         100      100       A6      100       1
                bssBANK2                            200      200       50      200       1
                dataBANK1                           1A6      1A6       1A      100       1
                bssBANK1                            1C0      1C0       16      100       1
                bssBANK0                             AE       AE        E       60       1
                bssCOMRAM                            5A       5A        4        1       1
                cinit                              73C0     73C0       5A        C       0
                idataBANK1                         7B16     7B16       1A        C       0

TOTAL           Name                               Link     Load   Length     Space
        CLASS   CODE           
                intcodelo                            18       18      1AC         0
                intcode                               8        8        6         0
                init                                1C4      1C4        4         0
                reset_vec                             0        0        4         0
                text90                             7B8E     7B8E       16         0
                text89                             796E     796E       36         0
                text88                             7A72     7A72       26         0
                text87                             7BD6     7BD6        2         0
                text86                             7936     7936       38         0
                text85                             5F8A     5F8A      14A         0
                text84                             59EA     59EA      188         0
                text83                             5CD8     5CD8      164         0
                text82                             77D6     77D6       40         0
                text81                             7B78     7B78       16         0
                text80                             6B4C     6B4C       CA         0
                text79                             76CE     76CE       44         0
                text78                             6EFC     6EFC       AE         0
                text77                             4FC8     4FC8      2B8         0
                text76                             3FD4     3FD4      39A         0
                text75                             7056     7056       AA         0
                text74                             677E     677E      104         0
                text73                             380E     380E      42A         0
                text72                             78FE     78FE       38         0
                text71                             2AF6     2AF6      4C0         0
                text70                             7688     7688       46         0
                text69                             6678     6678      106         0
                text68                             6982     6982       FE         0
                text67                             5496     5496      212         0
                text66                             72F8     72F8       66         0
                text65                             7560     7560       50         0
                text64                             7796     7796       40         0
                text63                              1C8      1C8      A6E         0
                text62                             1BDA     1BDA      538         0
                text61                             7510     7510       50         0
                text60                             7A4A     7A4A       28         0
                intcode_body                       436E     436E      362         0
                text58                             7B60     7B60       18         0
                text57                             78C6     78C6       38         0
                text55                             7ADC     7ADC       1E         0
                text54                             7BC8     7BC8        E         0
                text53                             7A98     7A98       24         0
                text52                             7A22     7A22       28         0
                text51                             7AFA     7AFA       1C         0
                text50                             620A     620A      132         0
                text49                             7BB6     7BB6       12         0
                text48                             6CDC     6CDC       BE         0
                text47                             7100     7100       A6         0
                text46                             7226     7226       6A         0
                text45                             7BA4     7BA4       12         0
                text44                             735E     735E       62         0
                text43                             71A6     71A6       80         0
                text42                             60D4     60D4      136         0
                text41                             7816     7816       3E         0
                text40                             6C16     6C16       C6         0
                text39                             6D9A     6D9A       B2         0
                text38                             56A8     56A8      1B8         0
                text37                             79FA     79FA       28         0
                text36                             79A4     79A4       2E         0
                text35                             7640     7640       48         0
                text34                             5E3C     5E3C      14E         0
                text33                             5860     5860      18A         0
                text32                             5B72     5B72      166         0
                text31                             7754     7754       42         0
                text30                             7B48     7B48       18         0
                text29                             6A80     6A80       CC         0
                text28                             75F8     75F8       48         0
                text27                             6E4C     6E4C       B0         0
                text26                             4D0E     4D0E      2BA         0
                text25                             3C38     3C38      39C         0
                text24                             6FAA     6FAA       AC         0
                text23                             6572     6572      106         0
                text22                             33E2     33E2      42C         0
                text21                             7854     7854       3A         0
                text20                             2634     2634      4C2         0
                text19                             75B0     75B0       48         0
                text18                             646A     646A      108         0
                text17                             6882     6882      100         0
                text16                             5280     5280      216         0
                text15                             7290     7290       68         0
                text14                             74BE     74BE       52         0
                text13                             7712     7712       42         0
                text12                              C36      C36      A6C         0
                text11                             16A2     16A2      538         0
                text10                             746C     746C       52         0
                text9                              741A     741A       52         0
                text8                              2FB6     2FB6      42C         0
                text7                              7ABC     7ABC       20         0
                text6                              7B30     7B30       18         0
                text5                              788E     788E       38         0
                text4                              79D2     79D2       28         0
                text3                              49F8     49F8      316         0
                text2                              2112     2112      522         0
                text1                              46D0     46D0      328         0
                text0                              633C     633C      12E         0
                cinit                              73C0     73C0       5A         0
                idataBANK1                         7B16     7B16       1A         0

        CLASS   CONST          

        CLASS   SMALLCONST     

        CLASS   MEDIUMCONST    
                mediumconst                        7CBE     7CBE      342         0

        CLASS   COMRAM         
                temp                                 5E       5E        1         1
                cstackCOMRAM                          1        1       59         1
                bssCOMRAM                            5A       5A        4         1

        CLASS   ABS1           

        CLASS   BIGRAM         

        CLASS   RAM            

        CLASS   BANK0          
                cstackBANK0                          60       60       4E         1
                bssBANK0                             AE       AE        E         1

        CLASS   BANK1          
                cstackBANK1                         100      100       A6         1
                dataBANK1                           1A6      1A6       1A         1
                bssBANK1                            1C0      1C0       16         1

        CLASS   BANK2          
                bssBANK2                            200      200       50         1

        CLASS   BANK3          

        CLASS   BANK4          

        CLASS   BANK5          

        CLASS   BANK6          

        CLASS   BANK7          

        CLASS   SFR            

        CLASS   BIGSFR         

        CLASS   CONFIG         
                config                           300000   300000        E         4

        CLASS   IDLOC          
                idloc                            200000   200000        8         5

        CLASS   EEDATA         

        CLASS   FARRAM         

        CLASS   HEAP           

        CLASS   STACK          



SEGMENTS        Name                           Load    Length   Top    Selector   Space  Class

                reset_vec                      000000  000004  000004         0       0  CODE    
                cstackCOMRAM                   000001  00005E  00005F         1       1  COMRAM  
                intcode                        000008  000006  00000E         4       0  CODE    
                intcodelo                      000018  007BC0  007BD8         C       0  CODE    
                cstackBANK0                    000060  00005C  0000BC        60       1  BANK0   
                cstackBANK1                    000100  0000D6  0001D6       100       1  BANK1   
                bssBANK2                       000200  000050  000250       200       1  BANK2   
                mediumconst                    007CBE  000342  008000      3E5F       0  MEDIUMCO


UNUSED ADDRESS RANGES

        Name                Unused          Largest block    Delta
        BANK0            0000BC-0000FF               44
        BANK1            0001D6-0001FF               2A
        BANK2            000250-0002FF               B0
        BANK3            000300-0003FF              100
        BANK4            000400-0004FF              100
        BANK5            000500-0005FF              100
        BANK6            000600-0006FF              100
        BANK7            000700-0007FF              100
        BIGRAM           00005F-00005F                1
                         0000BC-0000FF               44
                         0001D6-0001FF               2A
                         000250-0007FF              5B0
        BIGSFR           000F53-000FFF               AD
        CODE             000004-000007                4
                         00000E-000017                A
                         007BD8-007CBD               E6
        COMRAM           00005F-00005F                1
        CONST            000004-000007                4
                         00000E-000017                A
                         007BD8-007CBD               E6
        EEDATA           F00000-F000FF              100
        MEDIUMCONST      007BD8-007CBD               E6
        RAM              0000BC-0000FF               44
                         0001D6-0001FF               2A
                         000250-0007FF              100
        SFR              000F53-000FFF                D
        SMALLCONST       007BD8-007CBD               28

                                  Symbol Table

?_ADC_Read                         cstackBANK1  000100
?___aodiv                          cstackBANK1  000100
?___aomod                          cstackBANK1  000100
?___awdiv                          cstackBANK1  000100
?___awmod                          cstackBANK1  000100
?___fladd                          cstackBANK1  000100
?___fldiv                          cstackBANK1  000100
?___flmul                          cstackBANK1  000113
?___flneg                          cstackBANK1  000100
?___flsub                          cstackBANK1  00012C
?___fltol                          cstackBANK1  000100
?___fpclassifyf                    cstackBANK1  000100
?___lldiv                          cstackBANK1  000100
?___wmul                           cstackBANK1  000100
?___xxtofl                         cstackBANK1  000105
?_abs                              cstackBANK1  000112
?_atoi                             cstackBANK1  000106
?_floorf                           cstackBANK1  000119
?_isdigit                          cstackBANK1  000100
?_isspace                          cstackBANK1  000100
?_labs                             cstackBANK1  000100
?_printf                           cstackBANK1  00018B
?_sprintf                          cstackBANK1  00018B
?_vfprintf                         cstackBANK1  000183
?i2___aodiv                        cstackCOMRAM 000001
?i2___aomod                        cstackCOMRAM 000001
?i2___fladd                        cstackCOMRAM 000001
?i2___fldiv                        cstackCOMRAM 000001
?i2___flmul                        cstackCOMRAM 000001
?i2___flneg                        cstackCOMRAM 000001
?i2___flsub                        cstackCOMRAM 00001A
?i2___fltol                        cstackCOMRAM 000001
?i2___fpclassifyf                  cstackCOMRAM 000001
?i2___wmul                         cstackCOMRAM 000001
?i2_abs                            cstackCOMRAM 000013
?i2_atoi                           cstackCOMRAM 000007
?i2_floorf                         cstackCOMRAM 00001A
?i2_labs                           cstackCOMRAM 000001
?i2_printf                         cstackBANK0  000092
?i2_vfprintf                       cstackBANK0  00008C
ADC_Read@channel                   cstackBANK1  000104
Lcd_Char@letra                     cstackBANK1  000103
Lcd_Cmd@cmd                        cstackBANK1  000103
Lcd_Out@text                       cstackBANK1  000104
Lcd_XY@x                           cstackBANK1  000104
Lcd_XY@y                           cstackBANK1  000107
USART_init@baudios                 cstackBANK1  00010D
USART_init@n                       cstackBANK1  000111
USART_printChar@caracter           cstackBANK1  000100
USART_printString@Ptr_string       cstackBANK1  000101
_ADCON0bits                        (abs)        000FC2
_ADCON1bits                        (abs)        000FC1
_ADCON2bits                        (abs)        000FC0
_ADC_Init                          text55       007ADC
_ADC_Read                          text41       007816
_ADRESH                            (abs)        000FC4
_ADRESL                            (abs)        000FC3
_ANSELAbits                        (abs)        000F5B
_ANSELBbits                        (abs)        000F5C
_ANSELCbits                        (abs)        000F5D
_ANSELD                            (abs)        000F5E
_BAUDCON                           (abs)        000FB8
_Config_Clock                      text54       007BC8
_Config_Interrupt_priority         text53       007A98
_Config_Port                       text52       007A22
_Config_TMR0                       text51       007AFA
_INTCON2bits                       (abs)        000FF1
_INTCON3bits                       (abs)        000FF0
_INTCONbits                        (abs)        000FF2
_IPR1bits                          (abs)        000F9F
_ISR1                              intcode      000008
_ISR2                              intcodelo    000018
_LATC                              (abs)        000F8B
_LATCbits                          (abs)        000F8B
_LATD                              (abs)        000F8C
_LATDbits                          (abs)        000F8C
_LM35                              bssBANK1     0001C4
_Lcd_Char                          text45       007BA4
_Lcd_Cmd                           text49       007BB6
_Lcd_Init                          text48       006CDC
_Lcd_Out                           text44       00735E
_Lcd_XY                            text43       0071A6
_OSCCONbits                        (abs)        000FD3
_PIE1bits                          (abs)        000F9D
_PIR1bits                          (abs)        000F9E
_PORTBbits                         (abs)        000F81
_RCONbits                          (abs)        000FD0
_RCREG                             (abs)        000FAE
_RCSTA                             (abs)        000FAB
_RCSTAbits                         (abs)        000FAB
_SLRCON                            (abs)        000F7A
_SPBRG                             (abs)        000FAF
_SPBRGH                            (abs)        000FB0
_T0CONbits                         (abs)        000FD5
_TMR0                              (abs)        000FD6
_TRISAbits                         (abs)        000F92
_TRISBbits                         (abs)        000F93
_TRISCbits                         (abs)        000F94
_TRISD                             (abs)        000F95
_TRISDbits                         (abs)        000F95
_TXREG                             (abs)        000FAD
_TXSTA                             (abs)        000FAC
_TXSTAbits                         (abs)        000FAC
_USART_init                        text46       007226
_USART_printChar                   text6        007B30
_USART_printString                 text5        00788E
__HRAM                             (abs)        000000
__Habs1                            abs1         000000
__Hbank0                           bank0        000000
__Hbank1                           bank1        000000
__Hbank2                           bank2        000000
__Hbank3                           bank3        000000
__Hbank4                           bank4        000000
__Hbank5                           bank5        000000
__Hbank6                           bank6        000000
__Hbank7                           bank7        000000
__Hbigbss                          bigbss       000000
__Hbigdata                         bigdata      000000
__Hbigram                          bigram       000000
__Hbigsfr                          bigsfr       000000
__Hbss                             bss          000000
__HbssBANK0                        bssBANK0     000000
__HbssBANK1                        bssBANK1     000000
__HbssBANK2                        bssBANK2     000000
__HbssCOMRAM                       bssCOMRAM    000000
__Hcinit                           cinit        000000
__Hclrtext                         clrtext      000000
__Hcomram                          comram       000000
__Hconfig                          config       30000E
__Hconst                           const        000000
__HcstackBANK0                     cstackBANK0  000000
__HcstackBANK1                     cstackBANK1  000000
__HcstackCOMRAM                    cstackCOMRAM 000000
__Hdata                            data         000000
__HdataBANK1                       dataBANK1    000000
__Heeprom_data                     eeprom_data  000000
__Hfarbss                          farbss       000000
__Hfardata                         fardata      000000
__Hheap                            heap         000000
__Hibigdata                        ibigdata     000000
__Hidata                           idata        000000
__HidataBANK1                      idataBANK1   000000
__Hidloc                           idloc        200008
__Hifardata                        ifardata     000000
__Hinit                            init         0001C8
__Hintcode                         intcode      00000E
__Hintcode_body                    intcode_body 000000
__Hintcodelo                       intcodelo    0001C4
__Hintentry                        intentry     000000
__Hintret                          intret       000000
__Hintsave_regs                    intsave_regs 000000
__Hirdata                          irdata       000000
__Hmediumconst                     mediumconst  008000
__HnvFARRAM                        nvFARRAM     000000
__Hnvbit                           nvbit        000000
__Hnvrram                          nvrram       000000
__Hparam                           rparam       000000
__Hpowerup                         powerup      0001C4
__Hram                             ram          000000
__Hramtop                          ramtop       000800
__Hrbit                            rbit         000000
__Hrbss                            rbss         000000
__Hrdata                           rdata        000000
__Hreset_vec                       reset_vec    000004
__Hrparam                          rparam       000000
__Hsfr                             sfr          000000
__Hsmallconst                      smallconst   000000
__Hspace_0                         (abs)        008000
__Hspace_1                         (abs)        000250
__Hspace_2                         (abs)        000000
__Hspace_4                         (abs)        60000E
__Hstack                           stack        000000
__Hstruct                          struct       000000
__Htemp                            temp         00005F
__Htext                            text         000000
__Htext0                           text0        000000
__Htext1                           text1        000000
__Htext10                          text10       000000
__Htext11                          text11       000000
__Htext12                          text12       000000
__Htext13                          text13       000000
__Htext14                          text14       000000
__Htext15                          text15       000000
__Htext16                          text16       000000
__Htext17                          text17       000000
__Htext18                          text18       000000
__Htext19                          text19       000000
__Htext2                           text2        000000
__Htext20                          text20       000000
__Htext21                          text21       000000
__Htext22                          text22       000000
__Htext23                          text23       000000
__Htext24                          text24       000000
__Htext25                          text25       000000
__Htext26                          text26       000000
__Htext27                          text27       000000
__Htext28                          text28       000000
__Htext29                          text29       000000
__Htext3                           text3        000000
__Htext30                          text30       000000
__Htext31                          text31       000000
__Htext32                          text32       000000
__Htext33                          text33       000000
__Htext34                          text34       000000
__Htext35                          text35       000000
__Htext36                          text36       000000
__Htext37                          text37       000000
__Htext38                          text38       000000
__Htext39                          text39       000000
__Htext4                           text4        000000
__Htext40                          text40       000000
__Htext41                          text41       000000
__Htext42                          text42       000000
__Htext43                          text43       000000
__Htext44                          text44       000000
__Htext45                          text45       000000
__Htext46                          text46       000000
__Htext47                          text47       000000
__Htext48                          text48       000000
__Htext49                          text49       000000
__Htext5                           text5        000000
__Htext50                          text50       000000
__Htext51                          text51       000000
__Htext52                          text52       000000
__Htext53                          text53       000000
__Htext54                          text54       000000
__Htext55                          text55       000000
__Htext57                          text57       000000
__Htext58                          text58       000000
__Htext6                           text6        000000
__Htext60                          text60       000000
__Htext61                          text61       000000
__Htext62                          text62       000000
__Htext63                          text63       000000
__Htext64                          text64       000000
__Htext65                          text65       000000
__Htext66                          text66       000000
__Htext67                          text67       000000
__Htext68                          text68       000000
__Htext69                          text69       000000
__Htext7                           text7        000000
__Htext70                          text70       000000
__Htext71                          text71       000000
__Htext72                          text72       000000
__Htext73                          text73       000000
__Htext74                          text74       000000
__Htext75                          text75       000000
__Htext76                          text76       000000
__Htext77                          text77       000000
__Htext78                          text78       000000
__Htext79                          text79       000000
__Htext8                           text8        000000
__Htext80                          text80       000000
__Htext81                          text81       000000
__Htext82                          text82       000000
__Htext83                          text83       000000
__Htext84                          text84       000000
__Htext85                          text85       000000
__Htext86                          text86       000000
__Htext87                          text87       000000
__Htext88                          text88       000000
__Htext89                          text89       000000
__Htext9                           text9        000000
__Htext90                          text90       000000
__LRAM                             (abs)        000001
__Labs1                            abs1         000000
__Lbank0                           bank0        000000
__Lbank1                           bank1        000000
__Lbank2                           bank2        000000
__Lbank3                           bank3        000000
__Lbank4                           bank4        000000
__Lbank5                           bank5        000000
__Lbank6                           bank6        000000
__Lbank7                           bank7        000000
__Lbigbss                          bigbss       000000
__Lbigdata                         bigdata      000000
__Lbigram                          bigram       000000
__Lbigsfr                          bigsfr       000000
__Lbss                             bss          000000
__LbssBANK0                        bssBANK0     000000
__LbssBANK1                        bssBANK1     000000
__LbssBANK2                        bssBANK2     000000
__LbssCOMRAM                       bssCOMRAM    000000
__Lcinit                           cinit        000000
__Lclrtext                         clrtext      000000
__Lcomram                          comram       000000
__Lconfig                          config       000000
__Lconst                           const        000000
__LcstackBANK0                     cstackBANK0  000000
__LcstackBANK1                     cstackBANK1  000000
__LcstackCOMRAM                    cstackCOMRAM 000000
__Ldata                            data         000000
__LdataBANK1                       dataBANK1    000000
__Leeprom_data                     eeprom_data  000000
__Lfarbss                          farbss       000000
__Lfardata                         fardata      000000
__Lheap                            heap         000000
__Libigdata                        ibigdata     000000
__Lidata                           idata        000000
__LidataBANK1                      idataBANK1   000000
__Lidloc                           idloc        000000
__Lifardata                        ifardata     000000
__Linit                            init         0001C4
__Lintcode                         intcode      000008
__Lintcode_body                    intcode_body 000000
__Lintcodelo                       intcodelo    000018
__Lintentry                        intentry     000000
__Lintret                          intret       000000
__Lintsave_regs                    intsave_regs 000000
__Lirdata                          irdata       000000
__Lmediumconst                     mediumconst  007CBE
__LnvFARRAM                        nvFARRAM     000000
__Lnvbit                           nvbit        000000
__Lnvrram                          nvrram       000000
__Lparam                           rparam       000000
__Lpowerup                         powerup      0001C4
__Lram                             ram          000000
__Lramtop                          ramtop       000800
__Lrbit                            rbit         000000
__Lrbss                            rbss         000000
__Lrdata                           rdata        000000
__Lreset_vec                       reset_vec    000000
__Lrparam                          rparam       000000
__Lsfr                             sfr          000000
__Lsmallconst                      smallconst   000000
__Lspace_0                         (abs)        000000
__Lspace_1                         (abs)        000000
__Lspace_2                         (abs)        000000
__Lspace_4                         (abs)        000000
__Lstack                           stack        000000
__Lstruct                          struct       000000
__Ltemp                            temp         00005E
__Ltext                            text         000000
__Ltext0                           text0        000000
__Ltext1                           text1        000000
__Ltext10                          text10       000000
__Ltext11                          text11       000000
__Ltext12                          text12       000000
__Ltext13                          text13       000000
__Ltext14                          text14       000000
__Ltext15                          text15       000000
__Ltext16                          text16       000000
__Ltext17                          text17       000000
__Ltext18                          text18       000000
__Ltext19                          text19       000000
__Ltext2                           text2        000000
__Ltext20                          text20       000000
__Ltext21                          text21       000000
__Ltext22                          text22       000000
__Ltext23                          text23       000000
__Ltext24                          text24       000000
__Ltext25                          text25       000000
__Ltext26                          text26       000000
__Ltext27                          text27       000000
__Ltext28                          text28       000000
__Ltext29                          text29       000000
__Ltext3                           text3        000000
__Ltext30                          text30       000000
__Ltext31                          text31       000000
__Ltext32                          text32       000000
__Ltext33                          text33       000000
__Ltext34                          text34       000000
__Ltext35                          text35       000000
__Ltext36                          text36       000000
__Ltext37                          text37       000000
__Ltext38                          text38       000000
__Ltext39                          text39       000000
__Ltext4                           text4        000000
__Ltext40                          text40       000000
__Ltext41                          text41       000000
__Ltext42                          text42       000000
__Ltext43                          text43       000000
__Ltext44                          text44       000000
__Ltext45                          text45       000000
__Ltext46                          text46       000000
__Ltext47                          text47       000000
__Ltext48                          text48       000000
__Ltext49                          text49       000000
__Ltext5                           text5        000000
__Ltext50                          text50       000000
__Ltext51                          text51       000000
__Ltext52                          text52       000000
__Ltext53                          text53       000000
__Ltext54                          text54       000000
__Ltext55                          text55       000000
__Ltext57                          text57       000000
__Ltext58                          text58       000000
__Ltext6                           text6        000000
__Ltext60                          text60       000000
__Ltext61                          text61       000000
__Ltext62                          text62       000000
__Ltext63                          text63       000000
__Ltext64                          text64       000000
__Ltext65                          text65       000000
__Ltext66                          text66       000000
__Ltext67                          text67       000000
__Ltext68                          text68       000000
__Ltext69                          text69       000000
__Ltext7                           text7        000000
__Ltext70                          text70       000000
__Ltext71                          text71       000000
__Ltext72                          text72       000000
__Ltext73                          text73       000000
__Ltext74                          text74       000000
__Ltext75                          text75       000000
__Ltext76                          text76       000000
__Ltext77                          text77       000000
__Ltext78                          text78       000000
__Ltext79                          text79       000000
__Ltext8                           text8        000000
__Ltext80                          text80       000000
__Ltext81                          text81       000000
__Ltext82                          text82       000000
__Ltext83                          text83       000000
__Ltext84                          text84       000000
__Ltext85                          text85       000000
__Ltext86                          text86       000000
__Ltext87                          text87       000000
__Ltext88                          text88       000000
__Ltext89                          text89       000000
__Ltext9                           text9        000000
__Ltext90                          text90       000000
__S0                               (abs)        008000
__S1                               (abs)        000250
__S4                               (abs)        000000
__S5                               (abs)        000000
___aodiv                           text33       005860
___aodiv@counter                   cstackBANK1  000110
___aodiv@dividend                  cstackBANK1  000100
___aodiv@divisor                   cstackBANK1  000108
___aodiv@quotient                  cstackBANK1  000112
___aodiv@sign                      cstackBANK1  000111
___aomod                           text32       005B72
___aomod@counter                   cstackBANK1  000110
___aomod@dividend                  cstackBANK1  000100
___aomod@divisor                   cstackBANK1  000108
___aomod@sign                      cstackBANK1  000111
___awdiv                           text40       006C16
___awdiv@counter                   cstackBANK1  000104
___awdiv@dividend                  cstackBANK1  000100
___awdiv@divisor                   cstackBANK1  000102
___awdiv@quotient                  cstackBANK1  000106
___awdiv@sign                      cstackBANK1  000105
___awmod                           text39       006D9A
___awmod@counter                   cstackBANK1  000104
___awmod@dividend                  cstackBANK1  000100
___awmod@divisor                   cstackBANK1  000102
___awmod@sign                      cstackBANK1  000105
___fladd                           text20       002634
___fladd@a                         cstackBANK1  000104
___fladd@aexp                      cstackBANK1  00010D
___fladd@b                         cstackBANK1  000100
___fladd@bexp                      cstackBANK1  00010E
___fladd@grs                       cstackBANK1  00010F
___fladd@signs                     cstackBANK1  00010C
___fldiv                           text25       003C38
___fldiv@a                         cstackBANK1  000104
___fldiv@aexp                      cstackBANK1  000118
___fldiv@b                         cstackBANK1  000100
___fldiv@bexp                      cstackBANK1  000117
___fldiv@grs                       cstackBANK1  000113
___fldiv@new_exp                   cstackBANK1  000111
___fldiv@rem                       cstackBANK1  00010C
___fldiv@sign                      cstackBANK1  000110
___fleq                            text24       006FAA
___fleq@ff1                        cstackBANK1  000100
___fleq@ff2                        cstackBANK1  000104
___flge                            text23       006572
___flge@ff1                        cstackBANK1  00012C
___flge@ff2                        cstackBANK1  000130
___flmul                           text22       0033E2
___flmul@a                         cstackBANK1  000117
___flmul@aexp                      cstackBANK1  000124
___flmul@b                         cstackBANK1  000113
___flmul@bexp                      cstackBANK1  000125
___flmul@grs                       cstackBANK1  000120
___flmul@prod                      cstackBANK1  000126
___flmul@sign                      cstackBANK1  00011F
___flmul@temp                      cstackBANK1  00012A
___flneg                           text21       007854
___flneg@f1                        cstackBANK1  000100
___flsub                           text19       0075B0
___flsub@a                         cstackBANK1  000130
___flsub@b                         cstackBANK1  00012C
___fltol                           text18       00646A
___fltol@exp1                      cstackBANK1  000109
___fltol@f1                        cstackBANK1  000100
___fltol@sign1                     cstackBANK1  000108
___fpclassifyf                     text17       006882
___fpclassifyf@F465                bssBANK0     0000AE
___fpclassifyf@e                   cstackBANK1  000108
___fpclassifyf@u                   cstackBANK1  00010A
___fpclassifyf@x                   cstackBANK1  000100
___heap_hi                         (abs)        000000
___heap_lo                         (abs)        000000
___inthi_sp                        stack        000000
___intlo_sp                        stack        000000
___lldiv                           text47       007100
___lldiv@counter                   cstackBANK1  00010C
___lldiv@dividend                  cstackBANK1  000100
___lldiv@divisor                   cstackBANK1  000104
___lldiv@quotient                  cstackBANK1  000108
___param_bank                      (abs)        000000
___rparam_used                     (abs)        000001
___sp                              stack        000000
___wmul                            text37       0079FA
___wmul@multiplicand               cstackBANK1  000102
___wmul@multiplier                 cstackBANK1  000100
___wmul@product                    cstackBANK1  000104
___xxtofl                          text38       0056A8
___xxtofl@arg                      cstackBANK1  00010F
___xxtofl@exp                      cstackBANK1  00010E
___xxtofl@sign                     cstackBANK1  00010D
___xxtofl@val                      cstackBANK1  000105
__accesstop                        (abs)        000060
__activetblptr                     (abs)        000002
__end_of_ADC_Init                  text55       007AFA
__end_of_ADC_Read                  text41       007854
__end_of_Config_Clock              text54       007BD6
__end_of_Config_Interrupt_priority text53       007ABC
__end_of_Config_Port               text52       007A4A
__end_of_Config_TMR0               text51       007B16
__end_of_ISR1                      intcode_body 0046D0
__end_of_ISR2                      intcodelo    0001C4
__end_of_Lcd_Char                  text45       007BB6
__end_of_Lcd_Cmd                   text49       007BC8
__end_of_Lcd_Init                  text48       006D9A
__end_of_Lcd_Out                   text44       0073C0
__end_of_Lcd_XY                    text43       007226
__end_of_USART_init                text46       007290
__end_of_USART_printChar           text6        007B48
__end_of_USART_printString         text5        0078C6
__end_of___aodiv                   text33       0059EA
__end_of___aomod                   text32       005CD8
__end_of___awdiv                   text40       006CDC
__end_of___awmod                   text39       006E4C
__end_of___fladd                   text20       002AF6
__end_of___fldiv                   text25       003FD4
__end_of___fleq                    text24       007056
__end_of___flge                    text23       006678
__end_of___flmul                   text22       00380E
__end_of___flneg                   text21       00788E
__end_of___flsub                   text19       0075F8
__end_of___fltol                   text18       006572
__end_of___fpclassifyf             text17       006982
__end_of___lldiv                   text47       0071A6
__end_of___wmul                    text37       007A22
__end_of___xxtofl                  text38       005860
__end_of__initialization           cinit        00740C
__end_of_abs                       text31       007796
__end_of_atoi                      text34       005F8A
__end_of_dtoa                      text26       004FC8
__end_of_efgtoa                    text12       0016A2
__end_of_enviar_dato               text50       00633C
__end_of_floorf                    text16       005496
__end_of_fputc                     text29       006B4C
__end_of_fputs                     text28       007640
__end_of_isdigit                   text36       0079D2
__end_of_isspace                   text35       007688
__end_of_labs                      text15       0072F8
__end_of_main                      text0        00646A
__end_of_memcpy                    text14       007510
__end_of_menu0                     text42       00620A
__end_of_menu1                     text7        007ADC
__end_of_menu2                     text3        004D0E
__end_of_menu3                     text2        002634
__end_of_menu4                     text1        0049F8
__end_of_pad                       text27       006EFC
__end_of_printf                    text4        0079FA
__end_of_putch                     text30       007B60
__end_of_sprintf                   text9        00746C
__end_of_strcpy                    text13       007754
__end_of_vfpfcnvrt                 text11       001BDA
__end_of_vfprintf                  text10       0074BE
__end_of_visualizar_Parametros     text8        0033E2
__end_ofi1_USART_printChar         text58       007B78
__end_ofi1_USART_printString       text57       0078FE
__end_ofi2_USART_printChar         text90       007BA4
__end_ofi2_USART_printString       text89       0079A4
__end_ofi2___aodiv                 text84       005B72
__end_ofi2___aomod                 text83       005E3C
__end_ofi2___fladd                 text71       002FB6
__end_ofi2___fldiv                 text76       00436E
__end_ofi2___fleq                  text75       007100
__end_ofi2___flge                  text74       006882
__end_ofi2___flmul                 text73       003C38
__end_ofi2___flneg                 text72       007936
__end_ofi2___flsub                 text70       0076CE
__end_ofi2___fltol                 text69       00677E
__end_ofi2___fpclassifyf           text68       006A80
__end_ofi2___wmul                  text88       007A98
__end_ofi2_abs                     text82       007816
__end_ofi2_atoi                    text85       0060D4
__end_ofi2_dtoa                    text77       005280
__end_ofi2_efgtoa                  text63       000C36
__end_ofi2_floorf                  text67       0056A8
__end_ofi2_fputc                   text80       006C16
__end_ofi2_fputs                   text79       007712
__end_ofi2_isdigit                 text87       007BD8
__end_ofi2_isspace                 text86       00796E
__end_ofi2_labs                    text66       00735E
__end_ofi2_memcpy                  text65       0075B0
__end_ofi2_pad                     text78       006FAA
__end_ofi2_printf                  text60       007A72
__end_ofi2_putch                   text81       007B8E
__end_ofi2_strcpy                  text64       0077D6
__end_ofi2_vfpfcnvrt               text62       002112
__end_ofi2_vfprintf                text61       007560
__initialization                   cinit        0073C0
__mediumconst                      mediumconst  007CBE
__pbssBANK0                        bssBANK0     0000AE
__pbssBANK1                        bssBANK1     0001C0
__pbssBANK2                        bssBANK2     000200
__pbssCOMRAM                       bssCOMRAM    00005A
__pcinit                           cinit        0073C0
__pcstackBANK0                     cstackBANK0  000060
__pcstackBANK1                     cstackBANK1  000100
__pcstackCOMRAM                    cstackCOMRAM 000001
__pdataBANK1                       dataBANK1    0001A6
__pidataBANK1                      idataBANK1   007B16
__pintcode                         intcode      000008
__pintcode_body                    intcode_body 00436E
__pintcodelo                       intcodelo    000018
__pmediumconst                     mediumconst  007CBE
__ptext0                           text0        00633C
__ptext1                           text1        0046D0
__ptext10                          text10       00746C
__ptext11                          text11       0016A2
__ptext12                          text12       000C36
__ptext13                          text13       007712
__ptext14                          text14       0074BE
__ptext15                          text15       007290
__ptext16                          text16       005280
__ptext17                          text17       006882
__ptext18                          text18       00646A
__ptext19                          text19       0075B0
__ptext2                           text2        002112
__ptext20                          text20       002634
__ptext21                          text21       007854
__ptext22                          text22       0033E2
__ptext23                          text23       006572
__ptext24                          text24       006FAA
__ptext25                          text25       003C38
__ptext26                          text26       004D0E
__ptext27                          text27       006E4C
__ptext28                          text28       0075F8
__ptext29                          text29       006A80
__ptext3                           text3        0049F8
__ptext30                          text30       007B48
__ptext31                          text31       007754
__ptext32                          text32       005B72
__ptext33                          text33       005860
__ptext34                          text34       005E3C
__ptext35                          text35       007640
__ptext36                          text36       0079A4
__ptext37                          text37       0079FA
__ptext38                          text38       0056A8
__ptext39                          text39       006D9A
__ptext4                           text4        0079D2
__ptext40                          text40       006C16
__ptext41                          text41       007816
__ptext42                          text42       0060D4
__ptext43                          text43       0071A6
__ptext44                          text44       00735E
__ptext45                          text45       007BA4
__ptext46                          text46       007226
__ptext47                          text47       007100
__ptext48                          text48       006CDC
__ptext49                          text49       007BB6
__ptext5                           text5        00788E
__ptext50                          text50       00620A
__ptext51                          text51       007AFA
__ptext52                          text52       007A22
__ptext53                          text53       007A98
__ptext54                          text54       007BC8
__ptext55                          text55       007ADC
__ptext57                          text57       0078C6
__ptext58                          text58       007B60
__ptext6                           text6        007B30
__ptext60                          text60       007A4A
__ptext61                          text61       007510
__ptext62                          text62       001BDA
__ptext63                          text63       0001C8
__ptext64                          text64       007796
__ptext65                          text65       007560
__ptext66                          text66       0072F8
__ptext67                          text67       005496
__ptext68                          text68       006982
__ptext69                          text69       006678
__ptext7                           text7        007ABC
__ptext70                          text70       007688
__ptext71                          text71       002AF6
__ptext72                          text72       0078FE
__ptext73                          text73       00380E
__ptext74                          text74       00677E
__ptext75                          text75       007056
__ptext76                          text76       003FD4
__ptext77                          text77       004FC8
__ptext78                          text78       006EFC
__ptext79                          text79       0076CE
__ptext8                           text8        002FB6
__ptext80                          text80       006B4C
__ptext81                          text81       007B78
__ptext82                          text82       0077D6
__ptext83                          text83       005CD8
__ptext84                          text84       0059EA
__ptext85                          text85       005F8A
__ptext86                          text86       007936
__ptext87                          text87       007BD6
__ptext88                          text88       007A72
__ptext89                          text89       00796E
__ptext9                           text9        00741A
__ptext90                          text90       007B8E
__ramtop                           ramtop       000800
__smallconst                       smallconst   000000
_aStatus                           bssCOMRAM    00005C
_a_hor                             bssBANK1     0001D3
_a_min                             bssBANK1     0001D4
_abs                               text31       007754
_alarmaOn                          bssBANK1     0001CD
_atoi                              text34       005E3C
_config                            bssBANK1     0001D1
_cont_T0                           bssBANK0     0000BA
_data_aux                          bssCOMRAM    00005D
_data_dia                          dataBANK1    0001A8
_data_diaS                         bssBANK1     0001D5
_data_hor                          dataBANK1    0001A9
_data_mes                          dataBANK1    0001A7
_data_min                          dataBANK1    0001AA
_data_seg                          dataBANK1    0001AB
_data_year                         dataBANK1    0001A6
_dato_rx                           bssBANK0     0000BB
_dbuf                              bssBANK2     000200
_dtoa                              text26       004D0E
_dtoa$2122                         cstackBANK1  00012E
_efgtoa                            text12       000C36
_efgtoa$2153                       cstackBANK1  000147
_enviar_dato                       text50       00620A
_flag                              bssBANK1     0001D0
_flag_a                            bssBANK1     0001CF
_flag_f                            bssBANK1     0001CE
_flags                             bssBANK1     0001CC
_floorf                            text16       005280
_fputc                             text29       006A80
_fputs                             text28       0075F8
_isdigit                           text36       0079A4
_isspace                           text35       007640
_isspace$2233                      cstackBANK1  000104
_labs                              text15       007290
_lcd_buffer                        dataBANK1    0001AC
_lectura_adc                       bssCOMRAM    00005A
_main                              text0        00633C
_memcpy                            text14       0074BE
_menu                              bssBANK1     0001D2
_menu0                             text42       0060D4
_menu1                             text7        007ABC
_menu2                             text3        0049F8
_menu3                             text2        002112
_menu4                             text1        0046D0
_pad                               text27       006E4C
_prec                              bssBANK1     0001CA
_printf                            text4        0079D2
_putch                             text30       007B48
_sensor                            bssBANK0     0000B2
_sprintf                           text9        00741A
_strcpy                            text13       007712
_temp                              bssBANK0     0000B6
_vfpfcnvrt                         text11       0016A2
_vfprintf                          text10       00746C
_visualizar_Parametros             text8        002FB6
_visualizar_Parametros$2510        cstackBANK1  0001A0
_width                             bssBANK1     0001C8
abs@a                              cstackBANK1  000112
atoi@n                             cstackBANK1  00010D
atoi@neg                           cstackBANK1  00010B
atoi@s                             cstackBANK1  000106
btemp                              temp         00005E
dtoa@d                             cstackBANK1  00011E
dtoa@fp                            cstackBANK1  00011C
dtoa@i                             cstackBANK1  00013D
dtoa@n                             cstackBANK1  000134
dtoa@p                             cstackBANK1  000130
dtoa@s                             cstackBANK1  00013C
dtoa@w                             cstackBANK1  000132
efgtoa@c                           cstackBANK1  00013E
efgtoa@d                           cstackBANK1  00014C
efgtoa@e                           cstackBANK1  000150
efgtoa@f                           cstackBANK1  00013A
efgtoa@fp                          cstackBANK1  000138
efgtoa@g                           cstackBANK1  000163
efgtoa@h                           cstackBANK1  000158
efgtoa@i                           cstackBANK1  000160
efgtoa@l                           cstackBANK1  00015C
efgtoa@m                           cstackBANK1  00014E
efgtoa@mode                        cstackBANK1  00014A
efgtoa@n                           cstackBANK1  000167
efgtoa@ne                          cstackBANK1  000141
efgtoa@nmode                       cstackBANK1  00014B
efgtoa@ou                          cstackBANK1  000152
efgtoa@p                           cstackBANK1  000143
efgtoa@pp                          cstackBANK1  000149
efgtoa@sign                        cstackBANK1  000162
efgtoa@t                           cstackBANK1  000145
efgtoa@u                           cstackBANK1  000169
efgtoa@w                           cstackBANK1  000156
end_of_initialization              cinit        00740C
enviar_dato@cmd                    cstackBANK1  000102
floorf@F526                        bssBANK1     0001C0
floorf@e                           cstackBANK1  000127
floorf@m                           cstackBANK1  000123
floorf@u                           cstackBANK1  000129
floorf@x                           cstackBANK1  000119
fputc@c                            cstackBANK1  000101
fputc@fp                           cstackBANK1  000103
fputs@c                            cstackBANK1  00010E
fputs@fp                           cstackBANK1  00010C
fputs@i                            cstackBANK1  00010F
fputs@s                            cstackBANK1  00010A
i1USART_printChar@caracter         cstackBANK0  0000A4
i1USART_printString@Ptr_string     cstackBANK0  0000A5
i1_USART_printChar                 text58       007B60
i1_USART_printString               text57       0078C6
i2USART_printChar@caracter         cstackCOMRAM 000001
i2USART_printString@Ptr_string     cstackCOMRAM 000002
i2_USART_printChar                 text90       007B8E
i2_USART_printString               text89       00796E
i2___aodiv                         text84       0059EA
i2___aodiv@counter                 cstackCOMRAM 000011
i2___aodiv@dividend                cstackCOMRAM 000001
i2___aodiv@divisor                 cstackCOMRAM 000009
i2___aodiv@quotient                cstackCOMRAM 000013
i2___aodiv@sign                    cstackCOMRAM 000012
i2___aomod                         text83       005CD8
i2___aomod@counter                 cstackCOMRAM 000011
i2___aomod@dividend                cstackCOMRAM 000001
i2___aomod@divisor                 cstackCOMRAM 000009
i2___aomod@sign                    cstackCOMRAM 000012
i2___fladd                         text71       002AF6
i2___fladd@a                       cstackCOMRAM 000005
i2___fladd@aexp                    cstackCOMRAM 00000E
i2___fladd@b                       cstackCOMRAM 000001
i2___fladd@bexp                    cstackCOMRAM 00000F
i2___fladd@grs                     cstackCOMRAM 000010
i2___fladd@signs                   cstackCOMRAM 00000D
i2___fldiv                         text76       003FD4
i2___fldiv@a                       cstackCOMRAM 000005
i2___fldiv@aexp                    cstackCOMRAM 000019
i2___fldiv@b                       cstackCOMRAM 000001
i2___fldiv@bexp                    cstackCOMRAM 000018
i2___fldiv@grs                     cstackCOMRAM 000014
i2___fldiv@new_exp                 cstackCOMRAM 000012
i2___fldiv@rem                     cstackCOMRAM 00000D
i2___fldiv@sign                    cstackCOMRAM 000011
i2___fleq                          text75       007056
i2___fleq@ff1                      cstackCOMRAM 000001
i2___fleq@ff2                      cstackCOMRAM 000005
i2___flge                          text74       00677E
i2___flge@ff1                      cstackCOMRAM 00001A
i2___flge@ff2                      cstackCOMRAM 00001E
i2___flmul                         text73       00380E
i2___flmul@a                       cstackCOMRAM 000005
i2___flmul@aexp                    cstackCOMRAM 000012
i2___flmul@b                       cstackCOMRAM 000001
i2___flmul@bexp                    cstackCOMRAM 000013
i2___flmul@grs                     cstackCOMRAM 00000E
i2___flmul@prod                    cstackCOMRAM 000014
i2___flmul@sign                    cstackCOMRAM 00000D
i2___flmul@temp                    cstackCOMRAM 000018
i2___flneg                         text72       0078FE
i2___flneg@f1                      cstackCOMRAM 000001
i2___flsub                         text70       007688
i2___flsub@a                       cstackCOMRAM 00001E
i2___flsub@b                       cstackCOMRAM 00001A
i2___fltol                         text69       006678
i2___fltol@exp1                    cstackCOMRAM 00000A
i2___fltol@f1                      cstackCOMRAM 000001
i2___fltol@sign1                   cstackCOMRAM 000009
i2___fpclassifyf                   text68       006982
i2___fpclassifyf@e                 cstackCOMRAM 000009
i2___fpclassifyf@u                 cstackCOMRAM 00000B
i2___fpclassifyf@x                 cstackCOMRAM 000001
i2___wmul                          text88       007A72
i2___wmul@multiplicand             cstackCOMRAM 000003
i2___wmul@multiplier               cstackCOMRAM 000001
i2___wmul@product                  cstackCOMRAM 000005
i2_abs                             text82       0077D6
i2_atoi                            text85       005F8A
i2_dtoa                            text77       004FC8
i2_dtoa$2122                       cstackCOMRAM 00002F
i2_efgtoa                          text63       0001C8
i2_efgtoa$2153                     cstackBANK0  000066
i2_floorf                          text67       005496
i2_fputc                           text80       006B4C
i2_fputs                           text79       0076CE
i2_isdigit                         text87       007BD6
i2_isspace                         text86       007936
i2_labs                            text66       0072F8
i2_memcpy                          text65       007560
i2_pad                             text78       006EFC
i2_printf                          text60       007A4A
i2_putch                           text81       007B78
i2_strcpy                          text64       007796
i2_vfpfcnvrt                       text62       001BDA
i2_vfprintf                        text61       007510
i2abs@a                            cstackCOMRAM 000013
i2atoi@n                           cstackCOMRAM 00000E
i2atoi@neg                         cstackCOMRAM 00000C
i2atoi@s                           cstackCOMRAM 000007
i2dtoa@d                           cstackCOMRAM 00001F
i2dtoa@fp                          cstackCOMRAM 00001D
i2dtoa@i                           cstackCOMRAM 00003D
i2dtoa@n                           cstackCOMRAM 000035
i2dtoa@p                           cstackCOMRAM 000031
i2dtoa@s                           cstackCOMRAM 00003F
i2dtoa@w                           cstackCOMRAM 000033
i2efgtoa@c                         cstackCOMRAM 000034
i2efgtoa@d                         cstackBANK0  00006B
i2efgtoa@e                         cstackBANK0  00006F
i2efgtoa@f                         cstackCOMRAM 000030
i2efgtoa@fp                        cstackCOMRAM 00002E
i2efgtoa@g                         cstackBANK0  000082
i2efgtoa@h                         cstackBANK0  000077
i2efgtoa@i                         cstackBANK0  00007F
i2efgtoa@l                         cstackBANK0  00007B
i2efgtoa@m                         cstackBANK0  00006D
i2efgtoa@mode                      cstackBANK0  000069
i2efgtoa@n                         cstackBANK0  000086
i2efgtoa@ne                        cstackBANK0  000060
i2efgtoa@nmode                     cstackBANK0  00006A
i2efgtoa@ou                        cstackBANK0  000073
i2efgtoa@p                         cstackBANK0  000062
i2efgtoa@pp                        cstackBANK0  000068
i2efgtoa@sign                      cstackBANK0  000081
i2efgtoa@t                         cstackBANK0  000064
i2efgtoa@u                         cstackBANK0  000088
i2efgtoa@w                         cstackBANK0  000071
i2floorf@e                         cstackCOMRAM 000028
i2floorf@m                         cstackCOMRAM 000024
i2floorf@u                         cstackCOMRAM 00002A
i2floorf@x                         cstackCOMRAM 00001A
i2fputc@c                          cstackCOMRAM 000002
i2fputc@fp                         cstackCOMRAM 000004
i2fputs@c                          cstackCOMRAM 00000F
i2fputs@fp                         cstackCOMRAM 00000D
i2fputs@i                          cstackCOMRAM 000010
i2fputs@s                          cstackCOMRAM 00000B
i2isdigit@c                        cstackCOMRAM 000001
i2isspace@c                        cstackCOMRAM 000001
i2labs@a                           cstackCOMRAM 000001
i2memcpy@d                         cstackCOMRAM 000007
i2memcpy@d1                        cstackCOMRAM 000001
i2memcpy@n                         cstackCOMRAM 000005
i2memcpy@s                         cstackCOMRAM 000009
i2memcpy@s1                        cstackCOMRAM 000003
i2memcpy@tmp                       cstackCOMRAM 00000B
i2pad@buf                          cstackCOMRAM 000014
i2pad@fp                           cstackCOMRAM 000012
i2pad@i                            cstackCOMRAM 000019
i2pad@p                            cstackCOMRAM 000016
i2pad@w                            cstackCOMRAM 00001B
i2printf@ap                        cstackCOMRAM 000058
i2printf@fmt                       cstackBANK0  000092
i2putch@c                          cstackCOMRAM 000001
i2strcpy@d                         cstackCOMRAM 000007
i2strcpy@dest                      cstackCOMRAM 000001
i2strcpy@s                         cstackCOMRAM 000005
i2strcpy@src                       cstackCOMRAM 000003
i2vfpfcnvrt@ap                     cstackCOMRAM 000044
i2vfpfcnvrt@c                      cstackCOMRAM 000053
i2vfpfcnvrt@convarg                cstackCOMRAM 00004B
i2vfpfcnvrt@cp                     cstackCOMRAM 000054
i2vfpfcnvrt@done                   cstackCOMRAM 000049
i2vfpfcnvrt@fmt                    cstackCOMRAM 000042
i2vfpfcnvrt@fp                     cstackCOMRAM 000040
i2vfprintf@ap                      cstackBANK0  000090
i2vfprintf@cfmt                    cstackCOMRAM 000056
i2vfprintf@fmt                     cstackBANK0  00008E
i2vfprintf@fp                      cstackBANK0  00008C
int$flags                          temp         00005E
int_func                           intcode_body 00436E
intlevel0                          text         000000
intlevel1                          text         000000
intlevel2                          text         000000
intlevel3                          text         000000
isa$std                            (abs)        000001
isa$xinst                          (abs)        000000
isdigit@c                          cstackBANK1  000100
isspace@c                          cstackBANK1  000100
labs@a                             cstackBANK1  000100
memcpy@d                           cstackBANK1  000107
memcpy@d1                          cstackBANK1  000100
memcpy@n                           cstackBANK1  000104
memcpy@s                           cstackBANK1  000109
memcpy@s1                          cstackBANK1  000102
memcpy@tmp                         cstackBANK1  000106
pad@buf                            cstackBANK1  000113
pad@fp                             cstackBANK1  000111
pad@i                              cstackBANK1  000118
pad@p                              cstackBANK1  000115
pad@w                              cstackBANK1  00011A
printf@ap                          cstackBANK1  000193
printf@fmt                         cstackBANK1  00018B
putch@c                            cstackBANK1  000100
sprintf@ap                         cstackBANK1  000193
sprintf@f                          cstackBANK1  000195
sprintf@fmt                        cstackBANK1  00018D
sprintf@s                          cstackBANK1  00018B
stackhi                            (abs)        000000
stacklo                            (abs)        000000
start                              init         0001C4
start_initialization               cinit        0073C0
strcpy@d                           cstackBANK1  000106
strcpy@dest                        cstackBANK1  000100
strcpy@s                           cstackBANK1  000104
strcpy@src                         cstackBANK1  000102
ttemp5                             temp         00005F
ttemp6                             temp         000062
ttemp7                             temp         000066
vfpfcnvrt@ap                       cstackBANK1  000171
vfpfcnvrt@c                        cstackBANK1  000180
vfpfcnvrt@convarg                  cstackBANK1  000178
vfpfcnvrt@cp                       cstackBANK1  000181
vfpfcnvrt@done                     cstackBANK1  000176
vfpfcnvrt@fmt                      cstackBANK1  00016F
vfpfcnvrt@fp                       cstackBANK1  00016D
vfprintf@ap                        cstackBANK1  000187
vfprintf@cfmt                      cstackBANK1  000189
vfprintf@fmt                       cstackBANK1  000185
vfprintf@fp                        cstackBANK1  000183
wtemp8                             temp         00005F


MODULE INFORMATION

Module		Function		Class		Link	Load	Size
C:\Program Files\Microchip\xc8\v2.40\pic\sources\c99\common\sprcmul.c
		___flmul       		CODE           	33E2	0000	1068

C:\Program Files\Microchip\xc8\v2.40\pic\sources\c99\common\sprcmul.c estimated size: 1068

USART.c
		_USART_printString		CODE           	788E	0000	56
		_putch         		CODE           	7B48	0000	24
		_USART_printChar		CODE           	7B30	0000	24
		_USART_init    		CODE           	7226	0000	106

USART.c estimated size: 210

C:\Program Files\Microchip\xc8\v2.40\pic\sources\c99\common\nf_fputc.c
		_fputc         		CODE           	6A80	0000	204

C:\Program Files\Microchip\xc8\v2.40\pic\sources\c99\common\nf_fputc.c estimated size: 204

LIBRERIA_LCD.c
		_Lcd_Init      		CODE           	6CDC	0000	190
		_Lcd_Out       		CODE           	735E	0000	98
		_Lcd_XY        		CODE           	71A6	0000	128
		_Lcd_Cmd       		CODE           	7BB6	0000	18
		_Lcd_Char      		CODE           	7BA4	0000	18
		_enviar_dato   		CODE           	620A	0000	306

LIBRERIA_LCD.c estimated size: 758

C:\Program Files\Microchip\xc8\v2.40\pic\sources\c99\common\sprcdiv.c
		___fldiv       		CODE           	3C38	0000	924

C:\Program Files\Microchip\xc8\v2.40\pic\sources\c99\common\sprcdiv.c estimated size: 924

C:\Program Files\Microchip\xc8\v2.40\pic\sources\c99\common\nf_sprintf.c
		_sprintf       		CODE           	741A	0000	82

C:\Program Files\Microchip\xc8\v2.40\pic\sources\c99\common\nf_sprintf.c estimated size: 82

C:\Program Files\Microchip\xc8\v2.40\pic\sources\c99\common\memcpy.c
		_memcpy        		CODE           	74BE	0000	82

C:\Program Files\Microchip\xc8\v2.40\pic\sources\c99\common\memcpy.c estimated size: 82

C:\Program Files\Microchip\xc8\v2.40\pic\sources\c99\common\awdiv.c
		___awdiv       		CODE           	6C16	0000	198

C:\Program Files\Microchip\xc8\v2.40\pic\sources\c99\common\awdiv.c estimated size: 198

C:\Program Files\Microchip\xc8\v2.40\pic\sources\c99\common\fltol.c
		___fltol       		CODE           	646A	0000	264

C:\Program Files\Microchip\xc8\v2.40\pic\sources\c99\common\fltol.c estimated size: 264

C:\Program Files\Microchip\xc8\v2.40\pic\sources\c99\common\isspace.c
		_isspace       		CODE           	7640	0000	72

C:\Program Files\Microchip\xc8\v2.40\pic\sources\c99\common\isspace.c estimated size: 72

C:\Program Files\Microchip\xc8\v2.40\pic\sources\c99\common\atoi.c
		_atoi          		CODE           	5E3C	0000	334

C:\Program Files\Microchip\xc8\v2.40\pic\sources\c99\common\atoi.c estimated size: 334

C:\Program Files\Microchip\xc8\v2.40\pic\sources\c99\common\Umul16.c
		___wmul        		CODE           	79FA	0000	40

C:\Program Files\Microchip\xc8\v2.40\pic\sources\c99\common\Umul16.c estimated size: 40

C:\Program Files\Microchip\xc8\v2.40\pic\sources\c99\common\fleq.c
		___fleq        		CODE           	6FAA	0000	172

C:\Program Files\Microchip\xc8\v2.40\pic\sources\c99\common\fleq.c estimated size: 172

C:\Program Files\Microchip\xc8\v2.40\pic\sources\c99\common\abs.c
		_abs           		CODE           	7754	0000	66

C:\Program Files\Microchip\xc8\v2.40\pic\sources\c99\common\abs.c estimated size: 66

C:\Program Files\Microchip\xc8\v2.40\pic\sources\c99\common\__lldiv.c
		___lldiv       		CODE           	7100	0000	166

C:\Program Files\Microchip\xc8\v2.40\pic\sources\c99\common\__lldiv.c estimated size: 166

C:\Program Files\Microchip\xc8\v2.40\pic\sources\c99\common\printf.c
		_printf        		CODE           	79D2	0000	40

C:\Program Files\Microchip\xc8\v2.40\pic\sources\c99\common\printf.c estimated size: 40

C:\Program Files\Microchip\xc8\v2.40\pic\sources\c99\common\__fpclassifyf.c
		___fpclassifyf 		CODE           	6882	0000	256

C:\Program Files\Microchip\xc8\v2.40\pic\sources\c99\common\__fpclassifyf.c estimated size: 256

ADC_libreria.c
		_ADC_Read      		CODE           	7816	0000	62
		_ADC_Init      		CODE           	7ADC	0000	30

ADC_libreria.c estimated size: 92

C:\Program Files\Microchip\xc8\v2.40\pic\sources\c99\common\isdigit.c
		_isdigit       		CODE           	79A4	0000	46

C:\Program Files\Microchip\xc8\v2.40\pic\sources\c99\common\isdigit.c estimated size: 46

C:\Program Files\Microchip\xc8\v2.40\pic\sources\c99\common\sprcadd.c
		___flsub       		CODE           	75B0	0000	72
		___fladd       		CODE           	2634	0000	1218

C:\Program Files\Microchip\xc8\v2.40\pic\sources\c99\common\sprcadd.c estimated size: 1290

C:\Program Files\Microchip\xc8\v2.40\pic\sources\c99\common\floorf.c
		_floorf        		CODE           	5280	0000	534

C:\Program Files\Microchip\xc8\v2.40\pic\sources\c99\common\floorf.c estimated size: 534

C:\Program Files\Microchip\xc8\v2.40\pic\sources\c99\common\flneg.c
		___flneg       		CODE           	7854	0000	58

C:\Program Files\Microchip\xc8\v2.40\pic\sources\c99\common\flneg.c estimated size: 58

C:\Program Files\Microchip\xc8\v2.40\pic\sources\c99\common\labs.c
		_labs          		CODE           	7290	0000	104

C:\Program Files\Microchip\xc8\v2.40\pic\sources\c99\common\labs.c estimated size: 104

C:\Program Files\Microchip\xc8\v2.40\pic\sources\c99\common\xxtofl.c
		___xxtofl      		CODE           	56A8	0000	440

C:\Program Files\Microchip\xc8\v2.40\pic\sources\c99\common\xxtofl.c estimated size: 440

C:\Program Files\Microchip\xc8\v2.40\pic\sources\c99\common\nf_fputs.c
		_fputs         		CODE           	75F8	0000	72

C:\Program Files\Microchip\xc8\v2.40\pic\sources\c99\common\nf_fputs.c estimated size: 72

C:\Program Files\Microchip\xc8\v2.40\pic\sources\c99\common\aomod.c
		___aomod       		CODE           	5B72	0000	358

C:\Program Files\Microchip\xc8\v2.40\pic\sources\c99\common\aomod.c estimated size: 358

shared
		i2_printf      		CODE           	7A4A	0000	40
		i2_vfpfcnvrt   		CODE           	1BDA	0000	1336
		i2_pad         		CODE           	6EFC	0000	174
		i2_atoi        		CODE           	5F8A	0000	330
		i2_abs         		CODE           	77D6	0000	64
		i2_floorf      		CODE           	5496	0000	530
		i2_labs        		CODE           	72F8	0000	102
		i2_putch       		CODE           	7B78	0000	22
		i2___fleq      		CODE           	7056	0000	170
		i2_isspace     		CODE           	7936	0000	56
		i2_vfprintf    		CODE           	7510	0000	80
		i2_isdigit     		CODE           	7BD6	0000	2
		i2___flneg     		CODE           	78FE	0000	56
		i2_strcpy      		CODE           	7796	0000	64
		i2___fladd     		CODE           	2AF6	0000	1216
		i2___wmul      		CODE           	7A72	0000	38
		i2_dtoa        		CODE           	4FC8	0000	696
		i2___fldiv     		CODE           	3FD4	0000	922
		i2___fltol     		CODE           	6678	0000	262
		__initialization		CODE           	73C0	0000	76
		i2___flge      		CODE           	677E	0000	260
		i2___aodiv     		CODE           	59EA	0000	392
		i2___flmul     		CODE           	380E	0000	1066
		i2___fpclassifyf		CODE           	6982	0000	254
		i1_USART_printString		CODE           	78C6	0000	56
		i2___flsub     		CODE           	7688	0000	70
		i2_USART_printString		CODE           	796E	0000	54
		i2_efgtoa      		CODE           	01C8	0000	2670
		i2___aomod     		CODE           	5CD8	0000	356
		i2_fputc       		CODE           	6B4C	0000	202
		i2_fputs       		CODE           	76CE	0000	68
		i1_USART_printChar		CODE           	7B60	0000	24
		i2_memcpy      		CODE           	7560	0000	80
		i2_USART_printChar		CODE           	7B8E	0000	22

shared estimated size: 11810

C:\Program Files\Microchip\xc8\v2.40\pic\sources\c99\common\strcpy.c
		_strcpy        		CODE           	7712	0000	66

C:\Program Files\Microchip\xc8\v2.40\pic\sources\c99\common\strcpy.c estimated size: 66

C:\Program Files\Microchip\xc8\v2.40\pic\sources\c99\common\flge.c
		___flge        		CODE           	6572	0000	262

C:\Program Files\Microchip\xc8\v2.40\pic\sources\c99\common\flge.c estimated size: 262

C:\Program Files\Microchip\xc8\v2.40\pic\sources\c99\common\awmod.c
		___awmod       		CODE           	6D9A	0000	178

C:\Program Files\Microchip\xc8\v2.40\pic\sources\c99\common\awmod.c estimated size: 178

C:\Program Files\Microchip\xc8\v2.40\pic\sources\c99\common\doprnt.c
		_vfpfcnvrt     		CODE           	16A2	0000	1336
		_efgtoa        		CODE           	0C36	0000	2668
		_pad           		CODE           	6E4C	0000	176
		_dtoa          		CODE           	4D0E	0000	698
		_vfprintf      		CODE           	746C	0000	82

C:\Program Files\Microchip\xc8\v2.40\pic\sources\c99\common\doprnt.c estimated size: 4960

main.c
		_menu4         		CODE           	46D0	0000	808
		_main          		CODE           	633C	0000	302
		_ISR1          		CODE           	0008	0000	872
		_menu0         		CODE           	60D4	0000	310
		_ISR2          		CODE           	0018	0000	428
		_Config_TMR0   		CODE           	7AFA	0000	28
		_Config_Port   		CODE           	7A22	0000	40
		_Config_Clock  		CODE           	7BC8	0000	14
		_visualizar_Parametros		CODE           	2FB6	0000	1068
		_menu1         		CODE           	7ABC	0000	32
		_Config_Interrupt_priority		CODE           	7A98	0000	36
		_menu2         		CODE           	49F8	0000	790
		_menu3         		CODE           	2112	0000	1314

main.c estimated size: 6042

C:\Program Files\Microchip\xc8\v2.40\pic\sources\c99\common\aodiv.c
		___aodiv       		CODE           	5860	0000	394

C:\Program Files\Microchip\xc8\v2.40\pic\sources\c99\common\aodiv.c estimated size: 394

