Microchip MPLAB XC8 Compiler V2.40

Linker command line:

-W-3 \
  --edf=C:\Program Files\Microchip\xc8\v2.40\pic\dat\20220703182018_en.msgs \
  -cn -h+dist/default/production\ADC_LIBRERIA.X.production.sym \
  --cmf=dist/default/production\ADC_LIBRERIA.X.production.cmf -z -Q18F45K50 \
  -oC:\Users\dg_su\AppData\Local\Temp\xcAsc74.4 --defsym=__MPLAB_BUILD=1 \
  --fixupoverflow=error \
  -Mdist/default/production/ADC_LIBRERIA.X.production.map \
  --md=C:\Users\dg_su\AppData\Local\Temp\xcAsc74.dat -E1 -ver=XC8 Compiler \
  --acfsm=1493 -ACODE=00h-07FFFh -ACONST=00h-07FFFh \
  -ASMALLCONST=0800h-08FFhx120 -AMEDIUMCONST=0800h-07FFFh -ACOMRAM=01h-05Fh \
  -AABS1=00h-07FFh -ABIGRAM=01h-07FFh -ARAM=060h-0FFh,0100h-01FFhx7 \
  -ABANK0=060h-0FFh -ABANK1=0100h-01FFh -ABANK2=0200h-02FFh \
  -ABANK3=0300h-03FFh -ABANK4=0400h-04FFh -ABANK5=0500h-05FFh \
  -ABANK6=0600h-06FFh -ABANK7=0700h-07FFh -ASFR=0F53h-0F5Fh,0F60h-0FFFh \
  -ABIGSFR=0F53h-0FFFh -ACONFIG=0300000h-030000Dh -AIDLOC=0200000h-0200007h \
  -AEEDATA=0F00000h-0F000FFh -peeprom_data=EEDATA \
  -preset_vec=00h,intcode,intcodelo,powerup,init -pramtop=0800h \
  -psmallconst=SMALLCONST -pmediumconst=MEDIUMCONST -pconst=CONST \
  -AFARRAM=00h-00h \
  -prdata=COMRAM,nvrram=COMRAM,nvbit=COMRAM,rbss=COMRAM,rbit=COMRAM \
  -pfarbss=FARRAM,fardata=FARRAM,nvFARRAM=FARRAM \
  -pintsave_regs=BIGRAM,bigbss=BIGRAM,bigdata=BIGRAM -pbss=RAM \
  -pidata=CODE,irdata=CODE,ibigdata=CODE,ifardata=CODE -prparam=COMRAM \
  C:\Users\dg_su\AppData\Local\Temp\xcAsc74.o \
  dist/default/production\ADC_LIBRERIA.X.production.o 

Object code version is 3.11

Machine type is 18F45K50



                Name                               Link     Load   Length Selector   Space Scale
C:\Users\dg_su\AppData\Local\Temp\xcAsc74.o
                idloc                            200000   200000        8        0       5
                config                           300000   300000        E        0       4
                init                                  0        0        4        0       0
dist/default/production\ADC_LIBRERIA.X.production.o
                idloc                            200000   200000        8        0       5
                config                           300000   300000        E        0       4
                smallconst                          800      800       2C      400       0
                text41                             3AE8     3AE8       1E      416       0
                text40                             3A1A     3A1A       38      416       0
                text39                             3B30     3B30        E      416       0
                text38                             3B06     3B06       1C      416       0
                text37                             36CA     36CA       5C      416       0
                text36                             3AC8     3AC8       20      416       0
                text35                             3B22     3B22        E      416       0
                text34                             358A     358A       74      416       0
                text33                             3664     3664       66      416       0
                text32                             39E2     39E2       38      416       0
                text31                             396A     396A       40      416       0
                text30                             2912     2912      1B4      416       0
                text29                             3A7E     3A7E       26      416       0
                text28                             3A52     3A52       2C      416       0
                text27                             3860     3860       46      416       0
                text26                             2F1A     2F1A      14A      416       0
                text25                             2AC6     2AC6      188      416       0
                text24                             2DB6     2DB6      164      416       0
                text23                             392A     392A       40      416       0
                text22                             3B3E     3B3E        2      416       0
                text21                             336C     336C       CA      416       0
                text20                             38A6     38A6       44      416       0
                text19                             34E0     34E0       AA      416       0
                text18                             244A     244A      2B6      416       0
                text17                             20B0     20B0      39A      416       0
                text16                             3436     3436       AA      416       0
                text15                             316A     316A      104      416       0
                text14                             1C86     1C86      42A      416       0
                text13                             39AA     39AA       38      416       0
                text12                             17C6     17C6      4C0      416       0
                text11                             381A     381A       46      416       0
                text10                             3064     3064      106      416       0
                text9                              326E     326E       FE      416       0
                text8                              2700     2700      212      416       0
                text7                              35FE     35FE       66      416       0
                text6                              37CA     37CA       50      416       0
                text5                              38EA     38EA       40      416       0
                text4                               82C      82C      A64      416       0
                text3                              1290     1290      536      416       0
                text2                              3778     3778       52      416       0
                text1                              3726     3726       52      416       0
                text0                              2C4E     2C4E      168      416       0
                cstackCOMRAM                          1        1       5E        1       1
                cstackBANK0                          60       60       42       60       1
                bssBANK1                            100      100       50      100       1
                bssBANK0                             A2       A2       28       60       1
                bssCOMRAM                            5F       5F        1        1       1
                cinit                              3AA4     3AA4       24      416       0

TOTAL           Name                               Link     Load   Length     Space
        CLASS   CODE           
                init                                  0        0        4         0
                text41                             3AE8     3AE8       1E         0
                text40                             3A1A     3A1A       38         0
                text39                             3B30     3B30        E         0
                text38                             3B06     3B06       1C         0
                text37                             36CA     36CA       5C         0
                text36                             3AC8     3AC8       20         0
                text35                             3B22     3B22        E         0
                text34                             358A     358A       74         0
                text33                             3664     3664       66         0
                text32                             39E2     39E2       38         0
                text31                             396A     396A       40         0
                text30                             2912     2912      1B4         0
                text29                             3A7E     3A7E       26         0
                text28                             3A52     3A52       2C         0
                text27                             3860     3860       46         0
                text26                             2F1A     2F1A      14A         0
                text25                             2AC6     2AC6      188         0
                text24                             2DB6     2DB6      164         0
                text23                             392A     392A       40         0
                text22                             3B3E     3B3E        2         0
                text21                             336C     336C       CA         0
                text20                             38A6     38A6       44         0
                text19                             34E0     34E0       AA         0
                text18                             244A     244A      2B6         0
                text17                             20B0     20B0      39A         0
                text16                             3436     3436       AA         0
                text15                             316A     316A      104         0
                text14                             1C86     1C86      42A         0
                text13                             39AA     39AA       38         0
                text12                             17C6     17C6      4C0         0
                text11                             381A     381A       46         0
                text10                             3064     3064      106         0
                text9                              326E     326E       FE         0
                text8                              2700     2700      212         0
                text7                              35FE     35FE       66         0
                text6                              37CA     37CA       50         0
                text5                              38EA     38EA       40         0
                text4                               82C      82C      A64         0
                text3                              1290     1290      536         0
                text2                              3778     3778       52         0
                text1                              3726     3726       52         0
                text0                              2C4E     2C4E      168         0
                cinit                              3AA4     3AA4       24         0

        CLASS   CONST          

        CLASS   SMALLCONST     
                smallconst                          800      800       2C         0

        CLASS   MEDIUMCONST    

        CLASS   COMRAM         
                cstackCOMRAM                          1        1       5E         1
                bssCOMRAM                            5F       5F        1         1

        CLASS   ABS1           

        CLASS   BIGRAM         

        CLASS   RAM            

        CLASS   BANK0          
                cstackBANK0                          60       60       42         1
                bssBANK0                             A2       A2       28         1

        CLASS   BANK1          
                bssBANK1                            100      100       50         1

        CLASS   BANK2          

        CLASS   BANK3          

        CLASS   BANK4          

        CLASS   BANK5          

        CLASS   BANK6          

        CLASS   BANK7          

        CLASS   SFR            

        CLASS   BIGSFR         

        CLASS   CONFIG         
                config                           300000   300000        E         4

        CLASS   IDLOC          
                idloc                            200000   200000        8         5

        CLASS   EEDATA         

        CLASS   FARRAM         

        CLASS   HEAP           

        CLASS   STACK          



SEGMENTS        Name                           Load    Length   Top    Selector   Space  Class

                reset_vec                      000000  000004  000004         0       0  CODE    
                cstackCOMRAM                   000001  00005F  000060         1       1  COMRAM  
                cstackBANK0                    000060  00006A  0000CA        60       1  BANK0   
                bssBANK1                       000100  000050  000150       100       1  BANK1   
                smallconst                     000800  00002C  00082C       400       0  SMALLCON
                text4                          00082C  003314  003B40       416       0  CODE    


UNUSED ADDRESS RANGES

        Name                Unused          Largest block    Delta
        BANK0            0000CA-0000FF               36
        BANK1            000150-0001FF               B0
        BANK2            000200-0002FF              100
        BANK3            000300-0003FF              100
        BANK4            000400-0004FF              100
        BANK5            000500-0005FF              100
        BANK6            000600-0006FF              100
        BANK7            000700-0007FF              100
        BIGRAM           0000CA-0000FF               36
                         000150-0007FF              6B0
        BIGSFR           000F53-000FFF               AD
        CODE             000004-0007FF              7FC
                         003B40-007FFF             44C0
        CONST            000004-0007FF              7FC
                         003B40-007FFF             44C0
        EEDATA           F00000-F000FF              100
        MEDIUMCONST      003B40-007FFF             44C0
        RAM              0000CA-0000FF               36
                         000150-0007FF              100
        SFR              000F53-000FFF                D
        SMALLCONST       003B40-007FFF              100

                                  Symbol Table

?_ADC_Read                cstackCOMRAM 000001
?___aodiv                 cstackCOMRAM 000001
?___aomod                 cstackCOMRAM 000001
?___fladd                 cstackCOMRAM 000001
?___fldiv                 cstackCOMRAM 000001
?___flmul                 cstackCOMRAM 00000F
?___flneg                 cstackCOMRAM 000001
?___flsub                 cstackCOMRAM 000028
?___fltol                 cstackCOMRAM 000001
?___fpclassifyf           cstackCOMRAM 000001
?___wmul                  cstackCOMRAM 000001
?___xxtofl                cstackCOMRAM 000001
?_abs                     cstackCOMRAM 000013
?_atoi                    cstackCOMRAM 000007
?_floorf                  cstackCOMRAM 00001A
?_isdigit                 cstackCOMRAM 000001
?_isspace                 cstackCOMRAM 000001
?_labs                    cstackCOMRAM 000001
?_sprintf                 cstackBANK0  000098
?_vfprintf                cstackBANK0  000092
ADC_Read@channel          cstackCOMRAM 000005
Lcd_Cmd@a                 cstackCOMRAM 000003
Lcd_Port@a                cstackCOMRAM 000001
Lcd_Set_Cursor@a          cstackCOMRAM 000005
Lcd_Set_Cursor@b          cstackCOMRAM 000004
Lcd_Set_Cursor@temp       cstackCOMRAM 000008
Lcd_Set_Cursor@y          cstackCOMRAM 000007
Lcd_Set_Cursor@z          cstackCOMRAM 000006
Lcd_Write_Char@a          cstackCOMRAM 000004
Lcd_Write_Char@temp       cstackCOMRAM 000002
Lcd_Write_Char@y          cstackCOMRAM 000003
Lcd_Write_String@a        cstackCOMRAM 000005
Lcd_Write_String@i        cstackCOMRAM 000007
_ADCON0bits               (abs)        000FC2
_ADCON1bits               (abs)        000FC1
_ADCON2bits               (abs)        000FC0
_ADC_Init                 text41       003AE8
_ADC_Read                 text40       003A1A
_ADRESH                   (abs)        000FC4
_ADRESL                   (abs)        000FC3
_ANSELAbits               (abs)        000F5B
_ANSELD                   (abs)        000F5E
_Config_Clock             text39       003B30
_Config_Port              text38       003B06
_LATD                     (abs)        000F8C
_LATDbits                 (abs)        000F8C
_Lcd_Clear                text35       003B22
_Lcd_Cmd                  text36       003AC8
_Lcd_Init                 text34       00358A
_Lcd_Port                 text37       0036CA
_Lcd_Set_Cursor           text33       003664
_Lcd_Write_Char           text32       0039E2
_Lcd_Write_String         text31       00396A
_OSCCONbits               (abs)        000FD3
_SLRCON                   (abs)        000F7A
_TRISAbits                (abs)        000F92
_TRISD                    (abs)        000F95
__HRAM                    (abs)        000000
__Habs1                   abs1         000000
__Hbank0                  bank0        000000
__Hbank1                  bank1        000000
__Hbank2                  bank2        000000
__Hbank3                  bank3        000000
__Hbank4                  bank4        000000
__Hbank5                  bank5        000000
__Hbank6                  bank6        000000
__Hbank7                  bank7        000000
__Hbigbss                 bigbss       000000
__Hbigdata                bigdata      000000
__Hbigram                 bigram       000000
__Hbigsfr                 bigsfr       000000
__Hbss                    bss          000000
__HbssBANK0               bssBANK0     000000
__HbssBANK1               bssBANK1     000000
__HbssCOMRAM              bssCOMRAM    000000
__Hcinit                  cinit        000000
__Hclrtext                clrtext      000000
__Hcomram                 comram       000000
__Hconfig                 config       30000E
__Hconst                  const        000000
__HcstackBANK0            cstackBANK0  000000
__HcstackCOMRAM           cstackCOMRAM 000000
__Hdata                   data         000000
__Heeprom_data            eeprom_data  000000
__Hfarbss                 farbss       000000
__Hfardata                fardata      000000
__Hheap                   heap         000000
__Hibigdata               ibigdata     000000
__Hidata                  idata        000000
__Hidloc                  idloc        200008
__Hifardata               ifardata     000000
__Hinit                   init         000004
__Hintcode                intcode      000000
__Hintcode_body           intcode_body 000000
__Hintcodelo              intcodelo    000000
__Hintentry               intentry     000000
__Hintret                 intret       000000
__Hintsave_regs           intsave_regs 000000
__Hirdata                 irdata       000000
__Hmediumconst            mediumconst  000000
__HnvFARRAM               nvFARRAM     000000
__Hnvbit                  nvbit        000000
__Hnvrram                 nvrram       000000
__Hparam                  rparam       000000
__Hpowerup                powerup      000000
__Hram                    ram          000000
__Hramtop                 ramtop       000800
__Hrbit                   rbit         000000
__Hrbss                   rbss         000000
__Hrdata                  rdata        000000
__Hreset_vec              reset_vec    000000
__Hrparam                 rparam       000000
__Hsfr                    sfr          000000
__Hsmallconst             smallconst   00082C
__Hspace_0                (abs)        003B40
__Hspace_1                (abs)        000150
__Hspace_2                (abs)        000000
__Hspace_4                (abs)        60000E
__Hstack                  stack        000000
__Hstruct                 struct       000000
__Htemp                   temp         000000
__Htext                   text         000000
__Htext0                  text0        000000
__Htext1                  text1        000000
__Htext10                 text10       000000
__Htext11                 text11       000000
__Htext12                 text12       000000
__Htext13                 text13       000000
__Htext14                 text14       000000
__Htext15                 text15       000000
__Htext16                 text16       000000
__Htext17                 text17       000000
__Htext18                 text18       000000
__Htext19                 text19       000000
__Htext2                  text2        000000
__Htext20                 text20       000000
__Htext21                 text21       000000
__Htext22                 text22       000000
__Htext23                 text23       000000
__Htext24                 text24       000000
__Htext25                 text25       000000
__Htext26                 text26       000000
__Htext27                 text27       000000
__Htext28                 text28       000000
__Htext29                 text29       000000
__Htext3                  text3        000000
__Htext30                 text30       000000
__Htext31                 text31       000000
__Htext32                 text32       000000
__Htext33                 text33       000000
__Htext34                 text34       000000
__Htext35                 text35       000000
__Htext36                 text36       000000
__Htext37                 text37       000000
__Htext38                 text38       000000
__Htext39                 text39       000000
__Htext4                  text4        000000
__Htext40                 text40       000000
__Htext41                 text41       000000
__Htext5                  text5        000000
__Htext6                  text6        000000
__Htext7                  text7        000000
__Htext8                  text8        000000
__Htext9                  text9        000000
__LRAM                    (abs)        000001
__Labs1                   abs1         000000
__Lbank0                  bank0        000000
__Lbank1                  bank1        000000
__Lbank2                  bank2        000000
__Lbank3                  bank3        000000
__Lbank4                  bank4        000000
__Lbank5                  bank5        000000
__Lbank6                  bank6        000000
__Lbank7                  bank7        000000
__Lbigbss                 bigbss       000000
__Lbigdata                bigdata      000000
__Lbigram                 bigram       000000
__Lbigsfr                 bigsfr       000000
__Lbss                    bss          000000
__LbssBANK0               bssBANK0     000000
__LbssBANK1               bssBANK1     000000
__LbssCOMRAM              bssCOMRAM    000000
__Lcinit                  cinit        000000
__Lclrtext                clrtext      000000
__Lcomram                 comram       000000
__Lconfig                 config       000000
__Lconst                  const        000000
__LcstackBANK0            cstackBANK0  000000
__LcstackCOMRAM           cstackCOMRAM 000000
__Ldata                   data         000000
__Leeprom_data            eeprom_data  000000
__Lfarbss                 farbss       000000
__Lfardata                fardata      000000
__Lheap                   heap         000000
__Libigdata               ibigdata     000000
__Lidata                  idata        000000
__Lidloc                  idloc        000000
__Lifardata               ifardata     000000
__Linit                   init         000000
__Lintcode                intcode      000000
__Lintcode_body           intcode_body 000000
__Lintcodelo              intcodelo    000000
__Lintentry               intentry     000000
__Lintret                 intret       000000
__Lintsave_regs           intsave_regs 000000
__Lirdata                 irdata       000000
__Lmediumconst            mediumconst  000000
__LnvFARRAM               nvFARRAM     000000
__Lnvbit                  nvbit        000000
__Lnvrram                 nvrram       000000
__Lparam                  rparam       000000
__Lpowerup                powerup      000000
__Lram                    ram          000000
__Lramtop                 ramtop       000800
__Lrbit                   rbit         000000
__Lrbss                   rbss         000000
__Lrdata                  rdata        000000
__Lreset_vec              reset_vec    000000
__Lrparam                 rparam       000000
__Lsfr                    sfr          000000
__Lsmallconst             smallconst   000800
__Lspace_0                (abs)        000000
__Lspace_1                (abs)        000000
__Lspace_2                (abs)        000000
__Lspace_4                (abs)        000000
__Lstack                  stack        000000
__Lstruct                 struct       000000
__Ltemp                   temp         000000
__Ltext                   text         000000
__Ltext0                  text0        000000
__Ltext1                  text1        000000
__Ltext10                 text10       000000
__Ltext11                 text11       000000
__Ltext12                 text12       000000
__Ltext13                 text13       000000
__Ltext14                 text14       000000
__Ltext15                 text15       000000
__Ltext16                 text16       000000
__Ltext17                 text17       000000
__Ltext18                 text18       000000
__Ltext19                 text19       000000
__Ltext2                  text2        000000
__Ltext20                 text20       000000
__Ltext21                 text21       000000
__Ltext22                 text22       000000
__Ltext23                 text23       000000
__Ltext24                 text24       000000
__Ltext25                 text25       000000
__Ltext26                 text26       000000
__Ltext27                 text27       000000
__Ltext28                 text28       000000
__Ltext29                 text29       000000
__Ltext3                  text3        000000
__Ltext30                 text30       000000
__Ltext31                 text31       000000
__Ltext32                 text32       000000
__Ltext33                 text33       000000
__Ltext34                 text34       000000
__Ltext35                 text35       000000
__Ltext36                 text36       000000
__Ltext37                 text37       000000
__Ltext38                 text38       000000
__Ltext39                 text39       000000
__Ltext4                  text4        000000
__Ltext40                 text40       000000
__Ltext41                 text41       000000
__Ltext5                  text5        000000
__Ltext6                  text6        000000
__Ltext7                  text7        000000
__Ltext8                  text8        000000
__Ltext9                  text9        000000
__S0                      (abs)        003B40
__S1                      (abs)        000150
__S4                      (abs)        000000
__S5                      (abs)        000000
___aodiv                  text25       002AC6
___aodiv@counter          cstackCOMRAM 000011
___aodiv@dividend         cstackCOMRAM 000001
___aodiv@divisor          cstackCOMRAM 000009
___aodiv@quotient         cstackCOMRAM 000013
___aodiv@sign             cstackCOMRAM 000012
___aomod                  text24       002DB6
___aomod@counter          cstackCOMRAM 000011
___aomod@dividend         cstackCOMRAM 000001
___aomod@divisor          cstackCOMRAM 000009
___aomod@sign             cstackCOMRAM 000012
___fladd                  text12       0017C6
___fladd@a                cstackCOMRAM 000005
___fladd@aexp             cstackCOMRAM 00000E
___fladd@b                cstackCOMRAM 000001
___fladd@bexp             cstackCOMRAM 00000F
___fladd@grs              cstackCOMRAM 000010
___fladd@signs            cstackCOMRAM 00000D
___fldiv                  text17       0020B0
___fldiv@a                cstackCOMRAM 000005
___fldiv@aexp             cstackCOMRAM 000019
___fldiv@b                cstackCOMRAM 000001
___fldiv@bexp             cstackCOMRAM 000018
___fldiv@grs              cstackCOMRAM 000014
___fldiv@new_exp          cstackCOMRAM 000012
___fldiv@rem              cstackCOMRAM 00000D
___fldiv@sign             cstackCOMRAM 000011
___fleq                   text16       003436
___fleq@ff1               cstackCOMRAM 000001
___fleq@ff2               cstackCOMRAM 000005
___flge                   text15       00316A
___flge@ff1               cstackCOMRAM 000028
___flge@ff2               cstackCOMRAM 00002C
___flmul                  text14       001C86
___flmul@a                cstackCOMRAM 000013
___flmul@aexp             cstackCOMRAM 000020
___flmul@b                cstackCOMRAM 00000F
___flmul@bexp             cstackCOMRAM 000021
___flmul@grs              cstackCOMRAM 00001C
___flmul@prod             cstackCOMRAM 000022
___flmul@sign             cstackCOMRAM 00001B
___flmul@temp             cstackCOMRAM 000026
___flneg                  text13       0039AA
___flneg@f1               cstackCOMRAM 000001
___flsub                  text11       00381A
___flsub@a                cstackCOMRAM 00002C
___flsub@b                cstackCOMRAM 000028
___fltol                  text10       003064
___fltol@exp1             cstackCOMRAM 00000A
___fltol@f1               cstackCOMRAM 000001
___fltol@sign1            cstackCOMRAM 000009
___fpclassifyf            text9        00326E
___fpclassifyf@F465       bssBANK0     0000A6
___fpclassifyf@e          cstackCOMRAM 000009
___fpclassifyf@u          cstackCOMRAM 00000B
___fpclassifyf@x          cstackCOMRAM 000001
___heap_hi                (abs)        000000
___heap_lo                (abs)        000000
___inthi_sp               stack        000000
___intlo_sp               stack        000000
___param_bank             (abs)        000000
___rparam_used            (abs)        000001
___sp                     stack        000000
___wmul                   text29       003A7E
___wmul@multiplicand      cstackCOMRAM 000003
___wmul@multiplier        cstackCOMRAM 000001
___wmul@product           cstackCOMRAM 000005
___xxtofl                 text30       002912
___xxtofl@arg             cstackCOMRAM 00000B
___xxtofl@exp             cstackCOMRAM 00000A
___xxtofl@sign            cstackCOMRAM 000009
___xxtofl@val             cstackCOMRAM 000001
__accesstop               (abs)        000060
__activetblptr            (abs)        000002
__end_of_ADC_Init         text41       003B06
__end_of_ADC_Read         text40       003A52
__end_of_Config_Clock     text39       003B3E
__end_of_Config_Port      text38       003B22
__end_of_Lcd_Clear        text35       003B30
__end_of_Lcd_Cmd          text36       003AE8
__end_of_Lcd_Init         text34       0035FE
__end_of_Lcd_Port         text37       003726
__end_of_Lcd_Set_Cursor   text33       0036CA
__end_of_Lcd_Write_Char   text32       003A1A
__end_of_Lcd_Write_String text31       0039AA
__end_of___aodiv          text25       002C4E
__end_of___aomod          text24       002F1A
__end_of___fladd          text12       001C86
__end_of___fldiv          text17       00244A
__end_of___fleq           text16       0034E0
__end_of___flge           text15       00326E
__end_of___flmul          text14       0020B0
__end_of___flneg          text13       0039E2
__end_of___flsub          text11       003860
__end_of___fltol          text10       00316A
__end_of___fpclassifyf    text9        00336C
__end_of___wmul           text29       003AA4
__end_of___xxtofl         text30       002AC6
__end_of__initialization  cinit        003ABE
__end_of_abs              text23       00396A
__end_of_atoi             text26       003064
__end_of_dtoa             text18       002700
__end_of_efgtoa           text4        001290
__end_of_floorf           text8        002912
__end_of_fputc            text21       003436
__end_of_fputs            text20       0038EA
__end_of_isdigit          text28       003A7E
__end_of_isspace          text27       0038A6
__end_of_labs             text7        003664
__end_of_main             text0        002DB6
__end_of_memcpy           text6        00381A
__end_of_pad              text19       00358A
__end_of_putch            text22       003B40
__end_of_sprintf          text1        003778
__end_of_strcpy           text5        00392A
__end_of_vfpfcnvrt        text3        0017C6
__end_of_vfprintf         text2        0037CA
__initialization          cinit        003AA4
__mediumconst             mediumconst  000000
__pbssBANK0               bssBANK0     0000A2
__pbssBANK1               bssBANK1     000100
__pbssCOMRAM              bssCOMRAM    00005F
__pcinit                  cinit        003AA4
__pcstackBANK0            cstackBANK0  000060
__pcstackCOMRAM           cstackCOMRAM 000001
__psmallconst             smallconst   000800
__ptext0                  text0        002C4E
__ptext1                  text1        003726
__ptext10                 text10       003064
__ptext11                 text11       00381A
__ptext12                 text12       0017C6
__ptext13                 text13       0039AA
__ptext14                 text14       001C86
__ptext15                 text15       00316A
__ptext16                 text16       003436
__ptext17                 text17       0020B0
__ptext18                 text18       00244A
__ptext19                 text19       0034E0
__ptext2                  text2        003778
__ptext20                 text20       0038A6
__ptext21                 text21       00336C
__ptext22                 text22       003B3E
__ptext23                 text23       00392A
__ptext24                 text24       002DB6
__ptext25                 text25       002AC6
__ptext26                 text26       002F1A
__ptext27                 text27       003860
__ptext28                 text28       003A52
__ptext29                 text29       003A7E
__ptext3                  text3        001290
__ptext30                 text30       002912
__ptext31                 text31       00396A
__ptext32                 text32       0039E2
__ptext33                 text33       003664
__ptext34                 text34       00358A
__ptext35                 text35       003B22
__ptext36                 text36       003AC8
__ptext37                 text37       0036CA
__ptext38                 text38       003B06
__ptext39                 text39       003B30
__ptext4                  text4        00082C
__ptext40                 text40       003A1A
__ptext41                 text41       003AE8
__ptext5                  text5        0038EA
__ptext6                  text6        0037CA
__ptext7                  text7        0035FE
__ptext8                  text8        002700
__ptext9                  text9        00326E
__ramtop                  ramtop       000800
__smallconst              smallconst   000800
_abs                      text23       00392A
_atoi                     text26       002F1A
_dato1                    bssBANK0     0000B8
_dato2                    bssBANK0     0000B6
_dbuf                     bssBANK1     000100
_dtoa                     text18       00244A
_dtoa$1018                cstackCOMRAM 00002E
_efgtoa                   text4        00082C
_efgtoa$1049              cstackBANK0  000066
_flags                    bssCOMRAM    00005F
_floorf                   text8        002700
_fputc                    text21       00336C
_fputs                    text20       0038A6
_isdigit                  text28       003A52
_isspace                  text27       003860
_isspace$1129             cstackCOMRAM 000005
_labs                     text7        0035FE
_main                     text0        002C4E
_memcpy                   text6        0037CA
_pad                      text19       0034E0
_prec                     bssBANK0     0000B4
_putch                    text22       003B3E
_sprintf                  text1        003726
_str_buffeLcd             bssBANK0     0000BA
_strcpy                   text5        0038EA
_vfpfcnvrt                text3        001290
_vfprintf                 text2        003778
_voltaje1                 bssBANK0     0000AE
_voltaje2                 bssBANK0     0000AA
_width                    bssBANK0     0000B2
abs@a                     cstackCOMRAM 000013
atoi@n                    cstackCOMRAM 00000E
atoi@neg                  cstackCOMRAM 00000C
atoi@s                    cstackCOMRAM 000007
dtoa@d                    cstackCOMRAM 00001E
dtoa@fp                   cstackCOMRAM 00001C
dtoa@i                    cstackCOMRAM 00003C
dtoa@n                    cstackCOMRAM 000034
dtoa@p                    cstackCOMRAM 000030
dtoa@s                    cstackCOMRAM 00003E
dtoa@w                    cstackCOMRAM 000032
efgtoa@c                  cstackCOMRAM 00003A
efgtoa@d                  cstackBANK0  00006B
efgtoa@e                  cstackBANK0  00006F
efgtoa@f                  cstackCOMRAM 000036
efgtoa@fp                 cstackCOMRAM 000034
efgtoa@g                  cstackBANK0  000082
efgtoa@h                  cstackBANK0  000077
efgtoa@i                  cstackBANK0  00007F
efgtoa@l                  cstackBANK0  00007B
efgtoa@m                  cstackBANK0  00006D
efgtoa@mode               cstackBANK0  000069
efgtoa@n                  cstackBANK0  000086
efgtoa@ne                 cstackBANK0  000060
efgtoa@nmode              cstackBANK0  00006A
efgtoa@ou                 cstackBANK0  000073
efgtoa@p                  cstackBANK0  000062
efgtoa@pp                 cstackBANK0  000068
efgtoa@sign               cstackBANK0  000081
efgtoa@t                  cstackBANK0  000064
efgtoa@u                  cstackBANK0  000088
efgtoa@w                  cstackBANK0  000071
end_of_initialization     cinit        003ABE
floorf@F526               bssBANK0     0000A2
floorf@e                  cstackCOMRAM 000028
floorf@m                  cstackCOMRAM 000024
floorf@u                  cstackCOMRAM 00002A
floorf@x                  cstackCOMRAM 00001A
fputc@c                   cstackCOMRAM 000001
fputc@fp                  cstackCOMRAM 000003
fputs@c                   cstackCOMRAM 00000E
fputs@fp                  cstackCOMRAM 00000C
fputs@i                   cstackCOMRAM 00000F
fputs@s                   cstackCOMRAM 00000A
intlevel0                 text         000000
intlevel1                 text         000000
intlevel2                 text         000000
intlevel3                 text         000000
isa$std                   (abs)        000001
isa$xinst                 (abs)        000000
isdigit@c                 cstackCOMRAM 000001
isspace@c                 cstackCOMRAM 000001
labs@a                    cstackCOMRAM 000001
memcpy@d                  cstackCOMRAM 000007
memcpy@d1                 cstackCOMRAM 000001
memcpy@n                  cstackCOMRAM 000005
memcpy@s                  cstackCOMRAM 000009
memcpy@s1                 cstackCOMRAM 000003
memcpy@tmp                cstackCOMRAM 00000B
pad@buf                   cstackCOMRAM 000013
pad@fp                    cstackCOMRAM 000011
pad@i                     cstackCOMRAM 000018
pad@p                     cstackCOMRAM 000015
pad@w                     cstackCOMRAM 00001A
sprintf@ap                cstackCOMRAM 000051
sprintf@f                 cstackCOMRAM 000053
sprintf@fmt               cstackBANK0  00009A
sprintf@s                 cstackBANK0  000098
stackhi                   (abs)        000000
stacklo                   (abs)        000000
start                     init         000000
start_initialization      cinit        003AA4
strcpy@d                  cstackCOMRAM 000007
strcpy@dest               cstackCOMRAM 000001
strcpy@s                  cstackCOMRAM 000005
strcpy@src                cstackCOMRAM 000003
vfpfcnvrt@ap              cstackBANK0  000090
vfpfcnvrt@c               cstackCOMRAM 00004C
vfpfcnvrt@convarg         cstackCOMRAM 000044
vfpfcnvrt@cp              cstackCOMRAM 00004D
vfpfcnvrt@done            cstackCOMRAM 000042
vfpfcnvrt@fmt             cstackBANK0  00008E
vfpfcnvrt@fp              cstackBANK0  00008C
vfprintf@ap               cstackBANK0  000096
vfprintf@cfmt             cstackCOMRAM 00004F
vfprintf@fmt              cstackBANK0  000094
vfprintf@fp               cstackBANK0  000092


MODULE INFORMATION

Module		Function		Class		Link	Load	Size
C:\Program Files\Microchip\xc8\v2.40\pic\sources\c99\common\sprcmul.c
		___flmul       		CODE           	1C86	0000	1066

C:\Program Files\Microchip\xc8\v2.40\pic\sources\c99\common\sprcmul.c estimated size: 1066

C:\Program Files\Microchip\xc8\v2.40\pic\sources\c99\common\nf_fputc.c
		_fputc         		CODE           	336C	0000	202

C:\Program Files\Microchip\xc8\v2.40\pic\sources\c99\common\nf_fputc.c estimated size: 202

C:\Program Files\Microchip\xc8\v2.40\pic\sources\c99\common\sprcdiv.c
		___fldiv       		CODE           	20B0	0000	922

C:\Program Files\Microchip\xc8\v2.40\pic\sources\c99\common\sprcdiv.c estimated size: 922

C:\Program Files\Microchip\xc8\v2.40\pic\sources\c99\common\nf_sprintf.c
		_sprintf       		CODE           	3726	0000	82

C:\Program Files\Microchip\xc8\v2.40\pic\sources\c99\common\nf_sprintf.c estimated size: 82

C:\Program Files\Microchip\xc8\v2.40\pic\sources\c99\common\memcpy.c
		_memcpy        		CODE           	37CA	0000	80

C:\Program Files\Microchip\xc8\v2.40\pic\sources\c99\common\memcpy.c estimated size: 80

C:\Program Files\Microchip\xc8\v2.40\pic\sources\c99\common\fltol.c
		___fltol       		CODE           	3064	0000	262

C:\Program Files\Microchip\xc8\v2.40\pic\sources\c99\common\fltol.c estimated size: 262

C:\Program Files\Microchip\xc8\v2.40\pic\sources\c99\common\isspace.c
		_isspace       		CODE           	3860	0000	70

C:\Program Files\Microchip\xc8\v2.40\pic\sources\c99\common\isspace.c estimated size: 70

C:\Program Files\Microchip\xc8\v2.40\pic\sources\c99\common\atoi.c
		_atoi          		CODE           	2F1A	0000	330

C:\Program Files\Microchip\xc8\v2.40\pic\sources\c99\common\atoi.c estimated size: 330

C:\Program Files\Microchip\xc8\v2.40\pic\sources\c99\common\Umul16.c
		___wmul        		CODE           	3A7E	0000	38

C:\Program Files\Microchip\xc8\v2.40\pic\sources\c99\common\Umul16.c estimated size: 38

C:\Program Files\Microchip\xc8\v2.40\pic\sources\c99\common\fleq.c
		___fleq        		CODE           	3436	0000	170

C:\Program Files\Microchip\xc8\v2.40\pic\sources\c99\common\fleq.c estimated size: 170

C:\Program Files\Microchip\xc8\v2.40\pic\sources\c99\common\abs.c
		_abs           		CODE           	392A	0000	64

C:\Program Files\Microchip\xc8\v2.40\pic\sources\c99\common\abs.c estimated size: 64

C:\Program Files\Microchip\xc8\v2.40\pic\sources\c99\common\__fpclassifyf.c
		___fpclassifyf 		CODE           	326E	0000	254

C:\Program Files\Microchip\xc8\v2.40\pic\sources\c99\common\__fpclassifyf.c estimated size: 254

ADC_libreria.c
		_ADC_Read      		CODE           	3A1A	0000	56
		_ADC_Init      		CODE           	3AE8	0000	30

ADC_libreria.c estimated size: 86

C:\Program Files\Microchip\xc8\v2.40\pic\sources\c99\common\isdigit.c
		_isdigit       		CODE           	3A52	0000	44

C:\Program Files\Microchip\xc8\v2.40\pic\sources\c99\common\isdigit.c estimated size: 44

C:\Program Files\Microchip\xc8\v2.40\pic\sources\c99\common\sprcadd.c
		___flsub       		CODE           	381A	0000	70
		___fladd       		CODE           	17C6	0000	1216

C:\Program Files\Microchip\xc8\v2.40\pic\sources\c99\common\sprcadd.c estimated size: 1286

C:\Program Files\Microchip\xc8\v2.40\pic\sources\c99\common\floorf.c
		_floorf        		CODE           	2700	0000	530

C:\Program Files\Microchip\xc8\v2.40\pic\sources\c99\common\floorf.c estimated size: 530

C:\Program Files\Microchip\xc8\v2.40\pic\sources\c99\common\flneg.c
		___flneg       		CODE           	39AA	0000	56

C:\Program Files\Microchip\xc8\v2.40\pic\sources\c99\common\flneg.c estimated size: 56

C:\Program Files\Microchip\xc8\v2.40\pic\sources\c99\common\labs.c
		_labs          		CODE           	35FE	0000	102

C:\Program Files\Microchip\xc8\v2.40\pic\sources\c99\common\labs.c estimated size: 102

C:\Program Files\Microchip\xc8\v2.40\pic\sources\c99\common\xxtofl.c
		___xxtofl      		CODE           	2912	0000	436

C:\Program Files\Microchip\xc8\v2.40\pic\sources\c99\common\xxtofl.c estimated size: 436

C:\Program Files\Microchip\xc8\v2.40\pic\sources\c99\common\nf_fputs.c
		_fputs         		CODE           	38A6	0000	68

C:\Program Files\Microchip\xc8\v2.40\pic\sources\c99\common\nf_fputs.c estimated size: 68

C:\Program Files\Microchip\xc8\v2.40\pic\sources\c99\common\aomod.c
		___aomod       		CODE           	2DB6	0000	356

C:\Program Files\Microchip\xc8\v2.40\pic\sources\c99\common\aomod.c estimated size: 356

shared
		__initialization		CODE           	3AA4	0000	26

shared estimated size: 26

C:\Program Files\Microchip\xc8\v2.40\pic\sources\c99\common\strcpy.c
		_strcpy        		CODE           	38EA	0000	64

C:\Program Files\Microchip\xc8\v2.40\pic\sources\c99\common\strcpy.c estimated size: 64

C:\Program Files\Microchip\xc8\v2.40\pic\sources\c99\common\flge.c
		___flge        		CODE           	316A	0000	260

C:\Program Files\Microchip\xc8\v2.40\pic\sources\c99\common\flge.c estimated size: 260

C:\Program Files\Microchip\xc8\v2.40\pic\sources\c99\common\putch.c
		_putch         		CODE           	3B3E	0000	2

C:\Program Files\Microchip\xc8\v2.40\pic\sources\c99\common\putch.c estimated size: 2

lcd.c
		_Lcd_Write_String		CODE           	396A	0000	64
		_Lcd_Init      		CODE           	358A	0000	116
		_Lcd_Write_Char		CODE           	39E2	0000	56
		_Lcd_Cmd       		CODE           	3AC8	0000	32
		_Lcd_Set_Cursor		CODE           	3664	0000	102
		_Lcd_Clear     		CODE           	3B22	0000	14
		_Lcd_Port      		CODE           	36CA	0000	92

lcd.c estimated size: 476

C:\Program Files\Microchip\xc8\v2.40\pic\sources\c99\common\doprnt.c
		_vfpfcnvrt     		CODE           	1290	0000	1334
		_efgtoa        		CODE           	082C	0000	2660
		_pad           		CODE           	34E0	0000	170
		_dtoa          		CODE           	244A	0000	694
		_vfprintf      		CODE           	3778	0000	82

C:\Program Files\Microchip\xc8\v2.40\pic\sources\c99\common\doprnt.c estimated size: 4940

main.c
		_main          		CODE           	2C4E	0000	360
		_Config_Port   		CODE           	3B06	0000	28
		_Config_Clock  		CODE           	3B30	0000	14

main.c estimated size: 402

C:\Program Files\Microchip\xc8\v2.40\pic\sources\c99\common\aodiv.c
		___aodiv       		CODE           	2AC6	0000	392

C:\Program Files\Microchip\xc8\v2.40\pic\sources\c99\common\aodiv.c estimated size: 392

