Microchip MPLAB XC8 Compiler V2.36

Linker command line:

-W-3 --edf=C:\Program Files\Microchip\xc8\v2.36\pic\dat\en_msgs.txt -cn \
  -h+dist/default/production\ULTRASONICO.X.production.sym \
  --cmf=dist/default/production\ULTRASONICO.X.production.cmf -z -Q18F45K50 \
  -oC:\Users\Diego\AppData\Local\Temp\xcAs86k.4 --defsym=__MPLAB_BUILD=1 \
  -Mdist/default/production/ULTRASONICO.X.production.map \
  --md=C:\Users\Diego\AppData\Local\Temp\xcAs86k.dat -E1 -ver=XC8 Compiler \
  --acfsm=1493 -ACODE=00h-07FFFh -ACONST=00h-07FFFh \
  -ASMALLCONST=0800h-08FFhx120 -AMEDIUMCONST=0800h-07FFFh -ACOMRAM=01h-05Fh \
  -AABS1=00h-07FFh -ABIGRAM=01h-07FFh -ARAM=060h-0FFh,0100h-01FFhx7 \
  -ABANK0=060h-0FFh -ABANK1=0100h-01FFh -ABANK2=0200h-02FFh \
  -ABANK3=0300h-03FFh -ABANK4=0400h-04FFh -ABANK5=0500h-05FFh \
  -ABANK6=0600h-06FFh -ABANK7=0700h-07FFh -ASFR=0F53h-0F5Fh,0F60h-0FFFh \
  -ABIGSFR=0F53h-0FFFh -ACONFIG=0300000h-030000Dh -AIDLOC=0200000h-0200007h \
  -AEEDATA=0F00000h-0F000FFh -peeprom_data=EEDATA \
  -preset_vec=00h,intcode,intcodelo,powerup,init -pramtop=0800h \
  -psmallconst=SMALLCONST -pmediumconst=MEDIUMCONST -pconst=CONST \
  -AFARRAM=00h-00h \
  -prdata=COMRAM,nvrram=COMRAM,nvbit=COMRAM,rbss=COMRAM,rbit=COMRAM \
  -pfarbss=FARRAM,fardata=FARRAM,nvFARRAM=FARRAM \
  -pintsave_regs=BIGRAM,bigbss=BIGRAM,bigdata=BIGRAM -pbss=RAM \
  -pidata=CODE,irdata=CODE,ibigdata=CODE,ifardata=CODE -prparam=COMRAM \
  C:\Users\Diego\AppData\Local\Temp\xcAs86k.o \
  dist/default/production\ULTRASONICO.X.production.o 

Object code version is 3.11

Machine type is 18F45K50



                Name                               Link     Load   Length Selector   Space Scale
C:\Users\Diego\AppData\Local\Temp\xcAs86k.o
                idloc                            200000   200000        8        0       5
                config                           300000   300000        E        0       4
                init                                  0        0        4        0       0
dist/default/production\ULTRASONICO.X.production.o
                idloc                            200000   200000        8        0       5
                config                           300000   300000        E        0       4
                smallconst                          800      800       2A      400       0
                text41                             3888     3888        E      415       0
                text40                             3856     3856       14      415       0
                text39                             383C     383C       1A      415       0
                text38                             34C2     34C2       5C      415       0
                text37                             381C     381C       20      415       0
                text36                             387A     387A        E      415       0
                text35                             332A     332A       74      415       0
                text34                             339E     339E       66      415       0
                text33                             3788     3788       38      415       0
                text32                             32AC     32AC       7E      415       0
                text31                             2152     2152      39A      415       0
                text30                             26FE     26FE      1B4      415       0
                text29                             3220     3220       8C      415       0
                text28                             37F6     37F6       26      415       0
                text27                             3750     3750       38      415       0
                text26                             3570     3570       52      415       0
                text25                             28B2     28B2      156      415       0
                text24                             2EB0     2EB0       C4      415       0
                text23                             3036     3036       B0      415       0
                text22                             30E6     30E6       AA      415       0
                text21                             2B0E     2B0E      104      415       0
                text20                             1D28     1D28      42A      415       0
                text19                             3718     3718       38      415       0
                text18                             143A     143A      4C0      415       0
                text17                             3656     3656       46      415       0
                text16                             2A08     2A08      106      415       0
                text15                             2C12     2C12       FE      415       0
                text14                             24EC     24EC      212      415       0
                text13                             3896     3896        2      415       0
                text12                             2DE6     2DE6       CA      415       0
                text11                             369C     369C       44      415       0
                text10                             37C0     37C0       36      415       0
                text9                              2F74     2F74       C2      415       0
                text8                              3466     3466       5C      415       0
                text7                              36E0     36E0       38      415       0
                text6                              3610     3610       46      415       0
                text5                               82A      82A      C10      415       0
                text4                              2D10     2D10       D6      415       0
                text3                              18FA     18FA      42E      415       0
                text2                              3404     3404       62      415       0
                text1                              351E     351E       52      415       0
                text0                              3190     3190       90      415       0
                cstackCOMRAM                          1        1       55        1       1
                cstackBANK0                          60       60       46       60       1
                bssBANK1                            100      100       50      100       1
                dataBANK0                            A6       A6       10       60       1
                bssBANK0                             B6       B6        A       60       1
                bssCOMRAM                            56       56        A        1       1
                cinit                              35C2     35C2       4E      415       0
                idataBANK0                         386A     386A       10      415       0

TOTAL           Name                               Link     Load   Length     Space
        CLASS   CODE           
                init                                  0        0        4         0
                text41                             3888     3888        E         0
                text40                             3856     3856       14         0
                text39                             383C     383C       1A         0
                text38                             34C2     34C2       5C         0
                text37                             381C     381C       20         0
                text36                             387A     387A        E         0
                text35                             332A     332A       74         0
                text34                             339E     339E       66         0
                text33                             3788     3788       38         0
                text32                             32AC     32AC       7E         0
                text31                             2152     2152      39A         0
                text30                             26FE     26FE      1B4         0
                text29                             3220     3220       8C         0
                text28                             37F6     37F6       26         0
                text27                             3750     3750       38         0
                text26                             3570     3570       52         0
                text25                             28B2     28B2      156         0
                text24                             2EB0     2EB0       C4         0
                text23                             3036     3036       B0         0
                text22                             30E6     30E6       AA         0
                text21                             2B0E     2B0E      104         0
                text20                             1D28     1D28      42A         0
                text19                             3718     3718       38         0
                text18                             143A     143A      4C0         0
                text17                             3656     3656       46         0
                text16                             2A08     2A08      106         0
                text15                             2C12     2C12       FE         0
                text14                             24EC     24EC      212         0
                text13                             3896     3896        2         0
                text12                             2DE6     2DE6       CA         0
                text11                             369C     369C       44         0
                text10                             37C0     37C0       36         0
                text9                              2F74     2F74       C2         0
                text8                              3466     3466       5C         0
                text7                              36E0     36E0       38         0
                text6                              3610     3610       46         0
                text5                               82A      82A      C10         0
                text4                              2D10     2D10       D6         0
                text3                              18FA     18FA      42E         0
                text2                              3404     3404       62         0
                text1                              351E     351E       52         0
                text0                              3190     3190       90         0
                cinit                              35C2     35C2       4E         0
                idataBANK0                         386A     386A       10         0

        CLASS   CONST          

        CLASS   SMALLCONST     
                smallconst                          800      800       2A         0

        CLASS   MEDIUMCONST    

        CLASS   COMRAM         
                cstackCOMRAM                          1        1       55         1
                bssCOMRAM                            56       56        A         1

        CLASS   ABS1           

        CLASS   BIGRAM         

        CLASS   RAM            

        CLASS   BANK0          
                cstackBANK0                          60       60       46         1
                dataBANK0                            A6       A6       10         1
                bssBANK0                             B6       B6        A         1

        CLASS   BANK1          
                bssBANK1                            100      100       50         1

        CLASS   BANK2          

        CLASS   BANK3          

        CLASS   BANK4          

        CLASS   BANK5          

        CLASS   BANK6          

        CLASS   BANK7          

        CLASS   SFR            

        CLASS   BIGSFR         

        CLASS   CONFIG         
                config                           300000   300000        E         4

        CLASS   IDLOC          
                idloc                            200000   200000        8         5

        CLASS   EEDATA         

        CLASS   FARRAM         

        CLASS   HEAP           

        CLASS   STACK          



SEGMENTS        Name                           Load    Length   Top    Selector   Space  Class

                reset_vec                      000000  000004  000004         0       0  CODE    
                cstackCOMRAM                   000001  00005F  000060         1       1  COMRAM  
                cstackBANK0                    000060  000060  0000C0        60       1  BANK0   
                bssBANK1                       000100  000050  000150       100       1  BANK1   
                smallconst                     000800  00002A  00082A       400       0  SMALLCON
                text5                          00082A  00306E  003898       415       0  CODE    


UNUSED ADDRESS RANGES

        Name                Unused          Largest block    Delta
        BANK0            0000C0-0000FF               40
        BANK1            000150-0001FF               B0
        BANK2            000200-0002FF              100
        BANK3            000300-0003FF              100
        BANK4            000400-0004FF              100
        BANK5            000500-0005FF              100
        BANK6            000600-0006FF              100
        BANK7            000700-0007FF              100
        BIGRAM           0000C0-0000FF               40
                         000150-0007FF              6B0
        BIGSFR           000F53-000FFF               AD
        CODE             000004-0007FF              7FC
                         003898-007FFF             4768
        CONST            000004-0007FF              7FC
                         003898-007FFF             4768
        EEDATA           F00000-F000FF              100
        MEDIUMCONST      003898-007FFF             4768
        RAM              0000C0-0000FF               40
                         000150-0007FF              100
        SFR              000F53-000FFF                D
        SMALLCONST       003898-007FFF              100

                                  Symbol Table

?_ReadUltrasonic          cstackCOMRAM 00001A
?___awdiv                 cstackCOMRAM 000001
?___awmod                 cstackCOMRAM 000001
?___fladd                 cstackCOMRAM 000001
?___fldiv                 cstackCOMRAM 000001
?___flmul                 cstackCOMRAM 000001
?___flneg                 cstackCOMRAM 000001
?___flsub                 cstackCOMRAM 00001A
?___fltol                 cstackCOMRAM 000001
?___fpclassifyf           cstackCOMRAM 000001
?___wmul                  cstackCOMRAM 000001
?___xxtofl                cstackCOMRAM 000001
?_atoi                    cstackCOMRAM 000008
?_efgtoa                  cstackCOMRAM 00002E
?_floorf                  cstackCOMRAM 00001A
?_isdigit                 cstackCOMRAM 000001
?_isspace                 cstackCOMRAM 000001
?_isupper                 cstackCOMRAM 000001
?_pad                     cstackCOMRAM 000011
?_sprintf                 cstackBANK0  00009E
?_strlen                  cstackCOMRAM 000001
?_strncmp                 cstackCOMRAM 000001
?_tolower                 cstackCOMRAM 000007
?_vfpfcnvrt               cstackBANK0  000092
?_vfprintf                cstackBANK0  000098
Lcd_Cmd@a                 cstackCOMRAM 000003
Lcd_Port@a                cstackCOMRAM 000001
Lcd_Set_Cursor@a          cstackCOMRAM 000005
Lcd_Set_Cursor@b          cstackCOMRAM 000004
Lcd_Set_Cursor@temp       cstackCOMRAM 000008
Lcd_Set_Cursor@y          cstackCOMRAM 000007
Lcd_Set_Cursor@z          cstackCOMRAM 000006
Lcd_Write_Char@a          cstackCOMRAM 000004
Lcd_Write_Char@temp       cstackCOMRAM 000002
Lcd_Write_Char@y          cstackCOMRAM 000003
Lcd_Write_String@a        cstackCOMRAM 000005
Lcd_Write_String@i        cstackCOMRAM 000009
ReadUltrasonic@tiempo     cstackCOMRAM 00001E
_ANSELD                   (abs)        000F5E
_Config_Clock             text41       003888
_Config_Port              text40       003856
_INTCONbits               (abs)        000FF2
_InitUltrasonic           text39       00383C
_LATBbits                 (abs)        000F8A
_LATD                     (abs)        000F8C
_LATDbits                 (abs)        000F8C
_Lcd_Clear                text36       00387A
_Lcd_Cmd                  text37       00381C
_Lcd_Init                 text35       00332A
_Lcd_Port                 text38       0034C2
_Lcd_Set_Cursor           text34       00339E
_Lcd_Write_Char           text33       003788
_Lcd_Write_String         text32       0032AC
_OSCCONbits               (abs)        000FD3
_PORTBbits                (abs)        000F81
_ReadUltrasonic           text29       003220
_SLRCON                   (abs)        000F7A
_T0CONbits                (abs)        000FD5
_TMR0                     (abs)        000FD6
_TRISBbits                (abs)        000F93
_TRISD                    (abs)        000F95
__HRAM                    (abs)        000000
__Habs1                   abs1         000000
__Hbank0                  bank0        000000
__Hbank1                  bank1        000000
__Hbank2                  bank2        000000
__Hbank3                  bank3        000000
__Hbank4                  bank4        000000
__Hbank5                  bank5        000000
__Hbank6                  bank6        000000
__Hbank7                  bank7        000000
__Hbigbss                 bigbss       000000
__Hbigdata                bigdata      000000
__Hbigram                 bigram       000000
__Hbigsfr                 bigsfr       000000
__Hbss                    bss          000000
__HbssBANK0               bssBANK0     000000
__HbssBANK1               bssBANK1     000000
__HbssCOMRAM              bssCOMRAM    000000
__Hcinit                  cinit        000000
__Hclrtext                clrtext      000000
__Hcomram                 comram       000000
__Hconfig                 config       30000E
__Hconst                  const        000000
__HcstackBANK0            cstackBANK0  000000
__HcstackCOMRAM           cstackCOMRAM 000000
__Hdata                   data         000000
__HdataBANK0              dataBANK0    000000
__Heeprom_data            eeprom_data  000000
__Hfarbss                 farbss       000000
__Hfardata                fardata      000000
__Hheap                   heap         000000
__Hibigdata               ibigdata     000000
__Hidata                  idata        000000
__HidataBANK0             idataBANK0   000000
__Hidloc                  idloc        200008
__Hifardata               ifardata     000000
__Hinit                   init         000004
__Hintcode                intcode      000000
__Hintcode_body           intcode_body 000000
__Hintcodelo              intcodelo    000000
__Hintentry               intentry     000000
__Hintret                 intret       000000
__Hintsave_regs           intsave_regs 000000
__Hirdata                 irdata       000000
__Hmediumconst            mediumconst  000000
__HnvFARRAM               nvFARRAM     000000
__Hnvbit                  nvbit        000000
__Hnvrram                 nvrram       000000
__Hparam                  rparam       000000
__Hpowerup                powerup      000000
__Hram                    ram          000000
__Hramtop                 ramtop       000800
__Hrbit                   rbit         000000
__Hrbss                   rbss         000000
__Hrdata                  rdata        000000
__Hreset_vec              reset_vec    000000
__Hrparam                 rparam       000000
__Hsfr                    sfr          000000
__Hsmallconst             smallconst   00082A
__Hspace_0                (abs)        003898
__Hspace_1                (abs)        000150
__Hspace_2                (abs)        000000
__Hspace_4                (abs)        60000E
__Hstack                  stack        000000
__Hstruct                 struct       000000
__Htemp                   temp         000000
__Htext                   text         000000
__Htext0                  text0        000000
__Htext1                  text1        000000
__Htext10                 text10       000000
__Htext11                 text11       000000
__Htext12                 text12       000000
__Htext13                 text13       000000
__Htext14                 text14       000000
__Htext15                 text15       000000
__Htext16                 text16       000000
__Htext17                 text17       000000
__Htext18                 text18       000000
__Htext19                 text19       000000
__Htext2                  text2        000000
__Htext20                 text20       000000
__Htext21                 text21       000000
__Htext22                 text22       000000
__Htext23                 text23       000000
__Htext24                 text24       000000
__Htext25                 text25       000000
__Htext26                 text26       000000
__Htext27                 text27       000000
__Htext28                 text28       000000
__Htext29                 text29       000000
__Htext3                  text3        000000
__Htext30                 text30       000000
__Htext31                 text31       000000
__Htext32                 text32       000000
__Htext33                 text33       000000
__Htext34                 text34       000000
__Htext35                 text35       000000
__Htext36                 text36       000000
__Htext37                 text37       000000
__Htext38                 text38       000000
__Htext39                 text39       000000
__Htext4                  text4        000000
__Htext40                 text40       000000
__Htext41                 text41       000000
__Htext5                  text5        000000
__Htext6                  text6        000000
__Htext7                  text7        000000
__Htext8                  text8        000000
__Htext9                  text9        000000
__LRAM                    (abs)        000001
__Labs1                   abs1         000000
__Lbank0                  bank0        000000
__Lbank1                  bank1        000000
__Lbank2                  bank2        000000
__Lbank3                  bank3        000000
__Lbank4                  bank4        000000
__Lbank5                  bank5        000000
__Lbank6                  bank6        000000
__Lbank7                  bank7        000000
__Lbigbss                 bigbss       000000
__Lbigdata                bigdata      000000
__Lbigram                 bigram       000000
__Lbigsfr                 bigsfr       000000
__Lbss                    bss          000000
__LbssBANK0               bssBANK0     000000
__LbssBANK1               bssBANK1     000000
__LbssCOMRAM              bssCOMRAM    000000
__Lcinit                  cinit        000000
__Lclrtext                clrtext      000000
__Lcomram                 comram       000000
__Lconfig                 config       000000
__Lconst                  const        000000
__LcstackBANK0            cstackBANK0  000000
__LcstackCOMRAM           cstackCOMRAM 000000
__Ldata                   data         000000
__LdataBANK0              dataBANK0    000000
__Leeprom_data            eeprom_data  000000
__Lfarbss                 farbss       000000
__Lfardata                fardata      000000
__Lheap                   heap         000000
__Libigdata               ibigdata     000000
__Lidata                  idata        000000
__LidataBANK0             idataBANK0   000000
__Lidloc                  idloc        000000
__Lifardata               ifardata     000000
__Linit                   init         000000
__Lintcode                intcode      000000
__Lintcode_body           intcode_body 000000
__Lintcodelo              intcodelo    000000
__Lintentry               intentry     000000
__Lintret                 intret       000000
__Lintsave_regs           intsave_regs 000000
__Lirdata                 irdata       000000
__Lmediumconst            mediumconst  000000
__LnvFARRAM               nvFARRAM     000000
__Lnvbit                  nvbit        000000
__Lnvrram                 nvrram       000000
__Lparam                  rparam       000000
__Lpowerup                powerup      000000
__Lram                    ram          000000
__Lramtop                 ramtop       000800
__Lrbit                   rbit         000000
__Lrbss                   rbss         000000
__Lrdata                  rdata        000000
__Lreset_vec              reset_vec    000000
__Lrparam                 rparam       000000
__Lsfr                    sfr          000000
__Lsmallconst             smallconst   000800
__Lspace_0                (abs)        000000
__Lspace_1                (abs)        000000
__Lspace_2                (abs)        000000
__Lspace_4                (abs)        000000
__Lstack                  stack        000000
__Lstruct                 struct       000000
__Ltemp                   temp         000000
__Ltext                   text         000000
__Ltext0                  text0        000000
__Ltext1                  text1        000000
__Ltext10                 text10       000000
__Ltext11                 text11       000000
__Ltext12                 text12       000000
__Ltext13                 text13       000000
__Ltext14                 text14       000000
__Ltext15                 text15       000000
__Ltext16                 text16       000000
__Ltext17                 text17       000000
__Ltext18                 text18       000000
__Ltext19                 text19       000000
__Ltext2                  text2        000000
__Ltext20                 text20       000000
__Ltext21                 text21       000000
__Ltext22                 text22       000000
__Ltext23                 text23       000000
__Ltext24                 text24       000000
__Ltext25                 text25       000000
__Ltext26                 text26       000000
__Ltext27                 text27       000000
__Ltext28                 text28       000000
__Ltext29                 text29       000000
__Ltext3                  text3        000000
__Ltext30                 text30       000000
__Ltext31                 text31       000000
__Ltext32                 text32       000000
__Ltext33                 text33       000000
__Ltext34                 text34       000000
__Ltext35                 text35       000000
__Ltext36                 text36       000000
__Ltext37                 text37       000000
__Ltext38                 text38       000000
__Ltext39                 text39       000000
__Ltext4                  text4        000000
__Ltext40                 text40       000000
__Ltext41                 text41       000000
__Ltext5                  text5        000000
__Ltext6                  text6        000000
__Ltext7                  text7        000000
__Ltext8                  text8        000000
__Ltext9                  text9        000000
__S0                      (abs)        003898
__S1                      (abs)        000150
__S4                      (abs)        000000
__S5                      (abs)        000000
___awdiv                  text24       002EB0
___awdiv@counter          cstackCOMRAM 000005
___awdiv@dividend         cstackCOMRAM 000001
___awdiv@divisor          cstackCOMRAM 000003
___awdiv@quotient         cstackCOMRAM 000007
___awdiv@sign             cstackCOMRAM 000006
___awmod                  text23       003036
___awmod@counter          cstackCOMRAM 000005
___awmod@dividend         cstackCOMRAM 000001
___awmod@divisor          cstackCOMRAM 000003
___awmod@sign             cstackCOMRAM 000006
___fladd                  text18       00143A
___fladd@a                cstackCOMRAM 000005
___fladd@aexp             cstackCOMRAM 00000E
___fladd@b                cstackCOMRAM 000001
___fladd@bexp             cstackCOMRAM 00000F
___fladd@grs              cstackCOMRAM 000010
___fladd@signs            cstackCOMRAM 00000D
___fldiv                  text31       002152
___fldiv@a                cstackCOMRAM 000005
___fldiv@aexp             cstackCOMRAM 000019
___fldiv@b                cstackCOMRAM 000001
___fldiv@bexp             cstackCOMRAM 000018
___fldiv@grs              cstackCOMRAM 000014
___fldiv@new_exp          cstackCOMRAM 000012
___fldiv@rem              cstackCOMRAM 00000D
___fldiv@sign             cstackCOMRAM 000011
___fleq                   text22       0030E6
___fleq@ff1               cstackCOMRAM 000001
___fleq@ff2               cstackCOMRAM 000005
___flge                   text21       002B0E
___flge@ff1               cstackCOMRAM 00001A
___flge@ff2               cstackCOMRAM 00001E
___flmul                  text20       001D28
___flmul@a                cstackCOMRAM 000005
___flmul@aexp             cstackCOMRAM 000012
___flmul@b                cstackCOMRAM 000001
___flmul@bexp             cstackCOMRAM 000013
___flmul@grs              cstackCOMRAM 00000E
___flmul@prod             cstackCOMRAM 000014
___flmul@sign             cstackCOMRAM 00000D
___flmul@temp             cstackCOMRAM 000018
___flneg                  text19       003718
___flneg@f1               cstackCOMRAM 000001
___flsub                  text17       003656
___flsub@a                cstackCOMRAM 00001E
___flsub@b                cstackCOMRAM 00001A
___fltol                  text16       002A08
___fltol@exp1             cstackCOMRAM 00000A
___fltol@f1               cstackCOMRAM 000001
___fltol@sign1            cstackCOMRAM 000009
___fpclassifyf            text15       002C12
___fpclassifyf@F465       bssCOMRAM    000056
___fpclassifyf@e          cstackCOMRAM 000009
___fpclassifyf@u          cstackCOMRAM 00000B
___fpclassifyf@x          cstackCOMRAM 000001
___heap_hi                (abs)        000000
___heap_lo                (abs)        000000
___inthi_sp               stack        000000
___intlo_sp               stack        000000
___param_bank             (abs)        000000
___rparam_used            (abs)        000001
___sp                     stack        000000
___wmul                   text28       0037F6
___wmul@multiplicand      cstackCOMRAM 000003
___wmul@multiplier        cstackCOMRAM 000001
___wmul@product           cstackCOMRAM 000005
___xxtofl                 text30       0026FE
___xxtofl@arg             cstackCOMRAM 00000B
___xxtofl@exp             cstackCOMRAM 00000A
___xxtofl@sign            cstackCOMRAM 000009
___xxtofl@val             cstackCOMRAM 000001
__accesstop               (abs)        000060
__activetblptr            (abs)        000002
__end_of_Config_Clock     text41       003896
__end_of_Config_Port      text40       00386A
__end_of_InitUltrasonic   text39       003856
__end_of_Lcd_Clear        text36       003888
__end_of_Lcd_Cmd          text37       00383C
__end_of_Lcd_Init         text35       00339E
__end_of_Lcd_Port         text38       00351E
__end_of_Lcd_Set_Cursor   text34       003404
__end_of_Lcd_Write_Char   text33       0037C0
__end_of_Lcd_Write_String text32       00332A
__end_of_ReadUltrasonic   text29       0032AC
__end_of___awdiv          text24       002F74
__end_of___awmod          text23       0030E6
__end_of___fladd          text18       0018FA
__end_of___fldiv          text31       0024EC
__end_of___fleq           text22       003190
__end_of___flge           text21       002C12
__end_of___flmul          text20       002152
__end_of___flneg          text19       003750
__end_of___flsub          text17       00369C
__end_of___fltol          text16       002B0E
__end_of___fpclassifyf    text15       002D10
__end_of___wmul           text28       00381C
__end_of___xxtofl         text30       0028B2
__end_of__initialization  cinit        003606
__end_of_atoi             text25       002A08
__end_of_efgtoa           text5        00143A
__end_of_floorf           text14       0026FE
__end_of_fputc            text12       002EB0
__end_of_fputs            text11       0036E0
__end_of_isdigit          text27       003788
__end_of_isspace          text26       0035C2
__end_of_isupper          text7        003718
__end_of_main             text0        003220
__end_of_pad              text9        003036
__end_of_putch            text13       003898
__end_of_sprintf          text1        003570
__end_of_strcpy           text8        0034C2
__end_of_strlen           text10       0037F6
__end_of_strncmp          text4        002DE6
__end_of_tolower          text6        003656
__end_of_vfpfcnvrt        text3        001D28
__end_of_vfprintf         text2        003466
__initialization          cinit        0035C2
__mediumconst             mediumconst  000000
__pbssBANK0               bssBANK0     0000B6
__pbssBANK1               bssBANK1     000100
__pbssCOMRAM              bssCOMRAM    000056
__pcinit                  cinit        0035C2
__pcstackBANK0            cstackBANK0  000060
__pcstackCOMRAM           cstackCOMRAM 000001
__pdataBANK0              dataBANK0    0000A6
__pidataBANK0             idataBANK0   00386A
__psmallconst             smallconst   000800
__ptext0                  text0        003190
__ptext1                  text1        00351E
__ptext10                 text10       0037C0
__ptext11                 text11       00369C
__ptext12                 text12       002DE6
__ptext13                 text13       003896
__ptext14                 text14       0024EC
__ptext15                 text15       002C12
__ptext16                 text16       002A08
__ptext17                 text17       003656
__ptext18                 text18       00143A
__ptext19                 text19       003718
__ptext2                  text2        003404
__ptext20                 text20       001D28
__ptext21                 text21       002B0E
__ptext22                 text22       0030E6
__ptext23                 text23       003036
__ptext24                 text24       002EB0
__ptext25                 text25       0028B2
__ptext26                 text26       003570
__ptext27                 text27       003750
__ptext28                 text28       0037F6
__ptext29                 text29       003220
__ptext3                  text3        0018FA
__ptext30                 text30       0026FE
__ptext31                 text31       002152
__ptext32                 text32       0032AC
__ptext33                 text33       003788
__ptext34                 text34       00339E
__ptext35                 text35       00332A
__ptext36                 text36       00387A
__ptext37                 text37       00381C
__ptext38                 text38       0034C2
__ptext39                 text39       00383C
__ptext4                  text4        002D10
__ptext40                 text40       003856
__ptext41                 text41       003888
__ptext5                  text5        00082A
__ptext6                  text6        003610
__ptext7                  text7        0036E0
__ptext8                  text8        003466
__ptext9                  text9        002F74
__ramtop                  ramtop       000800
__smallconst              smallconst   000800
_atoi                     text25       0028B2
_dbuf                     bssBANK1     000100
_distancia                bssBANK0     0000BA
_efgtoa                   text5        00082A
_efgtoa$1007              cstackBANK0  000062
_efgtoa$1008              cstackBANK0  000064
_efgtoa$999               cstackBANK0  000060
_flags                    bssCOMRAM    00005E
_floorf                   text14       0024EC
_fputc                    text12       002DE6
_fputs                    text11       00369C
_isdigit                  text27       003750
_isspace                  text26       003570
_isspace$1086             cstackCOMRAM 000007
_isupper                  text7        0036E0
_main                     text0        003190
_nout                     bssBANK0     0000BE
_pad                      text9        002F74
_prec                     bssCOMRAM    00005C
_putch                    text13       003896
_sprintf                  text1        00351E
_str_buffer               dataBANK0    0000A6
_strcpy                   text8        003466
_strlen                   text10       0037C0
_strncmp                  text4        002D10
_tolower                  text6        003610
_vfpfcnvrt                text3        0018FA
_vfprintf                 text2        003404
_width                    bssCOMRAM    00005A
atoi@n                    cstackCOMRAM 000010
atoi@neg                  cstackCOMRAM 00000E
atoi@s                    cstackCOMRAM 000008
efgtoa@c                  cstackCOMRAM 000034
efgtoa@d                  cstackBANK0  000072
efgtoa@e                  cstackBANK0  00008A
efgtoa@f                  cstackCOMRAM 000030
efgtoa@fp                 cstackCOMRAM 00002E
efgtoa@g                  cstackBANK0  000086
efgtoa@h                  cstackBANK0  00007C
efgtoa@i                  cstackBANK0  000084
efgtoa@l                  cstackBANK0  000080
efgtoa@m                  cstackBANK0  00006C
efgtoa@mode               cstackBANK0  00007B
efgtoa@n                  cstackBANK0  00008C
efgtoa@ne                 cstackBANK0  00006A
efgtoa@nmode              cstackBANK0  00007A
efgtoa@ou                 cstackBANK0  00006E
efgtoa@p                  cstackBANK0  000076
efgtoa@pp                 cstackBANK0  000068
efgtoa@sign               cstackBANK0  000074
efgtoa@t                  cstackBANK0  000066
efgtoa@u                  cstackBANK0  00008E
efgtoa@w                  cstackBANK0  000078
end_of_initialization     cinit        003606
floorf@F526               bssBANK0     0000B6
floorf@e                  cstackCOMRAM 000028
floorf@m                  cstackCOMRAM 000024
floorf@u                  cstackCOMRAM 00002A
floorf@x                  cstackCOMRAM 00001A
fputc@c                   cstackCOMRAM 000001
fputc@fp                  cstackCOMRAM 000003
fputs@c                   cstackCOMRAM 00000E
fputs@fp                  cstackCOMRAM 00000C
fputs@i                   cstackCOMRAM 00000F
fputs@s                   cstackCOMRAM 00000A
intlevel0                 text         000000
intlevel1                 text         000000
intlevel2                 text         000000
intlevel3                 text         000000
isa$std                   (abs)        000001
isa$xinst                 (abs)        000000
isdigit@c                 cstackCOMRAM 000001
isspace@c                 cstackCOMRAM 000001
isupper@c                 cstackCOMRAM 000001
pad@buf                   cstackCOMRAM 000013
pad@fp                    cstackCOMRAM 000011
pad@i                     cstackCOMRAM 000018
pad@p                     cstackCOMRAM 000015
pad@w                     cstackCOMRAM 00001A
sprintf@ap                cstackCOMRAM 000048
sprintf@f                 cstackCOMRAM 00004A
sprintf@fmt               cstackBANK0  0000A0
sprintf@s                 cstackBANK0  00009E
stackhi                   (abs)        000000
stacklo                   (abs)        000000
start                     init         000000
start_initialization      cinit        0035C2
strcpy@d                  cstackCOMRAM 000009
strcpy@dest               cstackCOMRAM 000001
strcpy@s                  cstackCOMRAM 000007
strcpy@src                cstackCOMRAM 000003
strlen@a                  cstackCOMRAM 000003
strlen@s                  cstackCOMRAM 000001
strncmp@_l                cstackCOMRAM 000001
strncmp@_r                cstackCOMRAM 000003
strncmp@l                 cstackCOMRAM 000008
strncmp@n                 cstackCOMRAM 000005
strncmp@r                 cstackCOMRAM 00000A
tolower@c                 cstackCOMRAM 000007
vfpfcnvrt@ap              cstackBANK0  000096
vfpfcnvrt@c               cstackCOMRAM 000045
vfpfcnvrt@ct              cstackCOMRAM 000042
vfpfcnvrt@f               cstackCOMRAM 00003E
vfpfcnvrt@fmt             cstackBANK0  000094
vfpfcnvrt@fp              cstackBANK0  000092
vfprintf@ap               cstackBANK0  00009C
vfprintf@cfmt             cstackCOMRAM 000046
vfprintf@fmt              cstackBANK0  00009A
vfprintf@fp               cstackBANK0  000098


MODULE INFORMATION

Module		Function		Class		Link	Load	Size
C:\Program Files\Microchip\xc8\v2.36\pic\sources\c99\common\putch.c
		_putch         		CODE           	3896	0000	2

C:\Program Files\Microchip\xc8\v2.36\pic\sources\c99\common\putch.c estimated size: 2

C:\Program Files\Microchip\xc8\v2.36\pic\sources\c99\common\nf_fputs.c
		_fputs         		CODE           	369C	0000	68

C:\Program Files\Microchip\xc8\v2.36\pic\sources\c99\common\nf_fputs.c estimated size: 68

C:\Program Files\Microchip\xc8\v2.36\pic\sources\c99\common\strncmp.c
		_strncmp       		CODE           	2D10	0000	214

C:\Program Files\Microchip\xc8\v2.36\pic\sources\c99\common\strncmp.c estimated size: 214

C:\Program Files\Microchip\xc8\v2.36\pic\sources\c99\common\tolower.c
		_tolower       		CODE           	3610	0000	70

C:\Program Files\Microchip\xc8\v2.36\pic\sources\c99\common\tolower.c estimated size: 70

C:\Program Files\Microchip\xc8\v2.36\pic\sources\c99\common\__fpclassifyf.c
		___fpclassifyf 		CODE           	2C12	0000	254

C:\Program Files\Microchip\xc8\v2.36\pic\sources\c99\common\__fpclassifyf.c estimated size: 254

C:\Program Files\Microchip\xc8\v2.36\pic\sources\c99\common\sprcmul.c
		___flmul       		CODE           	1D28	0000	1066

C:\Program Files\Microchip\xc8\v2.36\pic\sources\c99\common\sprcmul.c estimated size: 1066

C:\Program Files\Microchip\xc8\v2.36\pic\sources\c99\common\floorf.c
		_floorf        		CODE           	24EC	0000	530

C:\Program Files\Microchip\xc8\v2.36\pic\sources\c99\common\floorf.c estimated size: 530

C:\Program Files\Microchip\xc8\v2.36\pic\sources\c99\common\sprcdiv.c
		___fldiv       		CODE           	2152	0000	922

C:\Program Files\Microchip\xc8\v2.36\pic\sources\c99\common\sprcdiv.c estimated size: 922

C:\Program Files\Microchip\xc8\v2.36\pic\sources\c99\common\atoi.c
		_atoi          		CODE           	28B2	0000	342

C:\Program Files\Microchip\xc8\v2.36\pic\sources\c99\common\atoi.c estimated size: 342

C:\Program Files\Microchip\xc8\v2.36\pic\sources\c99\common\fleq.c
		___fleq        		CODE           	30E6	0000	170

C:\Program Files\Microchip\xc8\v2.36\pic\sources\c99\common\fleq.c estimated size: 170

C:\Program Files\Microchip\xc8\v2.36\pic\sources\c99\common\awmod.c
		___awmod       		CODE           	3036	0000	176

C:\Program Files\Microchip\xc8\v2.36\pic\sources\c99\common\awmod.c estimated size: 176

C:\Program Files\Microchip\xc8\v2.36\pic\sources\c99\common\nf_sprintf.c
		_sprintf       		CODE           	351E	0000	82

C:\Program Files\Microchip\xc8\v2.36\pic\sources\c99\common\nf_sprintf.c estimated size: 82

C:\Program Files\Microchip\xc8\v2.36\pic\sources\c99\common\isspace.c
		_isspace       		CODE           	3570	0000	82

C:\Program Files\Microchip\xc8\v2.36\pic\sources\c99\common\isspace.c estimated size: 82

C:\Program Files\Microchip\xc8\v2.36\pic\sources\c99\common\xxtofl.c
		___xxtofl      		CODE           	26FE	0000	436

C:\Program Files\Microchip\xc8\v2.36\pic\sources\c99\common\xxtofl.c estimated size: 436

C:\Program Files\Microchip\xc8\v2.36\pic\sources\c99\common\strlen.c
		_strlen        		CODE           	37C0	0000	54

C:\Program Files\Microchip\xc8\v2.36\pic\sources\c99\common\strlen.c estimated size: 54

C:\Program Files\Microchip\xc8\v2.36\pic\sources\c99\common\strcpy.c
		_strcpy        		CODE           	3466	0000	92

C:\Program Files\Microchip\xc8\v2.36\pic\sources\c99\common\strcpy.c estimated size: 92

C:\Program Files\Microchip\xc8\v2.36\pic\sources\c99\common\nf_fputc.c
		_fputc         		CODE           	2DE6	0000	202

C:\Program Files\Microchip\xc8\v2.36\pic\sources\c99\common\nf_fputc.c estimated size: 202

C:\Program Files\Microchip\xc8\v2.36\pic\sources\c99\common\isdigit.c
		_isdigit       		CODE           	3750	0000	56

C:\Program Files\Microchip\xc8\v2.36\pic\sources\c99\common\isdigit.c estimated size: 56

C:\Program Files\Microchip\xc8\v2.36\pic\sources\c99\common\sprcadd.c
		___flsub       		CODE           	3656	0000	70
		___fladd       		CODE           	143A	0000	1216

C:\Program Files\Microchip\xc8\v2.36\pic\sources\c99\common\sprcadd.c estimated size: 1286

C:\Program Files\Microchip\xc8\v2.36\pic\sources\c99\common\awdiv.c
		___awdiv       		CODE           	2EB0	0000	196

C:\Program Files\Microchip\xc8\v2.36\pic\sources\c99\common\awdiv.c estimated size: 196

C:\Program Files\Microchip\xc8\v2.36\pic\sources\c99\common\doprnt.c
		_vfpfcnvrt     		CODE           	18FA	0000	1070
		_efgtoa        		CODE           	082A	0000	3088
		_pad           		CODE           	2F74	0000	194
		_vfprintf      		CODE           	3404	0000	98

C:\Program Files\Microchip\xc8\v2.36\pic\sources\c99\common\doprnt.c estimated size: 4450

C:\Program Files\Microchip\xc8\v2.36\pic\sources\c99\common\fltol.c
		___fltol       		CODE           	2A08	0000	262

C:\Program Files\Microchip\xc8\v2.36\pic\sources\c99\common\fltol.c estimated size: 262

shared
		__initialization		CODE           	35C2	0000	68

shared estimated size: 68

C:\Program Files\Microchip\xc8\v2.36\pic\sources\c99\common\flge.c
		___flge        		CODE           	2B0E	0000	260

C:\Program Files\Microchip\xc8\v2.36\pic\sources\c99\common\flge.c estimated size: 260

lcd.c
		_Lcd_Write_String		CODE           	32AC	0000	126
		_Lcd_Init      		CODE           	332A	0000	116
		_Lcd_Write_Char		CODE           	3788	0000	56
		_Lcd_Cmd       		CODE           	381C	0000	32
		_Lcd_Set_Cursor		CODE           	339E	0000	102
		_Lcd_Clear     		CODE           	387A	0000	14
		_Lcd_Port      		CODE           	34C2	0000	92

lcd.c estimated size: 538

main.c
		_main          		CODE           	3190	0000	144
		_InitUltrasonic		CODE           	383C	0000	26
		_Config_Port   		CODE           	3856	0000	20
		_Config_Clock  		CODE           	3888	0000	14
		_ReadUltrasonic		CODE           	3220	0000	140

main.c estimated size: 344

C:\Program Files\Microchip\xc8\v2.36\pic\sources\c99\common\Umul16.c
		___wmul        		CODE           	37F6	0000	38

C:\Program Files\Microchip\xc8\v2.36\pic\sources\c99\common\Umul16.c estimated size: 38

C:\Program Files\Microchip\xc8\v2.36\pic\sources\c99\common\flneg.c
		___flneg       		CODE           	3718	0000	56

C:\Program Files\Microchip\xc8\v2.36\pic\sources\c99\common\flneg.c estimated size: 56

C:\Program Files\Microchip\xc8\v2.36\pic\sources\c99\common\isupper.c
		_isupper       		CODE           	36E0	0000	56

C:\Program Files\Microchip\xc8\v2.36\pic\sources\c99\common\isupper.c estimated size: 56

